core_cm0.h:623:22:__NVIC_EnableIRQ	16	static
core_cm0.h:730:22:__NVIC_SetPriority	24	static
stm32f0xx_ll_gpio.h:284:22:LL_GPIO_SetPinMode	24	static
stm32f0xx_ll_gpio.h:352:22:LL_GPIO_SetPinOutputType	24	static
stm32f0xx_ll_gpio.h:422:22:LL_GPIO_SetPinSpeed	24	static
stm32f0xx_ll_gpio.h:490:22:LL_GPIO_SetPinPull	24	static
stm32f0xx_ll_gpio.h:553:22:LL_GPIO_SetAFPin_0_7	24	static
stm32f0xx_ll_usart.h:573:22:LL_USART_Enable	16	static
stm32f0xx_ll_usart.h:587:22:LL_USART_Disable	16	static
stm32f0xx_ll_usart.h:653:22:LL_USART_EnableDirectionRx	16	static
stm32f0xx_ll_usart.h:2662:26:LL_USART_IsActiveFlag_PE	16	static
stm32f0xx_ll_usart.h:2673:26:LL_USART_IsActiveFlag_FE	16	static
stm32f0xx_ll_usart.h:2684:26:LL_USART_IsActiveFlag_NE	16	static
stm32f0xx_ll_usart.h:2695:26:LL_USART_IsActiveFlag_ORE	16	static
stm32f0xx_ll_usart.h:2717:26:LL_USART_IsActiveFlag_RXNE	16	static
stm32f0xx_ll_usart.h:2728:26:LL_USART_IsActiveFlag_TC	16	static
stm32f0xx_ll_usart.h:2791:26:LL_USART_IsActiveFlag_RTO	16	static
stm32f0xx_ll_usart.h:2902:26:LL_USART_IsActiveFlag_TEACK	16	static
stm32f0xx_ll_usart.h:2925:22:LL_USART_ClearFlag_PE	16	static
stm32f0xx_ll_usart.h:2936:22:LL_USART_ClearFlag_FE	16	static
stm32f0xx_ll_usart.h:2947:22:LL_USART_ClearFlag_NE	16	static
stm32f0xx_ll_usart.h:2958:22:LL_USART_ClearFlag_ORE	16	static
stm32f0xx_ll_usart.h:2980:22:LL_USART_ClearFlag_TC	16	static
stm32f0xx_ll_usart.h:3020:22:LL_USART_ClearFlag_RTO	16	static
stm32f0xx_ll_usart.h:3091:22:LL_USART_EnableIT_RXNE	16	static
stm32f0xx_ll_usart.h:3102:22:LL_USART_EnableIT_TC	16	static
stm32f0xx_ll_usart.h:3191:22:LL_USART_EnableIT_ERROR	16	static
stm32f0xx_ll_usart.h:3253:22:LL_USART_DisableIT_TC	16	static
stm32f0xx_ll_usart.h:3393:26:LL_USART_IsEnabledIT_RXNE	16	static
stm32f0xx_ll_usart.h:3404:26:LL_USART_IsEnabledIT_TC	16	static
stm32f0xx_ll_usart.h:3426:26:LL_USART_IsEnabledIT_PE	16	static
stm32f0xx_ll_usart.h:3448:26:LL_USART_IsEnabledIT_RTO	16	static
stm32f0xx_ll_usart.h:3489:26:LL_USART_IsEnabledIT_ERROR	16	static
stm32f0xx_ll_usart.h:3570:22:LL_USART_EnableDMAReq_TX	16	static
stm32f0xx_ll_usart.h:3640:26:LL_USART_DMA_GetRegAddr	24	static
stm32f0xx_ll_usart.h:3672:25:LL_USART_ReceiveData8	16	static
stm32f0xx_ll_bus.h:243:22:LL_AHB1_GRP1_EnableClock	24	static
stm32f0xx_ll_bus.h:431:22:LL_APB1_GRP1_EnableClock	24	static
stm32f0xx_ll_bus.h:535:22:LL_APB1_GRP1_DisableClock	16	static
stm32f0xx_ll_dma.h:599:22:LL_DMA_EnableChannel	16	static
stm32f0xx_ll_dma.h:618:22:LL_DMA_DisableChannel	16	static
stm32f0xx_ll_dma.h:672:22:LL_DMA_ConfigTransfer	24	static
stm32f0xx_ll_dma.h:722:26:LL_DMA_GetDataTransferDirection	16	static
stm32f0xx_ll_dma.h:1025:22:LL_DMA_SetDataLength	24	static
stm32f0xx_ll_dma.h:1076:22:LL_DMA_ConfigAddresses	24	static
stm32f0xx_ll_dma.h:1513:26:LL_DMA_IsActiveFlag_TC7	16	static
stm32f0xx_ll_dma.h:1756:22:LL_DMA_ClearFlag_GI7	16	static
stm32f0xx_ll_dma.h:2026:22:LL_DMA_EnableIT_TC	16	static
tracer_emb_hw.c:124:6:HW_TRACER_EMB_Init	40	static
tracer_emb_hw.c:276:6:HW_TRACER_EMB_DeInit	8	static
tracer_emb_hw.c:287:6:HW_TRACER_EMB_RegisterRxCallback	16	static
tracer_emb_hw.c:297:6:HW_TRACER_EMB_StartRX	8	static
tracer_emb_hw.c:316:6:HW_TRACER_EMB_IRQHandlerDMA	8	static
tracer_emb_hw.c:330:6:HW_TRACER_EMB_IRQHandlerUSART	24	static
tracer_emb_hw.c:460:6:HW_TRACER_EMB_SendData	32	static
tracer_emb_hw.c:493:9:HW_TRACER_EMB_ReadData	8	static
