stm32f0xx_hal_rcc.c:225:6:HAL_RCC_DeInit	8	static
stm32f0xx_hal_rcc.c:269:19:HAL_RCC_OscConfig	32	static
stm32f0xx_hal_rcc.c:725:19:HAL_RCC_ClockConfig	24	static
stm32f0xx_hal_rcc.c:985:6:HAL_RCC_MCOConfig	48	static
stm32f0xx_hal_rcc.c:1019:6:HAL_RCC_EnableCSS	8	static
stm32f0xx_hal_rcc.c:1028:6:HAL_RCC_DisableCSS	8	static
stm32f0xx_hal_rcc.c:1064:10:HAL_RCC_GetSysClockFreq	72	static
stm32f0xx_hal_rcc.c:1139:10:HAL_RCC_GetHCLKFreq	8	static
stm32f0xx_hal_rcc.c:1150:10:HAL_RCC_GetPCLK1Freq	8	static
stm32f0xx_hal_rcc.c:1163:6:HAL_RCC_GetOscConfig	16	static
stm32f0xx_hal_rcc.c:1265:6:HAL_RCC_GetClockConfig	16	static
stm32f0xx_hal_rcc.c:1291:6:HAL_RCC_NMI_IRQHandler	8	static
stm32f0xx_hal_rcc.c:1308:13:HAL_RCC_CSSCallback	8	static
