stm32f0xx_ll_exti.h:290:22:LL_EXTI_EnableIT_0_31	16	static
stm32f0xx_ll_exti.h:338:22:LL_EXTI_DisableIT_0_31	16	static
stm32f0xx_ll_exti.h:441:22:LL_EXTI_EnableEvent_0_31	16	static
stm32f0xx_ll_exti.h:488:22:LL_EXTI_DisableEvent_0_31	16	static
stm32f0xx_ll_exti.h:588:22:LL_EXTI_EnableRisingTrig_0_31	16	static
stm32f0xx_ll_exti.h:634:22:LL_EXTI_DisableRisingTrig_0_31	16	static
stm32f0xx_ll_exti.h:726:22:LL_EXTI_EnableFallingTrig_0_31	16	static
stm32f0xx_ll_exti.h:770:22:LL_EXTI_DisableFallingTrig_0_31	16	static
stm32f0xx_ll_exti.c:96:10:LL_EXTI_DeInit	8	static
stm32f0xx_ll_exti.c:129:10:LL_EXTI_Init	24	static
stm32f0xx_ll_exti.c:210:6:LL_EXTI_StructInit	16	static
