stm32f0xx_ll_rcc.h:705:22:LL_RCC_HSE_EnableBypass	8	static
stm32f0xx_ll_rcc.h:715:22:LL_RCC_HSE_DisableBypass	8	static
stm32f0xx_ll_rcc.h:725:22:LL_RCC_HSE_Enable	8	static
stm32f0xx_ll_rcc.h:745:26:LL_RCC_HSE_IsReady	8	static
stm32f0xx_ll_rcc.h:763:22:LL_RCC_HSI_Enable	8	static
stm32f0xx_ll_rcc.h:783:26:LL_RCC_HSI_IsReady	8	static
stm32f0xx_ll_rcc.h:838:22:LL_RCC_HSI48_Enable	8	static
stm32f0xx_ll_rcc.h:858:26:LL_RCC_HSI48_IsReady	8	static
stm32f0xx_ll_rcc.h:1115:22:LL_RCC_SetSysClkSource	16	static
stm32f0xx_ll_rcc.h:1131:26:LL_RCC_GetSysClkSource	8	static
stm32f0xx_ll_rcc.h:1151:22:LL_RCC_SetAHBPrescaler	16	static
stm32f0xx_ll_rcc.h:1167:22:LL_RCC_SetAPB1Prescaler	16	static
stm32f0xx_ll_rcc.h:1186:26:LL_RCC_GetAHBPrescaler	8	static
stm32f0xx_ll_rcc.h:1522:22:LL_RCC_PLL_Enable	8	static
stm32f0xx_ll_rcc.h:1543:26:LL_RCC_PLL_IsReady	8	static
stm32f0xx_ll_rcc.h:1595:22:LL_RCC_PLL_ConfigDomain_SYS	24	static
stm32f0xx_ll_utils.h:235:22:LL_InitTick	16	static
stm32f0xx_ll_system.h:1795:22:LL_FLASH_SetLatency	16	static
stm32f0xx_ll_system.h:1807:26:LL_FLASH_GetLatency	8	static
stm32f0xx_ll_utils.c:160:6:LL_Init1msTick	16	static
stm32f0xx_ll_utils.c:176:6:LL_mDelay	24	static
stm32f0xx_ll_utils.c:232:6:LL_SetSystemCoreClock	16	static
stm32f0xx_ll_utils.c:255:13:LL_PLL_ConfigSystemClock_HSI	32	static
stm32f0xx_ll_utils.c:319:13:LL_PLL_ConfigSystemClock_HSI48	32	static
stm32f0xx_ll_utils.c:380:13:LL_PLL_ConfigSystemClock_HSE	40	static
stm32f0xx_ll_utils.c:463:20:UTILS_SetFlashLatency	24	static
stm32f0xx_ll_utils.c:503:17:UTILS_GetPLLOutputFrequency	24	static
stm32f0xx_ll_utils.c:529:20:UTILS_PLL_IsBusy	16	static
stm32f0xx_ll_utils.c:552:20:UTILS_EnablePLLAndSwitchSystem	32	static
