stm32f0xx_ll_rcc.h:715:22:LL_RCC_HSE_DisableBypass	8	static
stm32f0xx_ll_rcc.h:763:22:LL_RCC_HSI_Enable	8	static
stm32f0xx_ll_rcc.h:783:26:LL_RCC_HSI_IsReady	8	static
stm32f0xx_ll_rcc.h:809:22:LL_RCC_HSI_SetCalibTrimming	16	static
stm32f0xx_ll_rcc.h:848:22:LL_RCC_HSI48_Disable	8	static
stm32f0xx_ll_rcc.h:858:26:LL_RCC_HSI48_IsReady	8	static
stm32f0xx_ll_rcc.h:898:22:LL_RCC_HSI14_Disable	8	static
stm32f0xx_ll_rcc.h:918:22:LL_RCC_HSI14_EnableADCControl	8	static
stm32f0xx_ll_rcc.h:942:22:LL_RCC_HSI14_SetCalibTrimming	16	static
stm32f0xx_ll_rcc.h:1052:26:LL_RCC_LSE_IsReady	8	static
stm32f0xx_ll_rcc.h:1131:26:LL_RCC_GetSysClkSource	8	static
stm32f0xx_ll_rcc.h:1186:26:LL_RCC_GetAHBPrescaler	8	static
stm32f0xx_ll_rcc.h:1201:26:LL_RCC_GetAPB1Prescaler	8	static
stm32f0xx_ll_rcc.h:1366:26:LL_RCC_GetUSARTClockSource	16	static
stm32f0xx_ll_rcc.h:1380:26:LL_RCC_GetI2CClockSource	16	static
stm32f0xx_ll_rcc.h:1395:26:LL_RCC_GetCECClockSource	16	static
stm32f0xx_ll_rcc.h:1414:26:LL_RCC_GetUSBClockSource	16	static
stm32f0xx_ll_rcc.h:1543:26:LL_RCC_PLL_IsReady	8	static
stm32f0xx_ll_rcc.h:1662:26:LL_RCC_PLL_GetMainSource	8	static
stm32f0xx_ll_rcc.h:1687:26:LL_RCC_PLL_GetMultiplicator	8	static
stm32f0xx_ll_rcc.h:1714:26:LL_RCC_PLL_GetPrediv	8	static
stm32f0xx_ll_rcc.c:127:13:LL_RCC_DeInit	16	static
stm32f0xx_ll_rcc.c:217:6:LL_RCC_GetSystemClocksFreq	16	static
stm32f0xx_ll_rcc.c:240:10:LL_RCC_GetUSARTClockFreq	24	static
stm32f0xx_ll_rcc.c:352:10:LL_RCC_GetI2CClockFreq	24	static
stm32f0xx_ll_rcc.c:390:10:LL_RCC_GetUSBClockFreq	24	static
stm32f0xx_ll_rcc.c:435:10:LL_RCC_GetCECClockFreq	24	static
stm32f0xx_ll_rcc.c:481:10:RCC_GetSystemClockFreq	16	static
stm32f0xx_ll_rcc.c:513:10:RCC_GetHCLKClockFreq	16	static
stm32f0xx_ll_rcc.c:524:10:RCC_GetPCLK1ClockFreq	16	static
stm32f0xx_ll_rcc.c:533:10:RCC_PLL_GetFreqDomain_SYS	24	static
