stm32f0xx_hal.c:155:19:HAL_Init	8	static
stm32f0xx_hal.c:179:19:HAL_DeInit	8	static
stm32f0xx_hal.c:202:13:HAL_MspInit	8	static
stm32f0xx_hal.c:213:13:HAL_MspDeInit	8	static
stm32f0xx_hal.c:236:26:HAL_InitTick	16	static
stm32f0xx_hal.c:284:13:HAL_IncTick	8	static
stm32f0xx_hal.c:295:17:HAL_GetTick	8	static
stm32f0xx_hal.c:311:13:HAL_Delay	24	static
stm32f0xx_hal.c:337:13:HAL_SuspendTick	8	static
stm32f0xx_hal.c:354:13:HAL_ResumeTick	8	static
stm32f0xx_hal.c:364:10:HAL_GetHalVersion	8	static
stm32f0xx_hal.c:373:10:HAL_GetREVID	8	static
stm32f0xx_hal.c:382:10:HAL_GetDEVID	8	static
stm32f0xx_hal.c:391:10:HAL_GetUIDw0	8	static
stm32f0xx_hal.c:400:10:HAL_GetUIDw1	8	static
stm32f0xx_hal.c:409:10:HAL_GetUIDw2	8	static
stm32f0xx_hal.c:418:6:HAL_DBGMCU_EnableDBGStopMode	8	static
stm32f0xx_hal.c:427:6:HAL_DBGMCU_DisableDBGStopMode	8	static
stm32f0xx_hal.c:436:6:HAL_DBGMCU_EnableDBGStandbyMode	8	static
stm32f0xx_hal.c:445:6:HAL_DBGMCU_DisableDBGStandbyMode	8	static
