stm32f0xx_ll_system.h:1795:22:LL_FLASH_SetLatency	16	static
stm32f0xx_ll_rcc.h:838:22:LL_RCC_HSI48_Enable	8	static
stm32f0xx_ll_rcc.h:858:26:LL_RCC_HSI48_IsReady	8	static
stm32f0xx_ll_rcc.h:1115:22:LL_RCC_SetSysClkSource	16	static
stm32f0xx_ll_rcc.h:1131:26:LL_RCC_GetSysClkSource	8	static
stm32f0xx_ll_rcc.h:1151:22:LL_RCC_SetAHBPrescaler	16	static
stm32f0xx_ll_rcc.h:1167:22:LL_RCC_SetAPB1Prescaler	16	static
stm32f0xx_ll_rcc.h:1522:22:LL_RCC_PLL_Enable	8	static
stm32f0xx_ll_rcc.h:1543:26:LL_RCC_PLL_IsReady	8	static
stm32f0xx_ll_rcc.h:1595:22:LL_RCC_PLL_ConfigDomain_SYS	24	static
stm32f0xx_ll_cortex.h:153:22:LL_SYSTICK_EnableIT	8	static
main.c:66:5:main	8	static
main.c:138:6:SystemClock_Config	8	static
