gui_api.c:590:23:GUI_Init	72	static,ignoring_inline_asm
gui_api.c:652:6:GUI_Start	8	static
gui_api.c:665:13:TaskGUI	56	static
gui_api.c:765:17:CheckGUITimers	24	static
gui_api.c:787:6:GUI_TimerCounter	8	static
gui_api.c:814:6:GUI_CALLBACK_RX	24	static,ignoring_inline_asm
gui_api.c:840:10:GUI_RXProcess	40	static
gui_api.c:896:10:GUI_FormatAndSendNotification	48	static
gui_api.c:915:10:GUI_GetMessage	24	static
gui_api.c:1032:17:GUI_SendAnswer	32	static
gui_api.c:1140:17:GUI_SendNotification	184	static
gui_api.c:1460:6:GUI_PostNotificationMessage	32	static
gui_api.c:1491:23:GUI_IsRunning	8	static
gui_api.c:1504:6:GUI_SaveInfo	72	static
gui_api.c:1671:13:Send_DpmInitCnf	88	static
gui_api.c:1796:13:Request_MessageReq	96	static
gui_api.c:2220:13:Send_DpmConfigSetCnf	368	static
gui_api.c:2485:13:Send_DpmConfigGetCnf	96	static
gui_api.c:2848:13:Send_DpmConfigGetRej	40	static
gui_api.c:2856:13:Send_DpmMessageRej	40	static
gui_api.c:2864:13:Send_DpmRegisterReadCnf	80	static
gui_api.c:3024:13:Send_DpmRegisterWriteCnf	64	static
gui_api.c:3176:28:Manage_FreeText	24	static
gui_api.c:3186:6:TRACER_EMB_WakeUpProcess	8	static
gui_api.c:3196:13:UpdateSNKPowerPort0	40	static
