usbpd_dpm_core.c:321:21:USBPD_DPM_InitCore	40	static
usbpd_dpm_core.c:532:21:USBPD_DPM_InitOS	16	static
usbpd_dpm_core.c:608:6:USBPD_DPM_Run	8	static
usbpd_dpm_core.c:841:6:USBPD_DPM_TimerCounter	8	static
usbpd_dpm_core.c:883:13:USBPD_PE_TaskWakeUp	16	static
usbpd_dpm_core.c:936:6:USBPD_PE_Task	48	static
usbpd_dpm_core.c:1051:6:USBPD_ALERT_Task	56	static
usbpd_dpm_core.c:1114:6:USBPD_TRACE_TX_Task	40	static
usbpd_dpm_core.c:1137:6:USBPD_DPM_TraceWakeUp	8	static
usbpd_dpm_core.c:1201:6:USBPD_DPM_CADCallback	24	static
usbpd_dpm_core.c:1267:13:DPM_ManageAttachedState	24	static
