Component: ARM Compiler 5.06 update 6 (build 750) Tool: armlink [4d35ed]

==============================================================================

Section Cross References

    stm32f0xx_nucleo.o(i.BSP_LED_DeInit) refers to stm32f0xx_hal_gpio.o(i.HAL_GPIO_WritePin) for HAL_GPIO_WritePin
    stm32f0xx_nucleo.o(i.BSP_LED_DeInit) refers to stm32f0xx_hal_gpio.o(i.HAL_GPIO_DeInit) for HAL_GPIO_DeInit
    stm32f0xx_nucleo.o(i.BSP_LED_DeInit) refers to stm32f0xx_nucleo.o(.constdata) for .constdata
    stm32f0xx_nucleo.o(i.BSP_LED_DeInit) refers to stm32f0xx_nucleo.o(.data) for .data
    stm32f0xx_nucleo.o(i.BSP_LED_Init) refers to stm32f0xx_hal_gpio.o(i.HAL_GPIO_Init) for HAL_GPIO_Init
    stm32f0xx_nucleo.o(i.BSP_LED_Init) refers to stm32f0xx_nucleo.o(.constdata) for .constdata
    stm32f0xx_nucleo.o(i.BSP_LED_Init) refers to stm32f0xx_nucleo.o(.data) for .data
    stm32f0xx_nucleo.o(i.BSP_LED_Off) refers to stm32f0xx_hal_gpio.o(i.HAL_GPIO_WritePin) for HAL_GPIO_WritePin
    stm32f0xx_nucleo.o(i.BSP_LED_Off) refers to stm32f0xx_nucleo.o(.constdata) for .constdata
    stm32f0xx_nucleo.o(i.BSP_LED_Off) refers to stm32f0xx_nucleo.o(.data) for .data
    stm32f0xx_nucleo.o(i.BSP_LED_On) refers to stm32f0xx_hal_gpio.o(i.HAL_GPIO_WritePin) for HAL_GPIO_WritePin
    stm32f0xx_nucleo.o(i.BSP_LED_On) refers to stm32f0xx_nucleo.o(.constdata) for .constdata
    stm32f0xx_nucleo.o(i.BSP_LED_On) refers to stm32f0xx_nucleo.o(.data) for .data
    stm32f0xx_nucleo.o(i.BSP_LED_Toggle) refers to stm32f0xx_hal_gpio.o(i.HAL_GPIO_TogglePin) for HAL_GPIO_TogglePin
    stm32f0xx_nucleo.o(i.BSP_LED_Toggle) refers to stm32f0xx_nucleo.o(.constdata) for .constdata
    stm32f0xx_nucleo.o(i.BSP_LED_Toggle) refers to stm32f0xx_nucleo.o(.data) for .data
    stm32f0xx_nucleo.o(i.BSP_PB_DeInit) refers to stm32f0xx_hal_cortex.o(i.HAL_NVIC_DisableIRQ) for HAL_NVIC_DisableIRQ
    stm32f0xx_nucleo.o(i.BSP_PB_DeInit) refers to stm32f0xx_hal_gpio.o(i.HAL_GPIO_DeInit) for HAL_GPIO_DeInit
    stm32f0xx_nucleo.o(i.BSP_PB_DeInit) refers to stm32f0xx_nucleo.o(.constdata) for .constdata
    stm32f0xx_nucleo.o(i.BSP_PB_DeInit) refers to stm32f0xx_nucleo.o(.data) for .data
    stm32f0xx_nucleo.o(i.BSP_PB_GetState) refers to stm32f0xx_hal_gpio.o(i.HAL_GPIO_ReadPin) for HAL_GPIO_ReadPin
    stm32f0xx_nucleo.o(i.BSP_PB_GetState) refers to stm32f0xx_nucleo.o(.constdata) for .constdata
    stm32f0xx_nucleo.o(i.BSP_PB_GetState) refers to stm32f0xx_nucleo.o(.data) for .data
    stm32f0xx_nucleo.o(i.BSP_PB_Init) refers to stm32f0xx_hal_gpio.o(i.HAL_GPIO_Init) for HAL_GPIO_Init
    stm32f0xx_nucleo.o(i.BSP_PB_Init) refers to stm32f0xx_hal_cortex.o(i.HAL_NVIC_SetPriority) for HAL_NVIC_SetPriority
    stm32f0xx_nucleo.o(i.BSP_PB_Init) refers to stm32f0xx_hal_cortex.o(i.HAL_NVIC_EnableIRQ) for HAL_NVIC_EnableIRQ
    stm32f0xx_nucleo.o(i.BSP_PB_Init) refers to stm32f0xx_nucleo.o(.constdata) for .constdata
    stm32f0xx_nucleo.o(i.BSP_PB_Init) refers to stm32f0xx_nucleo.o(.data) for .data
    usbpd_tcpci.o(i.BSP_GetHWBoardVersionName) refers to usbpd_tcpci.o(.constdata) for .constdata
    usbpd_tcpci.o(i.BSP_GetPDTypeName) refers to usbpd_tcpci.o(.constdata) for .constdata
    usbpd_tcpci.o(i.HAL_I2C_MspDeInit) refers to stm32f0xx_hal_gpio.o(i.HAL_GPIO_DeInit) for HAL_GPIO_DeInit
    usbpd_tcpci.o(i.HAL_I2C_MspInit) refers to stm32f0xx_hal_gpio.o(i.HAL_GPIO_Init) for HAL_GPIO_Init
    usbpd_tcpci.o(i.HW_IF_PWR_Enable) refers to usbpd_trace.o(i.USBPD_TRACE_Add) for USBPD_TRACE_Add
    usbpd_tcpci.o(i.HW_IF_PWR_Enable) refers to usbpd_tcpm.o(i.USBPD_TCPM_set_vconn) for USBPD_TCPM_set_vconn
    usbpd_tcpci.o(i.HW_IF_PWR_Enable) refers to usbpd_tcpm.o(i.USBPD_TCPM_VBUS_Enable) for USBPD_TCPM_VBUS_Enable
    usbpd_tcpci.o(i.HW_IF_PWR_Enable) refers to usbpd_tcpm.o(i.USBPD_TCPM_VBUS_Disable) for USBPD_TCPM_VBUS_Disable
    usbpd_tcpci.o(i.HW_IF_PWR_GetVoltage) refers to usbpd_tcpm.o(i.USBPD_TCPM_VBUS_GetVoltage) for USBPD_TCPM_VBUS_GetVoltage
    usbpd_tcpci.o(i.HW_IF_PWR_VBUSIsEnabled) refers to usbpd_tcpm.o(i.USBPD_TCPM_VBUS_IsVsafe5V) for USBPD_TCPM_VBUS_IsVsafe5V
    usbpd_tcpci.o(i.USBPD_TCPCI_DeInit) refers to stm32f0xx_hal_i2c.o(i.HAL_I2C_DeInit) for HAL_I2C_DeInit
    usbpd_tcpci.o(i.USBPD_TCPCI_DeInit) refers to cmsis_os.o(i.osSemaphoreDelete) for osSemaphoreDelete
    usbpd_tcpci.o(i.USBPD_TCPCI_DeInit) refers to usbpd_tcpci.o(.data) for .data
    usbpd_tcpci.o(i.USBPD_TCPCI_DeInit) refers to usbpd_tcpci.o(.bss) for .bss
    usbpd_tcpci.o(i.USBPD_TCPCI_Delay) refers to stm32f0xx_hal.o(i.HAL_Delay) for HAL_Delay
    usbpd_tcpci.o(i.USBPD_TCPCI_GetDevicesDrivers) refers to usbpd_tcpci.o(.data) for .data
    usbpd_tcpci.o(i.USBPD_TCPCI_Init) refers to stm32f0xx_hal_i2c.o(i.HAL_I2C_Init) for HAL_I2C_Init
    usbpd_tcpci.o(i.USBPD_TCPCI_Init) refers to stm32f0xx_hal_i2c_ex.o(i.HAL_I2CEx_ConfigAnalogFilter) for HAL_I2CEx_ConfigAnalogFilter
    usbpd_tcpci.o(i.USBPD_TCPCI_Init) refers to cmsis_os.o(i.osSemaphoreCreate) for osSemaphoreCreate
[...]
    USBPD_DPM_UserCableDetection             0x08007989   Thumb Code   170  usbpd_dpm_user.o(i.USBPD_DPM_UserCableDetection)
    USBPD_DPM_UserExecute                    0x08007a45   Thumb Code    68  usbpd_dpm_user.o(i.USBPD_DPM_UserExecute)
    USBPD_DPM_UserInit                       0x08007a8d   Thumb Code    60  usbpd_dpm_user.o(i.USBPD_DPM_UserInit)
    USBPD_DPM_UserTimerCounter               0x08007ad1   Thumb Code    24  usbpd_dpm_user.o(i.USBPD_DPM_UserTimerCounter)
    USBPD_DPM_WaitForTime                    0x08007aed   Thumb Code     8  usbpd_dpm_user.o(i.USBPD_DPM_WaitForTime)
    USBPD_PE_CheckLIB                        0x08007af5   Thumb Code    14  usbpd_pe.o(i.USBPD_PE_CheckLIB)
    USBPD_PE_GetMemoryConsumption            0x08007b09   Thumb Code    14  usbpd_pe.o(i.USBPD_PE_GetMemoryConsumption)
    USBPD_PE_Init                            0x08007b19   Thumb Code   192  usbpd_pe.o(i.USBPD_PE_Init)
    USBPD_PE_InitVDM_Callback                0x08007be1   Thumb Code    10  usbpd_pe.o(i.USBPD_PE_InitVDM_Callback)
    USBPD_PE_IsCableConnected                0x08007bf1   Thumb Code    52  usbpd_pe.o(i.USBPD_PE_IsCableConnected)
    USBPD_PE_Request_CableReset              0x08007c29   Thumb Code    50  usbpd_pe.o(i.USBPD_PE_Request_CableReset)
    USBPD_PE_Request_CtrlMessage             0x08007c61   Thumb Code   468  usbpd_pe.o(i.USBPD_PE_Request_CtrlMessage)
    USBPD_PE_Request_DataMessage             0x08007e39   Thumb Code   144  usbpd_pe.o(i.USBPD_PE_Request_DataMessage)
    USBPD_PE_Request_HardReset               0x08007ecd   Thumb Code    28  usbpd_pe.o(i.USBPD_PE_Request_HardReset)
    USBPD_PE_SVDM_RequestIdentity            0x08007eed   Thumb Code   100  usbpd_pe.o(i.USBPD_PE_SVDM_RequestIdentity)
    USBPD_PE_SVDM_RequestMode                0x08007f55   Thumb Code    96  usbpd_pe.o(i.USBPD_PE_SVDM_RequestMode)
    USBPD_PE_SVDM_RequestModeEnter           0x08007fb9   Thumb Code   116  usbpd_pe.o(i.USBPD_PE_SVDM_RequestModeEnter)
    USBPD_PE_SVDM_RequestModeExit            0x08008031   Thumb Code   116  usbpd_pe.o(i.USBPD_PE_SVDM_RequestModeExit)
    USBPD_PE_SVDM_RequestSVID                0x080080a9   Thumb Code    88  usbpd_pe.o(i.USBPD_PE_SVDM_RequestSVID)
    USBPD_PE_SendExtendedMessage             0x08008105   Thumb Code   214  usbpd_pe.o(i.USBPD_PE_SendExtendedMessage)
    USBPD_PE_Send_Request                    0x080081e1   Thumb Code    82  usbpd_pe.o(i.USBPD_PE_Send_Request)
    USBPD_PE_SetTrace                        0x08008239   Thumb Code    14  usbpd_pe.o(i.USBPD_PE_SetTrace)
    USBPD_PE_StateMachine_DRP                0x08008251   Thumb Code    28  usbpd_pe.o(i.USBPD_PE_StateMachine_DRP)
    USBPD_PE_StateMachine_SNK                0x08008271   Thumb Code  4138  usbpd_pe.o(i.USBPD_PE_StateMachine_SNK)
    USBPD_PE_StateMachine_SRC                0x080092ad   Thumb Code  4118  usbpd_pe.o(i.USBPD_PE_StateMachine_SRC)
    USBPD_PE_Task                            0x0800a2dd   Thumb Code    62  usbpd_dpm_core.o(i.USBPD_PE_Task)
    USBPD_PE_TimerCounter                    0x0800a33d   Thumb Code   104  usbpd_pe.o(i.USBPD_PE_TimerCounter)
    USBPD_PHY_DisableRX                      0x0800a3a9   Thumb Code    18  usbpd_tcpm.o(i.USBPD_PHY_DisableRX)
    USBPD_PHY_EnableRX                       0x0800a3c1   Thumb Code    18  usbpd_tcpm.o(i.USBPD_PHY_EnableRX)
    USBPD_PHY_Init                           0x0800a3d9   Thumb Code    66  usbpd_tcpm.o(i.USBPD_PHY_Init)
    USBPD_PHY_IsResistor_SinkTxOk            0x0800a421   Thumb Code    24  usbpd_tcpm.o(i.USBPD_PHY_IsResistor_SinkTxOk)
    USBPD_PHY_Reset                          0x0800a43d   Thumb Code     2  usbpd_tcpm.o(i.USBPD_PHY_Reset)
    USBPD_PHY_ResetRequest                   0x0800a441   Thumb Code    30  usbpd_tcpm.o(i.USBPD_PHY_ResetRequest)
    USBPD_PHY_SOPSupported                   0x0800a465   Thumb Code    20  usbpd_tcpm.o(i.USBPD_PHY_SOPSupported)
    USBPD_PHY_Send_BIST_Pattern              0x0800a47d   Thumb Code    32  usbpd_tcpm.o(i.USBPD_PHY_Send_BIST_Pattern)
    USBPD_PHY_SetResistor_SinkTxNG           0x0800a4a1   Thumb Code    18  usbpd_tcpm.o(i.USBPD_PHY_SetResistor_SinkTxNG)
    USBPD_PHY_SetResistor_SinkTxOK           0x0800a4b9   Thumb Code    18  usbpd_tcpm.o(i.USBPD_PHY_SetResistor_SinkTxOK)
    USBPD_PRL_CBL_SetHeaderSpecification     0x0800a4d1   Thumb Code    34  usbpd_prl.o(i.USBPD_PRL_CBL_SetHeaderSpecification)
    USBPD_PRL_DisableRX                      0x0800a4f9   Thumb Code    20  usbpd_prl.o(i.USBPD_PRL_DisableRX)
    USBPD_PRL_EnableRX                       0x0800a511   Thumb Code    20  usbpd_prl.o(i.USBPD_PRL_EnableRX)
    USBPD_PRL_GetMemoryConsumption           0x0800a529   Thumb Code     6  usbpd_prl.o(i.USBPD_PRL_GetMemoryConsumption)
    USBPD_PRL_Init                           0x0800a531   Thumb Code   144  usbpd_prl.o(i.USBPD_PRL_Init)
    USBPD_PRL_IsResistor_SinkTxOK            0x0800a5c9   Thumb Code     8  usbpd_prl.o(i.USBPD_PRL_IsResistor_SinkTxOK)
    USBPD_PRL_PowerSinkReset                 0x0800a5d1   Thumb Code     8  usbpd_prl.o(i.USBPD_PRL_PowerSinkReset)
    USBPD_PRL_PrepareChunkRequest            0x0800a5d9   Thumb Code    94  usbpd_prl.o(i.USBPD_PRL_PrepareChunkRequest)
    USBPD_PRL_PrepareExtendedTxChunkSending  0x0800a63d   Thumb Code    78  usbpd_prl.o(i.USBPD_PRL_PrepareExtendedTxChunkSending)
    USBPD_PRL_Reset                          0x0800a691   Thumb Code    84  usbpd_prl.o(i.USBPD_PRL_Reset)
    USBPD_PRL_ResetRequestProcess            0x0800a6e9   Thumb Code   158  usbpd_prl.o(i.USBPD_PRL_ResetRequestProcess)
    USBPD_PRL_ResetRequestReset              0x0800a791   Thumb Code    12  usbpd_prl.o(i.USBPD_PRL_ResetRequestReset)
    USBPD_PRL_SOPCapability                  0x0800a7a1   Thumb Code     8  usbpd_prl.o(i.USBPD_PRL_SOPCapability)
    USBPD_PRL_SRCReleaseSinkNG               0x0800a7a9   Thumb Code    20  usbpd_prl.o(i.USBPD_PRL_SRCReleaseSinkNG)
    USBPD_PRL_SRCSetSinkNG                   0x0800a7c1   Thumb Code     8  usbpd_prl.o(i.USBPD_PRL_SRCSetSinkNG)
    USBPD_PRL_SendMessage                    0x0800a7c9   Thumb Code   460  usbpd_prl.o(i.USBPD_PRL_SendMessage)
    USBPD_PRL_SetHeader                      0x0800a9a1   Thumb Code    62  usbpd_prl.o(i.USBPD_PRL_SetHeader)
    USBPD_PRL_SetHeaderDataRole              0x0800a9e5   Thumb Code    40  usbpd_prl.o(i.USBPD_PRL_SetHeaderDataRole)
    USBPD_PRL_SetHeaderPowerRole             0x0800aa11   Thumb Code    38  usbpd_prl.o(i.USBPD_PRL_SetHeaderPowerRole)
    USBPD_PRL_SetHeaderSpecification         0x0800aa3d   Thumb Code    40  usbpd_prl.o(i.USBPD_PRL_SetHeaderSpecification)
    USBPD_PRL_TimerCounter                   0x0800aa69   Thumb Code    30  usbpd_prl.o(i.USBPD_PRL_TimerCounter)
    USBPD_PWR_IF_CheckUpdateSNKPower         0x0800aa8d   Thumb Code   196  usbpd_pwr_if.o(i.USBPD_PWR_IF_CheckUpdateSNKPower)
    USBPD_PWR_IF_Disable_VConn               0x0800ab5d   Thumb Code    48  usbpd_pwr_if.o(i.USBPD_PWR_IF_Disable_VConn)
    USBPD_PWR_IF_Enable_VConn                0x0800ab9d   Thumb Code    48  usbpd_pwr_if.o(i.USBPD_PWR_IF_Enable_VConn)
    USBPD_PWR_IF_GetPortPDOs                 0x0800abdd   Thumb Code   128  usbpd_pwr_if.o(i.USBPD_PWR_IF_GetPortPDOs)
    USBPD_PWR_IF_Init                        0x0800ac65   Thumb Code    38  usbpd_pwr_if.o(i.USBPD_PWR_IF_Init)
    USBPD_PWR_IF_SearchRequestedPDO          0x0800ac95   Thumb Code    38  usbpd_pwr_if.o(i.USBPD_PWR_IF_SearchRequestedPDO)
    USBPD_PWR_IF_SetProfile                  0x0800acc1   Thumb Code    90  usbpd_pwr_if.o(i.USBPD_PWR_IF_SetProfile)
    USBPD_PWR_IF_SupplyReady                 0x0800ad29   Thumb Code    26  usbpd_pwr_if.o(i.USBPD_PWR_IF_SupplyReady)
    USBPD_PWR_IF_VBUSDisable                 0x0800ad45   Thumb Code    64  usbpd_pwr_if.o(i.USBPD_PWR_IF_VBUSDisable)
    USBPD_PWR_IF_VBUSEnable                  0x0800ad95   Thumb Code    98  usbpd_pwr_if.o(i.USBPD_PWR_IF_VBUSEnable)
    USBPD_PWR_IF_VBUSIsEnabled               0x0800ae15   Thumb Code    16  usbpd_pwr_if.o(i.USBPD_PWR_IF_VBUSIsEnabled)
    USBPD_TCPCI_Delay                        0x0800ae25   Thumb Code     8  usbpd_tcpci.o(i.USBPD_TCPCI_Delay)
    USBPD_TCPCI_GetDevicesDrivers            0x0800ae2d   Thumb Code    12  usbpd_tcpci.o(i.USBPD_TCPCI_GetDevicesDrivers)
    USBPD_TCPCI_Init                         0x0800ae3d   Thumb Code   116  usbpd_tcpci.o(i.USBPD_TCPCI_Init)
    USBPD_TCPCI_ReadRegister                 0x0800aec5   Thumb Code    64  usbpd_tcpci.o(i.USBPD_TCPCI_ReadRegister)
    USBPD_TCPCI_ReceiveBuffer                0x0800af0d   Thumb Code   132  usbpd_tcpci.o(i.USBPD_TCPCI_ReceiveBuffer)
    USBPD_TCPCI_SendTransmitBuffer           0x0800af99   Thumb Code   128  usbpd_tcpci.o(i.USBPD_TCPCI_SendTransmitBuffer)
    USBPD_TCPCI_WriteRegister                0x0800b021   Thumb Code    64  usbpd_tcpci.o(i.USBPD_TCPCI_WriteRegister)
    USBPD_TCPI_AlertInit                     0x0800b069   Thumb Code    64  usbpd_tcpci.o(i.USBPD_TCPI_AlertInit)
    USBPD_TCPM_HWInit                        0x0800b0b1   Thumb Code   182  usbpd_tcpm.o(i.USBPD_TCPM_HWInit)
    USBPD_TCPM_Send_BIST_Pattern             0x0800b195   Thumb Code    34  usbpd_tcpm.o(i.USBPD_TCPM_Send_BIST_Pattern)
    USBPD_TCPM_VBUS_Disable                  0x0800b1bd   Thumb Code    14  usbpd_tcpm.o(i.USBPD_TCPM_VBUS_Disable)
    USBPD_TCPM_VBUS_Enable                   0x0800b1d1   Thumb Code    14  usbpd_tcpm.o(i.USBPD_TCPM_VBUS_Enable)
    USBPD_TCPM_VBUS_GetVoltage               0x0800b1e5   Thumb Code    40  usbpd_tcpm.o(i.USBPD_TCPM_VBUS_GetVoltage)
    USBPD_TCPM_VBUS_IsVsafe0V                0x0800b211   Thumb Code    46  usbpd_tcpm.o(i.USBPD_TCPM_VBUS_IsVsafe0V)
    USBPD_TCPM_VBUS_IsVsafe5V                0x0800b245   Thumb Code    42  usbpd_tcpm.o(i.USBPD_TCPM_VBUS_IsVsafe5V)
    USBPD_TCPM_alert                         0x0800b275   Thumb Code   694  usbpd_tcpm.o(i.USBPD_TCPM_alert)
    USBPD_TCPM_get_cc                        0x0800b531   Thumb Code    16  usbpd_tcpm.o(i.USBPD_TCPM_get_cc)
    USBPD_TCPM_get_message                   0x0800b545   Thumb Code    16  usbpd_tcpm.o(i.USBPD_TCPM_get_message)
    USBPD_TCPM_set_cc                        0x0800b559   Thumb Code    16  usbpd_tcpm.o(i.USBPD_TCPM_set_cc)
    USBPD_TCPM_set_msg_header                0x0800b56d   Thumb Code    18  usbpd_tcpm.o(i.USBPD_TCPM_set_msg_header)
    USBPD_TCPM_set_polarity                  0x0800b585   Thumb Code    14  usbpd_tcpm.o(i.USBPD_TCPM_set_polarity)
    USBPD_TCPM_set_rx_state                  0x0800b599   Thumb Code    20  usbpd_tcpm.o(i.USBPD_TCPM_set_rx_state)
    USBPD_TCPM_set_vconn                     0x0800b5b1   Thumb Code    12  usbpd_tcpm.o(i.USBPD_TCPM_set_vconn)
    USBPD_TCPM_transmit                      0x0800b5c1   Thumb Code    54  usbpd_tcpm.o(i.USBPD_TCPM_transmit)
    USBPD_TRACE_Add                          0x0800b5fd   Thumb Code   280  usbpd_trace.o(i.USBPD_TRACE_Add)
    USBPD_TRACE_Init                         0x0800b715   Thumb Code    16  usbpd_trace.o(i.USBPD_TRACE_Init)
    USBPD_TRACE_TX_Process                   0x0800b729   Thumb Code     8  usbpd_trace.o(i.USBPD_TRACE_TX_Process)
    USBPD_TRACE_TX_Task                      0x0800b731   Thumb Code    20  usbpd_dpm_core.o(i.USBPD_TRACE_TX_Task)
    USBPD_VDM_UserInit                       0x0800b7b9   Thumb Code    12  usbpd_vdm_user.o(i.USBPD_VDM_UserInit)
    _PWR_CheckPDOContent                     0x0800b885   Thumb Code    78  usbpd_pwr_if.o(i._PWR_CheckPDOContent)
    __0sprintf$8                             0x0800b8e1   Thumb Code    36  printf8.o(i.__0sprintf$8)
    __1sprintf$8                             0x0800b8e1   Thumb Code     0  printf8.o(i.__0sprintf$8)
    __2sprintf                               0x0800b8e1   Thumb Code     0  printf8.o(i.__0sprintf$8)
    __ARM_common_switch8                     0x0800b909   Thumb Code    26  cmsis_os.o(i.__ARM_common_switch8)
    __scatterload_copy                       0x0800b9c5   Thumb Code    14  handlers.o(i.__scatterload_copy)
    __scatterload_null                       0x0800b9d3   Thumb Code     2  handlers.o(i.__scatterload_null)
    __scatterload_zeroinit                   0x0800b9d5   Thumb Code    14  handlers.o(i.__scatterload_zeroinit)
    fusb305_tcpc_DisableRx                   0x0800be65   Thumb Code    66  fusb305.o(i.fusb305_tcpc_DisableRx)
    fusb305_tcpc_EnableRx                    0x0800bebd   Thumb Code    32  fusb305.o(i.fusb305_tcpc_EnableRx)
    fusb305_tcpc_IfSinkTxOk                  0x0800bee1   Thumb Code     4  fusb305.o(i.fusb305_tcpc_IfSinkTxOk)
    fusb305_tcpc_SinkTxNG                    0x0800bee5   Thumb Code    34  fusb305.o(i.fusb305_tcpc_SinkTxNG)
    fusb305_tcpc_SinkTxOK                    0x0800bf0d   Thumb Code    42  fusb305.o(i.fusb305_tcpc_SinkTxOK)
    fusb305_tcpc_alert                       0x0800bf3d   Thumb Code   134  fusb305.o(i.fusb305_tcpc_alert)
    fusb305_tcpc_clear_alert                 0x0800bfdd   Thumb Code    36  fusb305.o(i.fusb305_tcpc_clear_alert)
    fusb305_tcpc_get_cc                      0x0800c001   Thumb Code   304  fusb305.o(i.fusb305_tcpc_get_cc)
    fusb305_tcpc_get_fault_status            0x0800c145   Thumb Code    32  fusb305.o(i.fusb305_tcpc_get_fault_status)
    fusb305_tcpc_get_message                 0x0800c169   Thumb Code    14  fusb305.o(i.fusb305_tcpc_get_message)
    fusb305_tcpc_get_power_status            0x0800c179   Thumb Code    84  fusb305.o(i.fusb305_tcpc_get_power_status)
    fusb305_tcpc_get_vbus_level              0x0800c1e1   Thumb Code   164  fusb305.o(i.fusb305_tcpc_get_vbus_level)
    fusb305_tcpc_init                        0x0800c2a5   Thumb Code   420  fusb305.o(i.fusb305_tcpc_init)
    fusb305_tcpc_set_bist_test_data          0x0800c451   Thumb Code    54  fusb305.o(i.fusb305_tcpc_set_bist_test_data)
    fusb305_tcpc_set_cc                      0x0800c48d   Thumb Code    78  fusb305.o(i.fusb305_tcpc_set_cc)
    fusb305_tcpc_set_fault_status            0x0800c4e1   Thumb Code    30  fusb305.o(i.fusb305_tcpc_set_fault_status)
    fusb305_tcpc_set_msg_header              0x0800c505   Thumb Code    36  fusb305.o(i.fusb305_tcpc_set_msg_header)
    fusb305_tcpc_set_polarity                0x0800c52d   Thumb Code    38  fusb305.o(i.fusb305_tcpc_set_polarity)
    fusb305_tcpc_set_rx_state                0x0800c559   Thumb Code   394  fusb305.o(i.fusb305_tcpc_set_rx_state)
    fusb305_tcpc_set_sop_supported           0x0800c6f9   Thumb Code    36  fusb305.o(i.fusb305_tcpc_set_sop_supported)
    fusb305_tcpc_set_vbus_level              0x0800c721   Thumb Code   438  fusb305.o(i.fusb305_tcpc_set_vbus_level)
    fusb305_tcpc_set_vconn                   0x0800c8dd   Thumb Code   112  fusb305.o(i.fusb305_tcpc_set_vconn)
    fusb305_tcpc_transmit                    0x0800c951   Thumb Code   156  fusb305.o(i.fusb305_tcpc_transmit)
    main                                     0x0800c9fd   Thumb Code    80  main.o(i.main)
    malloc                                   0x0800ca61   Thumb Code    92  malloc.o(i.malloc)
    osDelay                                  0x0800cacd   Thumb Code    16  cmsis_os.o(i.osDelay)
    osKernelStart                            0x0800cadd   Thumb Code    10  cmsis_os.o(i.osKernelStart)
    osMessageCreate                          0x0800cae7   Thumb Code    12  cmsis_os.o(i.osMessageCreate)
    osMessageGet                             0x0800caf5   Thumb Code   136  cmsis_os.o(i.osMessageGet)
    osMessagePut                             0x0800cb81   Thumb Code    82  cmsis_os.o(i.osMessagePut)
    osSemaphoreCreate                        0x0800cbd9   Thumb Code    38  cmsis_os.o(i.osSemaphoreCreate)
    osSemaphoreRelease                       0x0800cc01   Thumb Code    70  cmsis_os.o(i.osSemaphoreRelease)
    osSemaphoreWait                          0x0800cc4d   Thumb Code    94  cmsis_os.o(i.osSemaphoreWait)
    osSystickHandler                         0x0800ccb1   Thumb Code     8  cmsis_os.o(i.osSystickHandler)
    osThreadCreate                           0x0800ccb9   Thumb Code    48  cmsis_os.o(i.osThreadCreate)
    osThreadTerminate                        0x0800cce9   Thumb Code    10  cmsis_os.o(i.osThreadTerminate)
    pvPortMalloc                             0x0800d0ad   Thumb Code   172  heap_4.o(i.pvPortMalloc)
    pxPortInitialiseStack                    0x0800d15d   Thumb Code    28  port.o(i.pxPortInitialiseStack)
    uxListRemove                             0x0800d601   Thumb Code    38  list.o(i.uxListRemove)
    uxQueueMessagesWaitingFromISR            0x0800d627   Thumb Code    12  queue.o(i.uxQueueMessagesWaitingFromISR)
    uxTaskGetNumberOfTasks                   0x0800d635   Thumb Code     6  tasks.o(i.uxTaskGetNumberOfTasks)
    vListInitialise                          0x0800d641   Thumb Code    22  list.o(i.vListInitialise)
    vListInitialiseItem                      0x0800d657   Thumb Code     6  list.o(i.vListInitialiseItem)
    vListInsert                              0x0800d65d   Thumb Code    48  list.o(i.vListInsert)
    vListInsertEnd                           0x0800d68d   Thumb Code    24  list.o(i.vListInsertEnd)
    vPortEnterCritical                       0x0800d6a5   Thumb Code    20  port.o(i.vPortEnterCritical)
    vPortExitCritical                        0x0800d6bd   Thumb Code    22  port.o(i.vPortExitCritical)
    vPortFree                                0x0800d6d9   Thumb Code    62  heap_4.o(i.vPortFree)
    vPortYield                               0x0800d71d   Thumb Code    18  port.o(i.vPortYield)
    vTaskDelay                               0x0800d735   Thumb Code    44  tasks.o(i.vTaskDelay)
    vTaskDelete                              0x0800d765   Thumb Code   112  tasks.o(i.vTaskDelete)
    vTaskInternalSetTimeOutState             0x0800d7dd   Thumb Code    12  tasks.o(i.vTaskInternalSetTimeOutState)
    vTaskMissedYield                         0x0800d7ed   Thumb Code     8  tasks.o(i.vTaskMissedYield)
    vTaskPlaceOnEventList                    0x0800d7f9   Thumb Code    32  tasks.o(i.vTaskPlaceOnEventList)
    vTaskStartScheduler                      0x0800d81d   Thumb Code    58  tasks.o(i.vTaskStartScheduler)
    vTaskSuspendAll                          0x0800d869   Thumb Code    10  tasks.o(i.vTaskSuspendAll)
    vTaskSwitchContext                       0x0800d879   Thumb Code    78  tasks.o(i.vTaskSwitchContext)
    xPortStartScheduler                      0x0800d8d1   Thumb Code    62  port.o(i.xPortStartScheduler)
    xPortSysTickHandler                      0x0800d921   Thumb Code    32  port.o(i.xPortSysTickHandler)
    xQueueGenericCreate                      0x0800d945   Thumb Code    62  queue.o(i.xQueueGenericCreate)
    xQueueGenericReset                       0x0800d983   Thumb Code   108  queue.o(i.xQueueGenericReset)
    xQueueGenericSend                        0x0800d9ef   Thumb Code   262  queue.o(i.xQueueGenericSend)
    xQueueGenericSendFromISR                 0x0800daf5   Thumb Code   140  queue.o(i.xQueueGenericSendFromISR)
    xQueueGiveFromISR                        0x0800db81   Thumb Code   116  queue.o(i.xQueueGiveFromISR)
    xQueueReceive                            0x0800dbf5   Thumb Code   240  queue.o(i.xQueueReceive)
    xQueueReceiveFromISR                     0x0800dce5   Thumb Code   120  queue.o(i.xQueueReceiveFromISR)
    xQueueSemaphoreTake                      0x0800dd5d   Thumb Code   224  queue.o(i.xQueueSemaphoreTake)
    xTaskCheckForTimeOut                     0x0800de3d   Thumb Code    86  tasks.o(i.xTaskCheckForTimeOut)
    xTaskCreate                              0x0800de99   Thumb Code    78  tasks.o(i.xTaskCreate)
    xTaskIncrementTick                       0x0800dee9   Thumb Code   180  tasks.o(i.xTaskIncrementTick)
    xTaskRemoveFromEventList                 0x0800dfa5   Thumb Code    90  tasks.o(i.xTaskRemoveFromEventList)
    xTaskResumeAll                           0x0800e009   Thumb Code   164  tasks.o(i.xTaskResumeAll)
    os_semaphore_def_sem_i2c_res             0x0800e0b4   Data           4  usbpd_tcpci.o(.constdata)
    os_semaphore_def_sem_i2c_cplt            0x0800e0b8   Data           4  usbpd_tcpci.o(.constdata)
    PDTypeName                               0x0800e0bc   Data           5  usbpd_tcpci.o(.constdata)
    HWBoardVersionName                       0x0800e0c1   Data          12  usbpd_tcpci.o(.constdata)
    os_messageQ_def_queuePE                  0x0800e0d0   Data           8  usbpd_dpm_core.o(.constdata)
    os_messageQ_def_queueTRACE               0x0800e0d8   Data           8  usbpd_dpm_core.o(.constdata)
    os_thread_def_PE_0                       0x0800e0f0   Data          20  usbpd_dpm_core.o(.constdata)
    os_thread_def_PE_1                       0x0800e104   Data          20  usbpd_dpm_core.o(.constdata)
    os_thread_def_ALERTTask                  0x0800e118   Data          20  usbpd_dpm_core.o(.constdata)
    os_thread_def_TRA_TX                     0x0800e12c   Data          20  usbpd_dpm_core.o(.constdata)
    AHBPrescTable                            0x0800e180   Data          16  system_stm32f0xx.o(.constdata)
    APBPrescTable                            0x0800e190   Data           8  system_stm32f0xx.o(.constdata)
    os_thread_def_DPM                        0x0800e1a0   Data          20  usbpd_dpm_user.o(.constdata)
    vdmCallbacks                             0x0800e1b4   Data          68  usbpd_vdm_user.o(.constdata)
    Region$$Table$$Base                      0x0800e25c   Number         0  anon$$obj.o(Region$$Table)
    Region$$Table$$Limit                     0x0800e27c   Number         0  anon$$obj.o(Region$$Table)
    DevicesDrivers                           0x20000004   Data           4  usbpd_tcpci.o(.data)
    sem_i2c_res_id                           0x20000008   Data           4  usbpd_tcpci.o(.data)
    sem_i2c_cplt_id                          0x2000000c   Data           4  usbpd_tcpci.o(.data)
    AlarmMsgBox                              0x20000030   Data           4  usbpd_dpm_core.o(.data)
    ThreadAlert                              0x20000034   Data           4  usbpd_dpm_core.o(.data)
    TraceQueueId                             0x2000003c   Data           4  usbpd_dpm_core.o(.data)
    DPM_Params                               0x20000040   Data           4  usbpd_dpm_core.o(.data)
    DPM_Settings                             0x20000044   Data          12  usbpd_dpm_core.o(.data)
    DPM_ID_Settings                          0x20000050   Data           8  usbpd_dpm_core.o(.data)
    DPM_USER_Settings                        0x20000058   Data         116  usbpd_dpm_core.o(.data)
    uwTick                                   0x200000cc   Data           4  stm32f0xx_hal.o(.data)
    SystemCoreClock                          0x200000d0   Data           4  system_stm32f0xx.o(.data)
    pxCurrentTCB                             0x200000d4   Data           4  tasks.o(.data)
    fusb305_tcpc_drv                         0x20000110   Data          96  fusb305.o(.data)
    FUSB307_DebugLevel                       0x20000170   Data           1  fusb305.o(.data)
    DPM_GUI_PostNotificationMessage          0x20000174   Data           4  usbpd_dpm_user.o(.data)
    DPM_GUI_FormatAndSendNotification        0x20000178   Data           4  usbpd_dpm_user.o(.data)
    DPM_GUI_SaveInfo                         0x2000017c   Data           4  usbpd_dpm_user.o(.data)
    DPMMsgBox                                0x20000180   Data           4  usbpd_dpm_user.o(.data)
    USBPD_NbPDO                              0x20000184   Data           4  usbpd_pwr_if.o(.data)
    PORT0_PDO_ListSRC                        0x20000188   Data          28  usbpd_pwr_if.o(.data)
    PORT0_PDO_ListSNK                        0x200001a4   Data          28  usbpd_pwr_if.o(.data)
    GUI_State                                0x200001d4   Data           1  gui_api.o(.data)
    GUI_OriginalSettings                     0x200001d6   Data           1  gui_api.o(.data)
    GUI_TimerMeasReport                      0x200001de   Data           2  gui_api.o(.data)
    pCB_HWBoardVersion                       0x200001e0   Data           4  gui_api.o(.data)
    pCB_HWPDType                             0x200001e4   Data           4  gui_api.o(.data)
    pCB_GetVoltage                           0x200001e8   Data           4  gui_api.o(.data)
    pCB_GetCurrent                           0x200001ec   Data           4  gui_api.o(.data)
    GUIMsgBox                                0x200001f0   Data           4  gui_api.o(.data)
    GUI_USER_Params                          0x200001f4   Data           6  gui_api.o(.data)
    USBPD_Trace                              0x200001fc   Data           4  usbpd_pe.o(.data)
    Crc                                      0x20000200   Data           4  usbpd_pe.o(.data)
    NbPortConfigured                         0x20000204   Data           1  usbpd_tcpm.o(.data)
    __microlib_freelist                      0x20000208   Data           4  mvars.o(.data)
    __microlib_freelist_initialised          0x2000020c   Data           4  mvars.o(.data)
    hI2cHandle                               0x20000210   Data          76  usbpd_tcpci.o(.bss)
    pFlash                                   0x20001c88   Data          32  stm32f0xx_hal_flash.o(.bss)
    DPM_Ports                                0x20001e1c   Data         176  usbpd_dpm_user.o(.bss)
    PWR_Port_PDO_Storage                     0x20001ecc   Data          16  usbpd_pwr_if.o(.bss)
    PtrDataRx                                0x200022dc   Data         256  gui_api.o(.bss)
    Processed                                0x200023dc   Data         256  gui_api.o(.bss)
    GUI_SaveInformation                      0x200024dc   Data         148  gui_api.o(.bss)
    PE_Handles                               0x20002590   Data          32  usbpd_pe.o(.bss)
    __heap_base                              0x200025d0   Data           0  startup_stm32f072xb.o(HEAP)
    __heap_limit                             0x200029d0   Data           0  startup_stm32f072xb.o(HEAP)
    __initial_sp                             0x20002dd0   Data           0  startup_stm32f072xb.o(STACK)



==============================================================================

Memory Map of the image

  Image Entry point : 0x080000c1

  Load Region LR_IROM1 (Base: 0x08000000, Size: 0x0000e48c, Max: 0x0001f800, ABSOLUTE, COMPRESSED[0x0000e330])

    Execution Region ER_IROM1 (Exec base: 0x08000000, Load base: 0x08000000, Size: 0x0000e27c, Max: 0x0001f800, ABSOLUTE)

    Exec Addr    Load Addr    Size         Type   Attr      Idx    E Section Name        Object

    0x08000000   0x08000000   0x000000c0   Data   RO         3169    RESET               startup_stm32f072xb.o
    0x080000c0   0x080000c0   0x00000000   Code   RO         4636  * .ARM.Collect$$$$00000000  mc_p.l(entry.o)
    0x080000c0   0x080000c0   0x00000004   Code   RO         4948    .ARM.Collect$$$$00000001  mc_p.l(entry2.o)
    0x080000c4   0x080000c4   0x00000004   Code   RO         4951    .ARM.Collect$$$$00000004  mc_p.l(entry5.o)
    0x080000c8   0x080000c8   0x00000000   Code   RO         4953    .ARM.Collect$$$$00000008  mc_p.l(entry7b.o)
    0x080000c8   0x080000c8   0x00000000   Code   RO         4955    .ARM.Collect$$$$0000000A  mc_p.l(entry8b.o)
    0x080000c8   0x080000c8   0x00000008   Code   RO         4956    .ARM.Collect$$$$0000000B  mc_p.l(entry9a.o)
    0x080000d0   0x080000d0   0x00000000   Code   RO         4958    .ARM.Collect$$$$0000000D  mc_p.l(entry10a.o)
    0x080000d0   0x080000d0   0x00000000   Code   RO         4960    .ARM.Collect$$$$0000000F  mc_p.l(entry11a.o)
    0x080000d0   0x080000d0   0x00000004   Code   RO         4949    .ARM.Collect$$$$00002712  mc_p.l(entry2.o)
    0x080000d4   0x080000d4   0x00000078   Code   RO          415    .emb_text           port.o
    0x0800014c   0x0800014c   0x0000001c   Code   RO         3170    .text               startup_stm32f072xb.o
    0x08000168   0x08000168   0x0000002c   Code   RO         4639    .text               mc_p.l(uidiv.o)
    0x08000194   0x08000194   0x00000028   Code   RO         4641    .text               mc_p.l(idiv.o)
    0x080001bc   0x080001bc   0x00000022   Code   RO         4643    .text               mc_p.l(llushr.o)
    0x080001de   0x080001de   0x00000024   Code   RO         4645    .text               mc_p.l(memcpya.o)
    0x08000202   0x08000202   0x00000024   Code   RO         4647    .text               mc_p.l(memseta.o)
    0x08000226   0x08000226   0x0000000e   Code   RO         4649    .text               mc_p.l(strlen.o)
    0x08000234   0x08000234   0x00000060   Code   RO         4965    .text               mc_p.l(uldiv.o)
    0x08000294   0x08000294   0x00000024   Code   RO         4982    .text               mc_p.l(init.o)
    0x080002b8   0x080002b8   0x00000020   Code   RO         4985    .text               mc_p.l(llshl.o)
    0x080002d8   0x080002d8   0x00000056   Code   RO         5002    .text               mc_p.l(__dczerorl2.o)
    0x0800032e   0x0800032e   0x00000002   PAD
    0x08000330   0x08000330   0x000000a0   Code   RO         4087    i.BSP_GUI_LoadDataFromFlash  bsp_gui.o
    0x080003d0   0x080003d0   0x000000d4   Code   RO         4088    i.BSP_GUI_SaveDataInFlash  bsp_gui.o
    0x080004a4   0x080004a4   0x00000008   Code   RO          152    i.BSP_GetHWBoardVersionName  usbpd_tcpci.o
    0x080004ac   0x080004ac   0x00000008   Code   RO          153    i.BSP_GetPDTypeName  usbpd_tcpci.o
    0x080004b4   0x080004b4   0x00000008   Code   RO         3734    i.DMA1_Channel4_5_6_7_IRQHandler  stm32f0xx_it.o
    0x080004bc   0x080004bc   0x0000000c   Code   RO         3176    i.DPM_AssertRp      usbpd_dpm_user.o
    0x080004c8   0x080004c8   0x000000a8   Code   RO         3177    i.DPM_FindVoltageIndex  usbpd_dpm_user.o
    0x08000570   0x08000570   0x00000090   Code   RO         3178    i.DPM_ManageAlert   usbpd_dpm_user.o
    0x08000600   0x08000600   0x0000007c   Code   RO          541    i.DPM_ManageAttachedState  usbpd_dpm_core.o
    0x0800067c   0x0800067c   0x000001e0   Code   RO         3179    i.DPM_SNK_BuildRDOfromSelectedPDO  usbpd_dpm_user.o
    0x0800085c   0x0800085c   0x00000030   Code   RO         3735    i.EXTI4_15_IRQHandler  stm32f0xx_it.o
    0x0800088c   0x0800088c   0x00000024   Code   RO         2454    i.FLASH_MassErase   stm32f0xx_hal_flash_ex.o
    0x080008b0   0x080008b0   0x00000024   Code   RO         2459    i.FLASH_PageErase   stm32f0xx_hal_flash_ex.o
    0x080008d4   0x080008d4   0x00000020   Code   RO         2355    i.FLASH_Program_HalfWord  stm32f0xx_hal_flash.o
    0x080008f4   0x080008f4   0x00000038   Code   RO         2356    i.FLASH_SetErrorCode  stm32f0xx_hal_flash.o
    0x0800092c   0x0800092c   0x00000050   Code   RO         2357    i.FLASH_WaitForLastOperation  stm32f0xx_hal_flash.o
    0x0800097c   0x0800097c   0x00000020   Code   RO         4219    i.GUI_CALLBACK_RX   gui_api.o
    0x0800099c   0x0800099c   0x00000022   Code   RO         4220    i.GUI_FormatAndSendNotification  gui_api.o
    0x080009be   0x080009be   0x00000002   PAD
    0x080009c0   0x080009c0   0x000000ec   Code   RO         4221    i.GUI_GetMessage    gui_api.o
    0x08000aac   0x08000aac   0x000000e0   Code   RO         4222    i.GUI_Init          gui_api.o
    0x08000b8c   0x08000b8c   0x00000054   Code   RO         4224    i.GUI_PostNotificationMessage  gui_api.o
    0x08000be0   0x08000be0   0x00000054   Code   RO         4225    i.GUI_RXProcess     gui_api.o
    0x08000c34   0x08000c34   0x000000c8   Code   RO         4226    i.GUI_SaveInfo      gui_api.o
    0x08000cfc   0x08000cfc   0x00000150   Code   RO         4227    i.GUI_SendAnswer    gui_api.o
    0x08000e4c   0x08000e4c   0x00000428   Code   RO         4228    i.GUI_SendNotification  gui_api.o
    0x08001274   0x08001274   0x00000020   Code   RO         4230    i.GUI_TimerCounter  gui_api.o
    0x08001294   0x08001294   0x0000001c   Code   RO         1782    i.HAL_Delay         stm32f0xx_hal.o
    0x080012b0   0x080012b0   0x000000a0   Code   RO         2460    i.HAL_FLASHEx_Erase  stm32f0xx_hal_flash_ex.o
    0x08001350   0x08001350   0x00000014   Code   RO         2361    i.HAL_FLASH_Lock    stm32f0xx_hal_flash.o
    0x08001364   0x08001364   0x0000007c   Code   RO         2366    i.HAL_FLASH_Program  stm32f0xx_hal_flash.o
    0x080013e0   0x080013e0   0x00000024   Code   RO         2368    i.HAL_FLASH_Unlock  stm32f0xx_hal_flash.o
    0x08001404   0x08001404   0x00000054   Code   RO         3180    i.HAL_GPIO_EXTI_Callback  usbpd_dpm_user.o
    0x08001458   0x08001458   0x00000018   Code   RO         1117    i.HAL_GPIO_EXTI_IRQHandler  stm32f0xx_hal_gpio.o
    0x08001470   0x08001470   0x00000158   Code   RO         1118    i.HAL_GPIO_Init     stm32f0xx_hal_gpio.o
    0x080015c8   0x080015c8   0x0000000c   Code   RO         1786    i.HAL_GetTick       stm32f0xx_hal.o
    0x080015d4   0x080015d4   0x0000004a   Code   RO         2010    i.HAL_I2CEx_ConfigAnalogFilter  stm32f0xx_hal_i2c_ex.o
    0x0800161e   0x0800161e   0x00000002   PAD
    0x08001620   0x08001620   0x000000b4   Code   RO         1188    i.HAL_I2C_Init      stm32f0xx_hal_i2c.o
    0x080016d4   0x080016d4   0x00000158   Code   RO         1204    i.HAL_I2C_Mem_Read  stm32f0xx_hal_i2c.o
    0x0800182c   0x0800182c   0x00000154   Code   RO         1207    i.HAL_I2C_Mem_Write  stm32f0xx_hal_i2c.o
    0x08001980   0x08001980   0x00000068   Code   RO          155    i.HAL_I2C_MspInit   usbpd_tcpci.o
    0x080019e8   0x080019e8   0x00000010   Code   RO         1790    i.HAL_IncTick       stm32f0xx_hal.o
    0x080019f8   0x080019f8   0x00000020   Code   RO         1791    i.HAL_Init          stm32f0xx_hal.o
    0x08001a18   0x08001a18   0x00000022   Code   RO         1792    i.HAL_InitTick      stm32f0xx_hal.o
    0x08001a3a   0x08001a3a   0x00000002   PAD
    0x08001a3c   0x08001a3c   0x0000006c   Code   RO         3673    i.HAL_MspInit       stm32f0xx_hal_msp.o
    0x08001aa8   0x08001aa8   0x00000020   Code   RO         2061    i.HAL_NVIC_DisableIRQ  stm32f0xx_hal_cortex.o
    0x08001ac8   0x08001ac8   0x00000018   Code   RO         2062    i.HAL_NVIC_EnableIRQ  stm32f0xx_hal_cortex.o
    0x08001ae0   0x08001ae0   0x00000008   Code   RO         2066    i.HAL_NVIC_SetPriority  stm32f0xx_hal_cortex.o
    0x08001ae8   0x08001ae8   0x0000001c   Code   RO         2067    i.HAL_NVIC_SystemReset  stm32f0xx_hal_cortex.o
    0x08001b04   0x08001b04   0x0000000c   Code   RO         1691    i.HAL_RCC_GetHCLKFreq  stm32f0xx_hal_rcc.o
    0x08001b10   0x08001b10   0x00000030   Code   RO         2070    i.HAL_SYSTICK_Config  stm32f0xx_hal_cortex.o
    0x08001b40   0x08001b40   0x000000a0   Code   RO          156    i.HW_IF_PWR_Enable  usbpd_tcpci.o
    0x08001be0   0x08001be0   0x00000004   Code   RO          157    i.HW_IF_PWR_GetCurrent  usbpd_tcpci.o
    0x08001be4   0x08001be4   0x00000008   Code   RO          158    i.HW_IF_PWR_GetVoltage  usbpd_tcpci.o
    0x08001bec   0x08001bec   0x00000004   Code   RO          159    i.HW_IF_PWR_SetVoltage  usbpd_tcpci.o
    0x08001bf0   0x08001bf0   0x00000012   Code   RO          160    i.HW_IF_PWR_VBUSIsEnabled  usbpd_tcpci.o
    0x08001c02   0x08001c02   0x00000002   PAD
    0x08001c04   0x08001c04   0x00000024   Code   RO         3968    i.HW_TRACER_EMB_IRQHandlerDMA  tracer_emb_hw.o
    0x08001c28   0x08001c28   0x00000100   Code   RO         3969    i.HW_TRACER_EMB_IRQHandlerUSART  tracer_emb_hw.o
    0x08001d28   0x08001d28   0x00000128   Code   RO         3970    i.HW_TRACER_EMB_Init  tracer_emb_hw.o
    0x08001e50   0x08001e50   0x00000014   Code   RO         3972    i.HW_TRACER_EMB_RegisterRxCallback  tracer_emb_hw.o
    0x08001e64   0x08001e64   0x00000070   Code   RO         3973    i.HW_TRACER_EMB_SendData  tracer_emb_hw.o
    0x08001ed4   0x08001ed4   0x00000030   Code   RO         3974    i.HW_TRACER_EMB_StartRX  tracer_emb_hw.o
    0x08001f04   0x08001f04   0x00000002   Code   RO         3736    i.HardFault_Handler  stm32f0xx_it.o
    0x08001f06   0x08001f06   0x00000022   Code   RO         1230    i.I2C_Flush_TXDR    stm32f0xx_hal_i2c.o
    0x08001f28   0x08001f28   0x00000074   Code   RO         1238    i.I2C_IsAcknowledgeFailed  stm32f0xx_hal_i2c.o
    0x08001f9c   0x08001f9c   0x0000006a   Code   RO         1241    i.I2C_RequestMemoryRead  stm32f0xx_hal_i2c.o
    0x08002006   0x08002006   0x0000006a   Code   RO         1242    i.I2C_RequestMemoryWrite  stm32f0xx_hal_i2c.o
    0x08002070   0x08002070   0x00000024   Code   RO         1245    i.I2C_TransferConfig  stm32f0xx_hal_i2c.o
    0x08002094   0x08002094   0x00000048   Code   RO         1246    i.I2C_WaitOnFlagUntilTimeout  stm32f0xx_hal_i2c.o
    0x080020dc   0x080020dc   0x0000004e   Code   RO         1248    i.I2C_WaitOnSTOPFlagUntilTimeout  stm32f0xx_hal_i2c.o
    0x0800212a   0x0800212a   0x00000052   Code   RO         1249    i.I2C_WaitOnTXISFlagUntilTimeout  stm32f0xx_hal_i2c.o
    0x0800217c   0x0800217c   0x00000018   Code   RO         3975    i.LL_AHB1_GRP1_EnableClock  tracer_emb_hw.o
    0x08002194   0x08002194   0x00000018   Code   RO         3976    i.LL_APB1_GRP1_EnableClock  tracer_emb_hw.o
    0x080021ac   0x080021ac   0x0000001a   Code   RO         3977    i.LL_GPIO_SetAFPin_0_7  tracer_emb_hw.o
    0x080021c6   0x080021c6   0x00000014   Code   RO         3978    i.LL_GPIO_SetPinMode  tracer_emb_hw.o
    0x080021da   0x080021da   0x00000014   Code   RO         3979    i.LL_GPIO_SetPinPull  tracer_emb_hw.o
    0x080021ee   0x080021ee   0x00000014   Code   RO         3980    i.LL_GPIO_SetPinSpeed  tracer_emb_hw.o
    0x08002202   0x08002202   0x00000002   PAD
    0x08002204   0x08002204   0x00000020   Code   RO         1601    i.LL_Init1msTick    stm32f0xx_ll_utils.o
    0x08002224   0x08002224   0x00000018   Code   RO         2273    i.LL_RCC_GetSystemClocksFreq  stm32f0xx_ll_rcc.o
    0x0800223c   0x0800223c   0x0000007c   Code   RO         2274    i.LL_RCC_GetUSARTClockFreq  stm32f0xx_ll_rcc.o
    0x080022b8   0x080022b8   0x00000014   Code   RO         2275    i.LL_RCC_GetUSARTClockSource  stm32f0xx_ll_rcc.o
    0x080022cc   0x080022cc   0x00000010   Code   RO         2277    i.LL_RCC_HSI_IsReady  stm32f0xx_ll_rcc.o
    0x080022dc   0x080022dc   0x0000000c   Code   RO         1606    i.LL_SetSystemCoreClock  stm32f0xx_ll_utils.o
    0x080022e8   0x080022e8   0x000000c8   Code   RO         2220    i.LL_USART_Init     stm32f0xx_ll_usart.o
    0x080023b0   0x080023b0   0x0000001e   Code   RO         4089    i.LoadPDOFromFlash  bsp_gui.o
    0x080023ce   0x080023ce   0x0000001a   Code   RO         4090    i.LoadSettingsFromFlash  bsp_gui.o
    0x080023e8   0x080023e8   0x00000002   Code   RO         3737    i.NMI_Handler       stm32f0xx_it.o
    0x080023ea   0x080023ea   0x0000001e   Code   RO         4434    i.PE_ChangePowerRole  USBPDTCPM_PD3_CONFIG_1_CM0_Keil.lib(usbpd_pe.o)
    0x08002408   0x08002408   0x00000068   Code   RO         4435    i.PE_CheckSendMessageStatus  USBPDTCPM_PD3_CONFIG_1_CM0_Keil.lib(usbpd_pe.o)
    0x08002470   0x08002470   0x000000c4   Code   RO         4436    i.PE_Check_AMSConflict  USBPDTCPM_PD3_CONFIG_1_CM0_Keil.lib(usbpd_pe.o)
    0x08002534   0x08002534   0x00000358   Code   RO         4437    i.PE_Check_ControlMessage  USBPDTCPM_PD3_CONFIG_1_CM0_Keil.lib(usbpd_pe.o)
    0x0800288c   0x0800288c   0x00000100   Code   RO         4438    i.PE_Check_DataMessage  USBPDTCPM_PD3_CONFIG_1_CM0_Keil.lib(usbpd_pe.o)
    0x0800298c   0x0800298c   0x000000b4   Code   RO         4439    i.PE_Check_DataMessageVDM  USBPDTCPM_PD3_CONFIG_1_CM0_Keil.lib(usbpd_pe.o)
    0x08002a40   0x08002a40   0x00000270   Code   RO         4440    i.PE_Check_ExtendedMessage  USBPDTCPM_PD3_CONFIG_1_CM0_Keil.lib(usbpd_pe.o)
    0x08002cb0   0x08002cb0   0x00000044   Code   RO         4441    i.PE_Check_RxEvent  USBPDTCPM_PD3_CONFIG_1_CM0_Keil.lib(usbpd_pe.o)
    0x08002cf4   0x08002cf4   0x00000078   Code   RO         4442    i.PE_ExtRevisionInteroperability  USBPDTCPM_PD3_CONFIG_1_CM0_Keil.lib(usbpd_pe.o)
    0x08002d6c   0x08002d6c   0x0000003c   Code   RO         4443    i.PE_ExtRevisionInteroperability_Cable  USBPDTCPM_PD3_CONFIG_1_CM0_Keil.lib(usbpd_pe.o)
    0x08002da8   0x08002da8   0x0000001c   Code   RO         4444    i.PE_Get_RxEvent    USBPDTCPM_PD3_CONFIG_1_CM0_Keil.lib(usbpd_pe.o)
    0x08002dc4   0x08002dc4   0x00000002   Code   RO         4446    i.PE_PRL_BistCompleted  USBPDTCPM_PD3_CONFIG_1_CM0_Keil.lib(usbpd_pe.o)
    0x08002dc6   0x08002dc6   0x00000002   PAD
    0x08002dc8   0x08002dc8   0x00000050   Code   RO         4447    i.PE_PRL_HardResetReceived  USBPDTCPM_PD3_CONFIG_1_CM0_Keil.lib(usbpd_pe.o)
    0x08002e18   0x08002e18   0x00000050   Code   RO         4448    i.PE_PRL_PostReceiveEvent  USBPDTCPM_PD3_CONFIG_1_CM0_Keil.lib(usbpd_pe.o)
    0x08002e68   0x08002e68   0x00000024   Code   RO         4449    i.PE_PRL_PostReceiveEventComplete  USBPDTCPM_PD3_CONFIG_1_CM0_Keil.lib(usbpd_pe.o)
    0x08002e8c   0x08002e8c   0x00000026   Code   RO         4450    i.PE_PerformSoftReset  USBPDTCPM_PD3_CONFIG_1_CM0_Keil.lib(usbpd_pe.o)
    0x08002eb2   0x08002eb2   0x00000002   PAD
    0x08002eb4   0x08002eb4   0x00000078   Code   RO         4451    i.PE_Receive_BIST   USBPDTCPM_PD3_CONFIG_1_CM0_Keil.lib(usbpd_pe.o)
    0x08002f2c   0x08002f2c   0x0000019c   Code   RO         4452    i.PE_Reset          USBPDTCPM_PD3_CONFIG_1_CM0_Keil.lib(usbpd_pe.o)
    0x080030c8   0x080030c8   0x0000011c   Code   RO         4453    i.PE_ResetDuringSwap  USBPDTCPM_PD3_CONFIG_1_CM0_Keil.lib(usbpd_pe.o)
    0x080031e4   0x080031e4   0x000000e8   Code   RO         4454    i.PE_SVDM_CheckIdentity  USBPDTCPM_PD3_CONFIG_1_CM0_Keil.lib(usbpd_pe.o)
    0x080032cc   0x080032cc   0x00000080   Code   RO         4455    i.PE_SVDM_CheckSVIDs  USBPDTCPM_PD3_CONFIG_1_CM0_Keil.lib(usbpd_pe.o)
    0x0800334c   0x0800334c   0x0000006e   Code   RO         4456    i.PE_Send_CtrlMessage  USBPDTCPM_PD3_CONFIG_1_CM0_Keil.lib(usbpd_pe.o)
    0x080033ba   0x080033ba   0x00000072   Code   RO         4457    i.PE_Send_DataMessage  USBPDTCPM_PD3_CONFIG_1_CM0_Keil.lib(usbpd_pe.o)
    0x0800342c   0x0800342c   0x00000052   Code   RO         4458    i.PE_Send_ExtendedMessage  USBPDTCPM_PD3_CONFIG_1_CM0_Keil.lib(usbpd_pe.o)
    0x0800347e   0x0800347e   0x00000002   PAD
    0x08003480   0x08003480   0x0000007c   Code   RO         4459    i.PE_Send_RESET     USBPDTCPM_PD3_CONFIG_1_CM0_Keil.lib(usbpd_pe.o)
    0x080034fc   0x080034fc   0x0000004e   Code   RO         4460    i.PE_Send_SRCCapabilities  USBPDTCPM_PD3_CONFIG_1_CM0_Keil.lib(usbpd_pe.o)
    0x0800354a   0x0800354a   0x00000002   PAD
    0x0800354c   0x0800354c   0x00000144   Code   RO         4461    i.PE_StateMachine_SNK_ReadyWait  USBPDTCPM_PD3_CONFIG_1_CM0_Keil.lib(usbpd_pe.o)
    0x08003690   0x08003690   0x00000180   Code   RO         4462    i.PE_StateMachine_SNK_SelectCapa  USBPDTCPM_PD3_CONFIG_1_CM0_Keil.lib(usbpd_pe.o)
    0x08003810   0x08003810   0x000000b8   Code   RO         4463    i.PE_StateMachine_SRC_NegocCapa  USBPDTCPM_PD3_CONFIG_1_CM0_Keil.lib(usbpd_pe.o)
    0x080038c8   0x080038c8   0x000000c8   Code   RO         4464    i.PE_StateMachine_SRC_SendCapa  USBPDTCPM_PD3_CONFIG_1_CM0_Keil.lib(usbpd_pe.o)
    0x08003990   0x08003990   0x0000007e   Code   RO         4465    i.PE_StateMachine_UVDM  USBPDTCPM_PD3_CONFIG_1_CM0_Keil.lib(usbpd_pe.o)
    0x08003a0e   0x08003a0e   0x00000002   PAD
    0x08003a10   0x08003a10   0x00000758   Code   RO         4466    i.PE_StateMachine_VDM  USBPDTCPM_PD3_CONFIG_1_CM0_Keil.lib(usbpd_pe.o)
    0x08004168   0x08004168   0x000002fc   Code   RO         4467    i.PE_StateMachine_VDMCable  USBPDTCPM_PD3_CONFIG_1_CM0_Keil.lib(usbpd_pe.o)
    0x08004464   0x08004464   0x000001cc   Code   RO         4468    i.PE_SubStateMachine_ExtendedMessages  USBPDTCPM_PD3_CONFIG_1_CM0_Keil.lib(usbpd_pe.o)
    0x08004630   0x08004630   0x000006e4   Code   RO         4469    i.PE_SubStateMachine_Generic  USBPDTCPM_PD3_CONFIG_1_CM0_Keil.lib(usbpd_pe.o)
    0x08004d14   0x08004d14   0x000000b8   Code   RO         4470    i.PE_SubStateMachine_ReceiveDRS  USBPDTCPM_PD3_CONFIG_1_CM0_Keil.lib(usbpd_pe.o)
    0x08004dcc   0x08004dcc   0x000003a4   Code   RO         4471    i.PE_SubStateMachine_VconnSwap  USBPDTCPM_PD3_CONFIG_1_CM0_Keil.lib(usbpd_pe.o)
    0x08005170   0x08005170   0x00000002   Code   RO         4472    i.PE_Trace_Empty    USBPDTCPM_PD3_CONFIG_1_CM0_Keil.lib(usbpd_pe.o)
    0x08005172   0x08005172   0x00000008   Code   RO         4366    i.PRL_BistCompleted  USBPDTCPM_PD3_CONFIG_1_CM0_Keil.lib(usbpd_prl.o)
    0x0800517a   0x0800517a   0x00000002   PAD
    0x0800517c   0x0800517c   0x00000288   Code   RO         4367    i.PRL_Received      USBPDTCPM_PD3_CONFIG_1_CM0_Keil.lib(usbpd_prl.o)
    0x08005404   0x08005404   0x00000010   Code   RO         4368    i.PRL_ResetCompleted  USBPDTCPM_PD3_CONFIG_1_CM0_Keil.lib(usbpd_prl.o)
    0x08005414   0x08005414   0x00000050   Code   RO         4369    i.PRL_ResetIndicate  USBPDTCPM_PD3_CONFIG_1_CM0_Keil.lib(usbpd_prl.o)
    0x08005464   0x08005464   0x0000016c   Code   RO         4370    i.PRL_StateTXConstructMessage  USBPDTCPM_PD3_CONFIG_1_CM0_Keil.lib(usbpd_prl.o)
    0x080055d0   0x080055d0   0x00000070   Code   RO         4371    i.PRL_TxCompleted   USBPDTCPM_PD3_CONFIG_1_CM0_Keil.lib(usbpd_prl.o)
    0x08005640   0x08005640   0x0000001c   Code   RO         2278    i.RCC_GetHCLKClockFreq  stm32f0xx_ll_rcc.o
    0x0800565c   0x0800565c   0x00000018   Code   RO         2279    i.RCC_GetPCLK1ClockFreq  stm32f0xx_ll_rcc.o
    0x08005674   0x08005674   0x00000024   Code   RO         2280    i.RCC_GetSystemClockFreq  stm32f0xx_ll_rcc.o
    0x08005698   0x08005698   0x00000048   Code   RO         2281    i.RCC_PLL_GetFreqDomain_SYS  stm32f0xx_ll_rcc.o
    0x080056e0   0x080056e0   0x000004ba   Code   RO         4231    i.Request_MessageReq  gui_api.o
    0x08005b9a   0x08005b9a   0x00000002   Code   RO          416    i.SVC_Handler       port.o
    0x08005b9c   0x08005b9c   0x0000003c   Code   RO         4091    i.SavePDOInFlash    bsp_gui.o
    0x08005bd8   0x08005bd8   0x0000004c   Code   RO         4092    i.SaveSettingsInFlash  bsp_gui.o
    0x08005c24   0x08005c24   0x00000338   Code   RO         4232    i.Send_DpmConfigGetCnf  gui_api.o
    0x08005f5c   0x08005f5c   0x00000026   Code   RO         4233    i.Send_DpmConfigGetRej  gui_api.o
    0x08005f82   0x08005f82   0x00000002   PAD
    0x08005f84   0x08005f84   0x0000036c   Code   RO         4234    i.Send_DpmConfigSetCnf  gui_api.o
    0x080062f0   0x080062f0   0x00000214   Code   RO         4235    i.Send_DpmInitCnf   gui_api.o
    0x08006504   0x08006504   0x0000006c   Code   RO         4236    i.Send_DpmRegisterReadCnf  gui_api.o
    0x08006570   0x08006570   0x00000010   Code   RO         3738    i.SysTick_Handler   stm32f0xx_it.o
    0x08006580   0x08006580   0x00000094   Code   RO         3693    i.SystemClock_Config  main.o
    0x08006614   0x08006614   0x0000005c   Code   RO         2536    i.SystemInit        system_stm32f0xx.o
    0x08006670   0x08006670   0x00000130   Code   RO         4568    i.TCPM_CheckConnection  USBPDTCPM_PD3_CONFIG_1_CM0_Keil.lib(usbpd_tcpm.o)
    0x080067a0   0x080067a0   0x000000cc   Code   RO         4569    i.TCPM_Disconnect   USBPDTCPM_PD3_CONFIG_1_CM0_Keil.lib(usbpd_tcpm.o)
    0x0800686c   0x0800686c   0x00000014   Code   RO         4570    i.TCPM_PortIsDoingSwap  USBPDTCPM_PD3_CONFIG_1_CM0_Keil.lib(usbpd_tcpm.o)
    0x08006880   0x08006880   0x000000a0   Code   RO         4155    i.TLV_add           data_struct_tlv.o
    0x08006920   0x08006920   0x0000007c   Code   RO         4156    i.TLV_addValue      data_struct_tlv.o
    0x0800699c   0x0800699c   0x00000008   Code   RO         4157    i.TLV_deinit_decode  data_struct_tlv.o
    0x080069a4   0x080069a4   0x0000000c   Code   RO         4158    i.TLV_deinit_encode  data_struct_tlv.o
    0x080069b0   0x080069b0   0x0000004a   Code   RO         4159    i.TLV_get           data_struct_tlv.o
    0x080069fa   0x080069fa   0x00000020   Code   RO         4160    i.TLV_get_string_length  data_struct_tlv.o
    0x08006a1a   0x08006a1a   0x0000002a   Code   RO         4161    i.TLV_init_decode   data_struct_tlv.o
    0x08006a44   0x08006a44   0x00000048   Code   RO         4162    i.TLV_init_encode   data_struct_tlv.o
    0x08006a8c   0x08006a8c   0x00000040   Code   RO         3846    i.TRACER_EMB_Add    tracer_emb.o
    0x08006acc   0x08006acc   0x00000040   Code   RO         3847    i.TRACER_EMB_AllocateBufer  tracer_emb.o
    0x08006b0c   0x08006b0c   0x00000028   Code   RO         3848    i.TRACER_EMB_CALLBACK_TX  tracer_emb.o
    0x08006b34   0x08006b34   0x00000008   Code   RO         3849    i.TRACER_EMB_IRQHandlerDMA  tracer_emb.o
    0x08006b3c   0x08006b3c   0x00000008   Code   RO         3850    i.TRACER_EMB_IRQHandlerUSART  tracer_emb.o
    0x08006b44   0x08006b44   0x00000018   Code   RO         3851    i.TRACER_EMB_Init   tracer_emb.o
    0x08006b5c   0x08006b5c   0x00000018   Code   RO         3852    i.TRACER_EMB_Lock   tracer_emb.o
    0x08006b74   0x08006b74   0x00000002   Code   RO         3853    i.TRACER_EMB_LowPowerInit  tracer_emb.o
    0x08006b76   0x08006b76   0x00000002   Code   RO         3854    i.TRACER_EMB_LowPowerSendData  tracer_emb.o
    0x08006b78   0x08006b78   0x00000002   Code   RO         3855    i.TRACER_EMB_LowPowerSendDataComplete  tracer_emb.o
    0x08006b7a   0x08006b7a   0x0000000c   Code   RO         3857    i.TRACER_EMB_StartRX  tracer_emb.o
    0x08006b86   0x08006b86   0x00000002   PAD
    0x08006b88   0x08006b88   0x00000058   Code   RO         3858    i.TRACER_EMB_TX_Process  tracer_emb.o
    0x08006be0   0x08006be0   0x00000018   Code   RO         3859    i.TRACER_EMB_UnLock  tracer_emb.o
    0x08006bf8   0x08006bf8   0x00000008   Code   RO         4237    i.TRACER_EMB_WakeUpProcess  gui_api.o
    0x08006c00   0x08006c00   0x00000010   Code   RO         3861    i.TRACER_EMB_WriteData  tracer_emb.o
    0x08006c10   0x08006c10   0x000000e8   Code   RO         4238    i.TaskGUI           gui_api.o
    0x08006cf8   0x08006cf8   0x00000008   Code   RO         3739    i.USART3_4_IRQHandler  stm32f0xx_it.o
    0x08006d00   0x08006d00   0x00000010   Code   RO         4372    i.USBDPD_PRL_BistCarrierEyeMode  USBPDTCPM_PD3_CONFIG_1_CM0_Keil.lib(usbpd_prl.o)
    0x08006d10   0x08006d10   0x00000030   Code   RO         4373    i.USBDPD_PRL_BistCarrierEyeModeExit  USBPDTCPM_PD3_CONFIG_1_CM0_Keil.lib(usbpd_prl.o)
    0x08006d40   0x08006d40   0x0000004c   Code   RO          542    i.USBPD_ALERT_Task  usbpd_dpm_core.o
    0x08006d8c   0x08006d8c   0x00000084   Code   RO          543    i.USBPD_DPM_CADCallback  usbpd_dpm_core.o
    0x08006e10   0x08006e10   0x00000038   Code   RO         3181    i.USBPD_DPM_EvaluateDataRoleSwap  usbpd_dpm_user.o
    0x08006e48   0x08006e48   0x00000004   Code   RO         3182    i.USBPD_DPM_EvaluatePowerRoleSwap  usbpd_dpm_user.o
    0x08006e4c   0x08006e4c   0x00000068   Code   RO         3183    i.USBPD_DPM_EvaluateRequest  usbpd_dpm_user.o
    0x08006eb4   0x08006eb4   0x00000018   Code   RO         3184    i.USBPD_DPM_EvaluateVconnSwap  usbpd_dpm_user.o
    0x08006ecc   0x08006ecc   0x00000002   Code   RO         3185    i.USBPD_DPM_ExtendedMessageReceived  usbpd_dpm_user.o
    0x08006ece   0x08006ece   0x00000002   PAD
    0x08006ed0   0x08006ed0   0x000000d4   Code   RO         3186    i.USBPD_DPM_GetDataInfo  usbpd_dpm_user.o
    0x08006fa4   0x08006fa4   0x00000064   Code   RO         3187    i.USBPD_DPM_HardReset  usbpd_dpm_user.o
    0x08007008   0x08007008   0x0000008c   Code   RO          544    i.USBPD_DPM_InitCore  usbpd_dpm_core.o
    0x08007094   0x08007094   0x0000006c   Code   RO          545    i.USBPD_DPM_InitOS  usbpd_dpm_core.o
    0x08007100   0x08007100   0x00000012   Code   RO         3188    i.USBPD_DPM_IsPowerReady  usbpd_dpm_user.o
    0x08007112   0x08007112   0x00000002   PAD
    0x08007114   0x08007114   0x00000120   Code   RO         3189    i.USBPD_DPM_Notification  usbpd_dpm_user.o
    0x08007234   0x08007234   0x00000054   Code   RO         3190    i.USBPD_DPM_PE_VconnPwr  usbpd_dpm_user.o
    0x08007288   0x08007288   0x00000070   Code   RO         3191    i.USBPD_DPM_PowerRoleSwap  usbpd_dpm_user.o
    0x080072f8   0x080072f8   0x0000000c   Code   RO         3192    i.USBPD_DPM_RequestAlert  usbpd_dpm_user.o
    0x08007304   0x08007304   0x00000008   Code   RO         3193    i.USBPD_DPM_RequestCableReset  usbpd_dpm_user.o
    0x0800730c   0x0800730c   0x0000000c   Code   RO         3194    i.USBPD_DPM_RequestDataRoleSwap  usbpd_dpm_user.o
    0x08007318   0x08007318   0x0000000c   Code   RO         3195    i.USBPD_DPM_RequestFastRoleSwap  usbpd_dpm_user.o
    0x08007324   0x08007324   0x00000004   Code   RO         3197    i.USBPD_DPM_RequestGetBatteryCapability  usbpd_dpm_user.o
    0x08007328   0x08007328   0x00000004   Code   RO         3198    i.USBPD_DPM_RequestGetBatteryStatus  usbpd_dpm_user.o
    0x0800732c   0x0800732c   0x0000000c   Code   RO         3199    i.USBPD_DPM_RequestGetCountryCodes  usbpd_dpm_user.o
    0x08007338   0x08007338   0x0000000c   Code   RO         3200    i.USBPD_DPM_RequestGetCountryInfo  usbpd_dpm_user.o
    0x08007344   0x08007344   0x00000010   Code   RO         3201    i.USBPD_DPM_RequestGetManufacturerInfo  usbpd_dpm_user.o
    0x08007354   0x08007354   0x00000004   Code   RO         3202    i.USBPD_DPM_RequestGetPPS_Status  usbpd_dpm_user.o
    0x08007358   0x08007358   0x0000000c   Code   RO         3203    i.USBPD_DPM_RequestGetSinkCapability  usbpd_dpm_user.o
    0x08007364   0x08007364   0x0000000c   Code   RO         3204    i.USBPD_DPM_RequestGetSinkCapabilityExt  usbpd_dpm_user.o
    0x08007370   0x08007370   0x0000000c   Code   RO         3205    i.USBPD_DPM_RequestGetSourceCapability  usbpd_dpm_user.o
    0x0800737c   0x0800737c   0x00000004   Code   RO         3206    i.USBPD_DPM_RequestGetSourceCapabilityExt  usbpd_dpm_user.o
    0x08007380   0x08007380   0x0000000c   Code   RO         3207    i.USBPD_DPM_RequestGetStatus  usbpd_dpm_user.o
    0x0800738c   0x0800738c   0x0000000c   Code   RO         3208    i.USBPD_DPM_RequestGotoMin  usbpd_dpm_user.o
    0x08007398   0x08007398   0x00000008   Code   RO         3209    i.USBPD_DPM_RequestHardReset  usbpd_dpm_user.o
    0x080073a0   0x080073a0   0x0000009c   Code   RO         3210    i.USBPD_DPM_RequestMessageRequest  usbpd_dpm_user.o
    0x0800743c   0x0800743c   0x0000000c   Code   RO         3211    i.USBPD_DPM_RequestPing  usbpd_dpm_user.o
    0x08007448   0x08007448   0x0000000c   Code   RO         3212    i.USBPD_DPM_RequestPowerRoleSwap  usbpd_dpm_user.o
    0x08007454   0x08007454   0x00000004   Code   RO         3213    i.USBPD_DPM_RequestSecurityRequest  usbpd_dpm_user.o
    0x08007458   0x08007458   0x0000000c   Code   RO         3214    i.USBPD_DPM_RequestSoftReset  usbpd_dpm_user.o
    0x08007464   0x08007464   0x0000000c   Code   RO         3215    i.USBPD_DPM_RequestSourceCapability  usbpd_dpm_user.o
    0x08007470   0x08007470   0x00000028   Code   RO         3216    i.USBPD_DPM_RequestVDM_DiscoveryIdentify  usbpd_dpm_user.o
    0x08007498   0x08007498   0x00000008   Code   RO         3217    i.USBPD_DPM_RequestVDM_DiscoveryMode  usbpd_dpm_user.o
    0x080074a0   0x080074a0   0x00000008   Code   RO         3218    i.USBPD_DPM_RequestVDM_DiscoverySVID  usbpd_dpm_user.o
    0x080074a8   0x080074a8   0x00000008   Code   RO         3219    i.USBPD_DPM_RequestVDM_EnterMode  usbpd_dpm_user.o
    0x080074b0   0x080074b0   0x00000008   Code   RO         3220    i.USBPD_DPM_RequestVDM_ExitMode  usbpd_dpm_user.o
    0x080074b8   0x080074b8   0x0000000c   Code   RO         3221    i.USBPD_DPM_RequestVconnSwap  usbpd_dpm_user.o
    0x080074c4   0x080074c4   0x00000008   Code   RO          546    i.USBPD_DPM_Run     usbpd_dpm_core.o
    0x080074cc   0x080074cc   0x00000108   Code   RO         3222    i.USBPD_DPM_SNK_EvaluateCapabilities  usbpd_dpm_user.o
    0x080075d4   0x080075d4   0x00000248   Code   RO         3223    i.USBPD_DPM_SNK_EvaluateMatchWithSRCPDO  usbpd_dpm_user.o
    0x0800781c   0x0800781c   0x000000e4   Code   RO         3224    i.USBPD_DPM_SetDataInfo  usbpd_dpm_user.o
    0x08007900   0x08007900   0x00000010   Code   RO         3225    i.USBPD_DPM_SetNotification_GUI  usbpd_dpm_user.o
    0x08007910   0x08007910   0x0000002c   Code   RO         3226    i.USBPD_DPM_SetupNewPower  usbpd_dpm_user.o
    0x0800793c   0x0800793c   0x00000030   Code   RO          547    i.USBPD_DPM_TimerCounter  usbpd_dpm_core.o
    0x0800796c   0x0800796c   0x0000001c   Code   RO          548    i.USBPD_DPM_TraceWakeUp  usbpd_dpm_core.o
    0x08007988   0x08007988   0x000000bc   Code   RO         3227    i.USBPD_DPM_UserCableDetection  usbpd_dpm_user.o
    0x08007a44   0x08007a44   0x00000048   Code   RO         3228    i.USBPD_DPM_UserExecute  usbpd_dpm_user.o
    0x08007a8c   0x08007a8c   0x00000044   Code   RO         3229    i.USBPD_DPM_UserInit  usbpd_dpm_user.o
    0x08007ad0   0x08007ad0   0x0000001c   Code   RO         3230    i.USBPD_DPM_UserTimerCounter  usbpd_dpm_user.o
    0x08007aec   0x08007aec   0x00000008   Code   RO         3231    i.USBPD_DPM_WaitForTime  usbpd_dpm_user.o
    0x08007af4   0x08007af4   0x00000014   Code   RO         4473    i.USBPD_PE_CheckLIB  USBPDTCPM_PD3_CONFIG_1_CM0_Keil.lib(usbpd_pe.o)
    0x08007b08   0x08007b08   0x0000000e   Code   RO         4475    i.USBPD_PE_GetMemoryConsumption  USBPDTCPM_PD3_CONFIG_1_CM0_Keil.lib(usbpd_pe.o)
    0x08007b16   0x08007b16   0x00000002   PAD
    0x08007b18   0x08007b18   0x000000c8   Code   RO         4476    i.USBPD_PE_Init     USBPDTCPM_PD3_CONFIG_1_CM0_Keil.lib(usbpd_pe.o)
    0x08007be0   0x08007be0   0x00000010   Code   RO         4477    i.USBPD_PE_InitVDM_Callback  USBPDTCPM_PD3_CONFIG_1_CM0_Keil.lib(usbpd_pe.o)
    0x08007bf0   0x08007bf0   0x00000038   Code   RO         4478    i.USBPD_PE_IsCableConnected  USBPDTCPM_PD3_CONFIG_1_CM0_Keil.lib(usbpd_pe.o)
    0x08007c28   0x08007c28   0x00000038   Code   RO         4479    i.USBPD_PE_Request_CableReset  USBPDTCPM_PD3_CONFIG_1_CM0_Keil.lib(usbpd_pe.o)
    0x08007c60   0x08007c60   0x000001d8   Code   RO         4480    i.USBPD_PE_Request_CtrlMessage  USBPDTCPM_PD3_CONFIG_1_CM0_Keil.lib(usbpd_pe.o)
    0x08007e38   0x08007e38   0x00000094   Code   RO         4481    i.USBPD_PE_Request_DataMessage  USBPDTCPM_PD3_CONFIG_1_CM0_Keil.lib(usbpd_pe.o)
    0x08007ecc   0x08007ecc   0x00000020   Code   RO         4482    i.USBPD_PE_Request_HardReset  USBPDTCPM_PD3_CONFIG_1_CM0_Keil.lib(usbpd_pe.o)
    0x08007eec   0x08007eec   0x00000068   Code   RO         4483    i.USBPD_PE_SVDM_RequestIdentity  USBPDTCPM_PD3_CONFIG_1_CM0_Keil.lib(usbpd_pe.o)
    0x08007f54   0x08007f54   0x00000064   Code   RO         4484    i.USBPD_PE_SVDM_RequestMode  USBPDTCPM_PD3_CONFIG_1_CM0_Keil.lib(usbpd_pe.o)
    0x08007fb8   0x08007fb8   0x00000078   Code   RO         4485    i.USBPD_PE_SVDM_RequestModeEnter  USBPDTCPM_PD3_CONFIG_1_CM0_Keil.lib(usbpd_pe.o)
    0x08008030   0x08008030   0x00000078   Code   RO         4486    i.USBPD_PE_SVDM_RequestModeExit  USBPDTCPM_PD3_CONFIG_1_CM0_Keil.lib(usbpd_pe.o)
    0x080080a8   0x080080a8   0x0000005c   Code   RO         4487    i.USBPD_PE_SVDM_RequestSVID  USBPDTCPM_PD3_CONFIG_1_CM0_Keil.lib(usbpd_pe.o)
    0x08008104   0x08008104   0x000000dc   Code   RO         4489    i.USBPD_PE_SendExtendedMessage  USBPDTCPM_PD3_CONFIG_1_CM0_Keil.lib(usbpd_pe.o)
    0x080081e0   0x080081e0   0x00000058   Code   RO         4490    i.USBPD_PE_Send_Request  USBPDTCPM_PD3_CONFIG_1_CM0_Keil.lib(usbpd_pe.o)
    0x08008238   0x08008238   0x00000018   Code   RO         4491    i.USBPD_PE_SetTrace  USBPDTCPM_PD3_CONFIG_1_CM0_Keil.lib(usbpd_pe.o)
    0x08008250   0x08008250   0x00000020   Code   RO         4492    i.USBPD_PE_StateMachine_DRP  USBPDTCPM_PD3_CONFIG_1_CM0_Keil.lib(usbpd_pe.o)
    0x08008270   0x08008270   0x0000103c   Code   RO         4493    i.USBPD_PE_StateMachine_SNK  USBPDTCPM_PD3_CONFIG_1_CM0_Keil.lib(usbpd_pe.o)
    0x080092ac   0x080092ac   0x00001030   Code   RO         4494    i.USBPD_PE_StateMachine_SRC  USBPDTCPM_PD3_CONFIG_1_CM0_Keil.lib(usbpd_pe.o)
    0x0800a2dc   0x0800a2dc   0x00000044   Code   RO          549    i.USBPD_PE_Task     usbpd_dpm_core.o
    0x0800a320   0x0800a320   0x0000001c   Code   RO          550    i.USBPD_PE_TaskWakeUp  usbpd_dpm_core.o
    0x0800a33c   0x0800a33c   0x0000006c   Code   RO         4496    i.USBPD_PE_TimerCounter  USBPDTCPM_PD3_CONFIG_1_CM0_Keil.lib(usbpd_pe.o)
    0x0800a3a8   0x0800a3a8   0x00000018   Code   RO         4571    i.USBPD_PHY_DisableRX  USBPDTCPM_PD3_CONFIG_1_CM0_Keil.lib(usbpd_tcpm.o)
    0x0800a3c0   0x0800a3c0   0x00000018   Code   RO         4572    i.USBPD_PHY_EnableRX  USBPDTCPM_PD3_CONFIG_1_CM0_Keil.lib(usbpd_tcpm.o)
    0x0800a3d8   0x0800a3d8   0x00000048   Code   RO         4574    i.USBPD_PHY_Init    USBPDTCPM_PD3_CONFIG_1_CM0_Keil.lib(usbpd_tcpm.o)
    0x0800a420   0x0800a420   0x0000001c   Code   RO         4575    i.USBPD_PHY_IsResistor_SinkTxOk  USBPDTCPM_PD3_CONFIG_1_CM0_Keil.lib(usbpd_tcpm.o)
    0x0800a43c   0x0800a43c   0x00000002   Code   RO         4576    i.USBPD_PHY_Reset   USBPDTCPM_PD3_CONFIG_1_CM0_Keil.lib(usbpd_tcpm.o)
    0x0800a43e   0x0800a43e   0x00000002   PAD
    0x0800a440   0x0800a440   0x00000024   Code   RO         4577    i.USBPD_PHY_ResetRequest  USBPDTCPM_PD3_CONFIG_1_CM0_Keil.lib(usbpd_tcpm.o)
    0x0800a464   0x0800a464   0x00000018   Code   RO         4578    i.USBPD_PHY_SOPSupported  USBPDTCPM_PD3_CONFIG_1_CM0_Keil.lib(usbpd_tcpm.o)
    0x0800a47c   0x0800a47c   0x00000024   Code   RO         4579    i.USBPD_PHY_Send_BIST_Pattern  USBPDTCPM_PD3_CONFIG_1_CM0_Keil.lib(usbpd_tcpm.o)
    0x0800a4a0   0x0800a4a0   0x00000018   Code   RO         4580    i.USBPD_PHY_SetResistor_SinkTxNG  USBPDTCPM_PD3_CONFIG_1_CM0_Keil.lib(usbpd_tcpm.o)
    0x0800a4b8   0x0800a4b8   0x00000018   Code   RO         4581    i.USBPD_PHY_SetResistor_SinkTxOK  USBPDTCPM_PD3_CONFIG_1_CM0_Keil.lib(usbpd_tcpm.o)
    0x0800a4d0   0x0800a4d0   0x00000028   Code   RO         4374    i.USBPD_PRL_CBL_SetHeaderSpecification  USBPDTCPM_PD3_CONFIG_1_CM0_Keil.lib(usbpd_prl.o)
    0x0800a4f8   0x0800a4f8   0x00000018   Code   RO         4376    i.USBPD_PRL_DisableRX  USBPDTCPM_PD3_CONFIG_1_CM0_Keil.lib(usbpd_prl.o)
    0x0800a510   0x0800a510   0x00000018   Code   RO         4377    i.USBPD_PRL_EnableRX  USBPDTCPM_PD3_CONFIG_1_CM0_Keil.lib(usbpd_prl.o)
    0x0800a528   0x0800a528   0x00000006   Code   RO         4379    i.USBPD_PRL_GetMemoryConsumption  USBPDTCPM_PD3_CONFIG_1_CM0_Keil.lib(usbpd_prl.o)
    0x0800a52e   0x0800a52e   0x00000002   PAD
    0x0800a530   0x0800a530   0x00000098   Code   RO         4380    i.USBPD_PRL_Init    USBPDTCPM_PD3_CONFIG_1_CM0_Keil.lib(usbpd_prl.o)
    0x0800a5c8   0x0800a5c8   0x00000008   Code   RO         4381    i.USBPD_PRL_IsResistor_SinkTxOK  USBPDTCPM_PD3_CONFIG_1_CM0_Keil.lib(usbpd_prl.o)
    0x0800a5d0   0x0800a5d0   0x00000008   Code   RO         4382    i.USBPD_PRL_PowerSinkReset  USBPDTCPM_PD3_CONFIG_1_CM0_Keil.lib(usbpd_prl.o)
    0x0800a5d8   0x0800a5d8   0x00000064   Code   RO         4383    i.USBPD_PRL_PrepareChunkRequest  USBPDTCPM_PD3_CONFIG_1_CM0_Keil.lib(usbpd_prl.o)
    0x0800a63c   0x0800a63c   0x00000054   Code   RO         4384    i.USBPD_PRL_PrepareExtendedTxChunkSending  USBPDTCPM_PD3_CONFIG_1_CM0_Keil.lib(usbpd_prl.o)
    0x0800a690   0x0800a690   0x00000058   Code   RO         4385    i.USBPD_PRL_Reset   USBPDTCPM_PD3_CONFIG_1_CM0_Keil.lib(usbpd_prl.o)
    0x0800a6e8   0x0800a6e8   0x000000a8   Code   RO         4386    i.USBPD_PRL_ResetRequestProcess  USBPDTCPM_PD3_CONFIG_1_CM0_Keil.lib(usbpd_prl.o)
    0x0800a790   0x0800a790   0x00000010   Code   RO         4387    i.USBPD_PRL_ResetRequestReset  USBPDTCPM_PD3_CONFIG_1_CM0_Keil.lib(usbpd_prl.o)
    0x0800a7a0   0x0800a7a0   0x00000008   Code   RO         4388    i.USBPD_PRL_SOPCapability  USBPDTCPM_PD3_CONFIG_1_CM0_Keil.lib(usbpd_prl.o)
    0x0800a7a8   0x0800a7a8   0x00000018   Code   RO         4389    i.USBPD_PRL_SRCReleaseSinkNG  USBPDTCPM_PD3_CONFIG_1_CM0_Keil.lib(usbpd_prl.o)
    0x0800a7c0   0x0800a7c0   0x00000008   Code   RO         4390    i.USBPD_PRL_SRCSetSinkNG  USBPDTCPM_PD3_CONFIG_1_CM0_Keil.lib(usbpd_prl.o)
    0x0800a7c8   0x0800a7c8   0x000001d8   Code   RO         4391    i.USBPD_PRL_SendMessage  USBPDTCPM_PD3_CONFIG_1_CM0_Keil.lib(usbpd_prl.o)
    0x0800a9a0   0x0800a9a0   0x00000044   Code   RO         4392    i.USBPD_PRL_SetHeader  USBPDTCPM_PD3_CONFIG_1_CM0_Keil.lib(usbpd_prl.o)
    0x0800a9e4   0x0800a9e4   0x0000002c   Code   RO         4393    i.USBPD_PRL_SetHeaderDataRole  USBPDTCPM_PD3_CONFIG_1_CM0_Keil.lib(usbpd_prl.o)
    0x0800aa10   0x0800aa10   0x0000002c   Code   RO         4394    i.USBPD_PRL_SetHeaderPowerRole  USBPDTCPM_PD3_CONFIG_1_CM0_Keil.lib(usbpd_prl.o)
    0x0800aa3c   0x0800aa3c   0x0000002c   Code   RO         4395    i.USBPD_PRL_SetHeaderSpecification  USBPDTCPM_PD3_CONFIG_1_CM0_Keil.lib(usbpd_prl.o)
    0x0800aa68   0x0800aa68   0x00000024   Code   RO         4396    i.USBPD_PRL_TimerCounter  USBPDTCPM_PD3_CONFIG_1_CM0_Keil.lib(usbpd_prl.o)
    0x0800aa8c   0x0800aa8c   0x000000d0   Code   RO         3538    i.USBPD_PWR_IF_CheckUpdateSNKPower  usbpd_pwr_if.o
    0x0800ab5c   0x0800ab5c   0x00000040   Code   RO         3539    i.USBPD_PWR_IF_Disable_VConn  usbpd_pwr_if.o
    0x0800ab9c   0x0800ab9c   0x00000040   Code   RO         3540    i.USBPD_PWR_IF_Enable_VConn  usbpd_pwr_if.o
    0x0800abdc   0x0800abdc   0x00000088   Code   RO         3541    i.USBPD_PWR_IF_GetPortPDOs  usbpd_pwr_if.o
    0x0800ac64   0x0800ac64   0x00000030   Code   RO         3542    i.USBPD_PWR_IF_Init  usbpd_pwr_if.o
    0x0800ac94   0x0800ac94   0x0000002c   Code   RO         3544    i.USBPD_PWR_IF_SearchRequestedPDO  usbpd_pwr_if.o
    0x0800acc0   0x0800acc0   0x00000068   Code   RO         3545    i.USBPD_PWR_IF_SetProfile  usbpd_pwr_if.o
    0x0800ad28   0x0800ad28   0x0000001a   Code   RO         3546    i.USBPD_PWR_IF_SupplyReady  usbpd_pwr_if.o
    0x0800ad42   0x0800ad42   0x00000002   PAD
    0x0800ad44   0x0800ad44   0x00000050   Code   RO         3547    i.USBPD_PWR_IF_VBUSDisable  usbpd_pwr_if.o
    0x0800ad94   0x0800ad94   0x00000080   Code   RO         3548    i.USBPD_PWR_IF_VBUSEnable  usbpd_pwr_if.o
    0x0800ae14   0x0800ae14   0x00000010   Code   RO         3549    i.USBPD_PWR_IF_VBUSIsEnabled  usbpd_pwr_if.o
    0x0800ae24   0x0800ae24   0x00000008   Code   RO          162    i.USBPD_TCPCI_Delay  usbpd_tcpci.o
    0x0800ae2c   0x0800ae2c   0x00000010   Code   RO          163    i.USBPD_TCPCI_GetDevicesDrivers  usbpd_tcpci.o
    0x0800ae3c   0x0800ae3c   0x00000088   Code   RO          164    i.USBPD_TCPCI_Init  usbpd_tcpci.o
    0x0800aec4   0x0800aec4   0x00000048   Code   RO          165    i.USBPD_TCPCI_ReadRegister  usbpd_tcpci.o
    0x0800af0c   0x0800af0c   0x0000008c   Code   RO          166    i.USBPD_TCPCI_ReceiveBuffer  usbpd_tcpci.o
    0x0800af98   0x0800af98   0x00000088   Code   RO          167    i.USBPD_TCPCI_SendTransmitBuffer  usbpd_tcpci.o
    0x0800b020   0x0800b020   0x00000048   Code   RO          168    i.USBPD_TCPCI_WriteRegister  usbpd_tcpci.o
    0x0800b068   0x0800b068   0x00000048   Code   RO          169    i.USBPD_TCPI_AlertInit  usbpd_tcpci.o
    0x0800b0b0   0x0800b0b0   0x000000e4   Code   RO         4584    i.USBPD_TCPM_HWInit  USBPDTCPM_PD3_CONFIG_1_CM0_Keil.lib(usbpd_tcpm.o)
    0x0800b194   0x0800b194   0x00000028   Code   RO         4585    i.USBPD_TCPM_Send_BIST_Pattern  USBPDTCPM_PD3_CONFIG_1_CM0_Keil.lib(usbpd_tcpm.o)
    0x0800b1bc   0x0800b1bc   0x00000014   Code   RO         4586    i.USBPD_TCPM_VBUS_Disable  USBPDTCPM_PD3_CONFIG_1_CM0_Keil.lib(usbpd_tcpm.o)
    0x0800b1d0   0x0800b1d0   0x00000014   Code   RO         4587    i.USBPD_TCPM_VBUS_Enable  USBPDTCPM_PD3_CONFIG_1_CM0_Keil.lib(usbpd_tcpm.o)
    0x0800b1e4   0x0800b1e4   0x0000002c   Code   RO         4588    i.USBPD_TCPM_VBUS_GetVoltage  USBPDTCPM_PD3_CONFIG_1_CM0_Keil.lib(usbpd_tcpm.o)
    0x0800b210   0x0800b210   0x00000034   Code   RO         4589    i.USBPD_TCPM_VBUS_IsVsafe0V  USBPDTCPM_PD3_CONFIG_1_CM0_Keil.lib(usbpd_tcpm.o)
    0x0800b244   0x0800b244   0x00000030   Code   RO         4590    i.USBPD_TCPM_VBUS_IsVsafe5V  USBPDTCPM_PD3_CONFIG_1_CM0_Keil.lib(usbpd_tcpm.o)
    0x0800b274   0x0800b274   0x000002bc   Code   RO         4591    i.USBPD_TCPM_alert  USBPDTCPM_PD3_CONFIG_1_CM0_Keil.lib(usbpd_tcpm.o)
    0x0800b530   0x0800b530   0x00000014   Code   RO         4592    i.USBPD_TCPM_get_cc  USBPDTCPM_PD3_CONFIG_1_CM0_Keil.lib(usbpd_tcpm.o)
    0x0800b544   0x0800b544   0x00000014   Code   RO         4593    i.USBPD_TCPM_get_message  USBPDTCPM_PD3_CONFIG_1_CM0_Keil.lib(usbpd_tcpm.o)
    0x0800b558   0x0800b558   0x00000014   Code   RO         4594    i.USBPD_TCPM_set_cc  USBPDTCPM_PD3_CONFIG_1_CM0_Keil.lib(usbpd_tcpm.o)
    0x0800b56c   0x0800b56c   0x00000018   Code   RO         4595    i.USBPD_TCPM_set_msg_header  USBPDTCPM_PD3_CONFIG_1_CM0_Keil.lib(usbpd_tcpm.o)
    0x0800b584   0x0800b584   0x00000014   Code   RO         4596    i.USBPD_TCPM_set_polarity  USBPDTCPM_PD3_CONFIG_1_CM0_Keil.lib(usbpd_tcpm.o)
    0x0800b598   0x0800b598   0x00000018   Code   RO         4597    i.USBPD_TCPM_set_rx_state  USBPDTCPM_PD3_CONFIG_1_CM0_Keil.lib(usbpd_tcpm.o)
    0x0800b5b0   0x0800b5b0   0x00000010   Code   RO         4598    i.USBPD_TCPM_set_vconn  USBPDTCPM_PD3_CONFIG_1_CM0_Keil.lib(usbpd_tcpm.o)
    0x0800b5c0   0x0800b5c0   0x0000003c   Code   RO         4599    i.USBPD_TCPM_transmit  USBPDTCPM_PD3_CONFIG_1_CM0_Keil.lib(usbpd_tcpm.o)
    0x0800b5fc   0x0800b5fc   0x00000118   Code   RO          482    i.USBPD_TRACE_Add   usbpd_trace.o
    0x0800b714   0x0800b714   0x00000014   Code   RO          484    i.USBPD_TRACE_Init  usbpd_trace.o
    0x0800b728   0x0800b728   0x00000008   Code   RO          485    i.USBPD_TRACE_TX_Process  usbpd_trace.o
    0x0800b730   0x0800b730   0x00000018   Code   RO          551    i.USBPD_TRACE_TX_Task  usbpd_dpm_core.o
    0x0800b748   0x0800b748   0x00000064   Code   RO         3787    i.USBPD_VDM_InformIdentity  usbpd_vdm_user.o
    0x0800b7ac   0x0800b7ac   0x00000002   Code   RO         3788    i.USBPD_VDM_InformMode  usbpd_vdm_user.o
    0x0800b7ae   0x0800b7ae   0x00000002   Code   RO         3789    i.USBPD_VDM_InformModeEnter  usbpd_vdm_user.o
    0x0800b7b0   0x0800b7b0   0x00000002   Code   RO         3790    i.USBPD_VDM_InformModeExit  usbpd_vdm_user.o
    0x0800b7b2   0x0800b7b2   0x00000002   Code   RO         3791    i.USBPD_VDM_InformSVID  usbpd_vdm_user.o
    0x0800b7b4   0x0800b7b4   0x00000002   Code   RO         3792    i.USBPD_VDM_InformSpecific  usbpd_vdm_user.o
    0x0800b7b6   0x0800b7b6   0x00000002   Code   RO         3793    i.USBPD_VDM_SendSpecific  usbpd_vdm_user.o
    0x0800b7b8   0x0800b7b8   0x00000010   Code   RO         3794    i.USBPD_VDM_UserInit  usbpd_vdm_user.o
    0x0800b7c8   0x0800b7c8   0x000000bc   Code   RO         4239    i.UpdateSNKPowerPort0  gui_api.o
    0x0800b884   0x0800b884   0x0000005c   Code   RO         3550    i._PWR_CheckPDOContent  usbpd_pwr_if.o
    0x0800b8e0   0x0800b8e0   0x00000028   Code   RO         4862    i.__0sprintf$8      mc_p.l(printf8.o)
    0x0800b908   0x0800b908   0x0000001a   Code   RO         1003    i.__ARM_common_switch8  cmsis_os.o
    0x0800b922   0x0800b922   0x00000002   PAD
    0x0800b924   0x0800b924   0x00000018   Code   RO         3981    i.__NVIC_EnableIRQ  tracer_emb_hw.o
    0x0800b93c   0x0800b93c   0x00000044   Code   RO         2072    i.__NVIC_SetPriority  stm32f0xx_hal_cortex.o
    0x0800b980   0x0800b980   0x00000044   Code   RO         3982    i.__NVIC_SetPriority  tracer_emb_hw.o
    0x0800b9c4   0x0800b9c4   0x0000000e   Code   RO         4996    i.__scatterload_copy  mc_p.l(handlers.o)
    0x0800b9d2   0x0800b9d2   0x00000002   Code   RO         4997    i.__scatterload_null  mc_p.l(handlers.o)
    0x0800b9d4   0x0800b9d4   0x0000000e   Code   RO         4998    i.__scatterload_zeroinit  mc_p.l(handlers.o)
    0x0800b9e2   0x0800b9e2   0x00000002   PAD
    0x0800b9e4   0x0800b9e4   0x00000428   Code   RO         4867    i._printf_core      mc_p.l(printf8.o)
    0x0800be0c   0x0800be0c   0x00000020   Code   RO         4868    i._printf_post_padding  mc_p.l(printf8.o)
    0x0800be2c   0x0800be2c   0x0000002c   Code   RO         4869    i._printf_pre_padding  mc_p.l(printf8.o)
    0x0800be58   0x0800be58   0x0000000a   Code   RO         4871    i._sputc            mc_p.l(printf8.o)
    0x0800be62   0x0800be62   0x00000002   PAD
    0x0800be64   0x0800be64   0x00000058   Code   RO         2990    i.fusb305_tcpc_DisableRx  fusb305.o
    0x0800bebc   0x0800bebc   0x00000024   Code   RO         2991    i.fusb305_tcpc_EnableRx  fusb305.o
    0x0800bee0   0x0800bee0   0x00000004   Code   RO         2992    i.fusb305_tcpc_IfSinkTxOk  fusb305.o
    0x0800bee4   0x0800bee4   0x00000028   Code   RO         2993    i.fusb305_tcpc_SinkTxNG  fusb305.o
    0x0800bf0c   0x0800bf0c   0x00000030   Code   RO         2994    i.fusb305_tcpc_SinkTxOK  fusb305.o
    0x0800bf3c   0x0800bf3c   0x000000a0   Code   RO         2995    i.fusb305_tcpc_alert  fusb305.o
    0x0800bfdc   0x0800bfdc   0x00000024   Code   RO         2996    i.fusb305_tcpc_clear_alert  fusb305.o
    0x0800c000   0x0800c000   0x00000144   Code   RO         2997    i.fusb305_tcpc_get_cc  fusb305.o
    0x0800c144   0x0800c144   0x00000024   Code   RO         2998    i.fusb305_tcpc_get_fault_status  fusb305.o
    0x0800c168   0x0800c168   0x0000000e   Code   RO         2999    i.fusb305_tcpc_get_message  fusb305.o
    0x0800c176   0x0800c176   0x00000002   PAD
    0x0800c178   0x0800c178   0x00000068   Code   RO         3000    i.fusb305_tcpc_get_power_status  fusb305.o
    0x0800c1e0   0x0800c1e0   0x000000c4   Code   RO         3001    i.fusb305_tcpc_get_vbus_level  fusb305.o
    0x0800c2a4   0x0800c2a4   0x000001ac   Code   RO         3002    i.fusb305_tcpc_init  fusb305.o
    0x0800c450   0x0800c450   0x0000003c   Code   RO         3003    i.fusb305_tcpc_set_bist_test_data  fusb305.o
    0x0800c48c   0x0800c48c   0x00000054   Code   RO         3004    i.fusb305_tcpc_set_cc  fusb305.o
    0x0800c4e0   0x0800c4e0   0x00000024   Code   RO         3005    i.fusb305_tcpc_set_fault_status  fusb305.o
    0x0800c504   0x0800c504   0x00000028   Code   RO         3006    i.fusb305_tcpc_set_msg_header  fusb305.o
    0x0800c52c   0x0800c52c   0x0000002c   Code   RO         3007    i.fusb305_tcpc_set_polarity  fusb305.o
    0x0800c558   0x0800c558   0x000001a0   Code   RO         3008    i.fusb305_tcpc_set_rx_state  fusb305.o
    0x0800c6f8   0x0800c6f8   0x00000028   Code   RO         3009    i.fusb305_tcpc_set_sop_supported  fusb305.o
    0x0800c720   0x0800c720   0x000001bc   Code   RO         3010    i.fusb305_tcpc_set_vbus_level  fusb305.o
    0x0800c8dc   0x0800c8dc   0x00000074   Code   RO         3011    i.fusb305_tcpc_set_vconn  fusb305.o
    0x0800c950   0x0800c950   0x000000a0   Code   RO         3012    i.fusb305_tcpc_transmit  fusb305.o
    0x0800c9f0   0x0800c9f0   0x0000000c   Code   RO          660    i.inHandlerMode     cmsis_os.o
    0x0800c9fc   0x0800c9fc   0x00000064   Code   RO         3694    i.main              main.o
    0x0800ca60   0x0800ca60   0x0000006c   Code   RO         4915    i.malloc            mc_p.l(malloc.o)
    0x0800cacc   0x0800cacc   0x00000010   Code   RO          662    i.osDelay           cmsis_os.o
    0x0800cadc   0x0800cadc   0x0000000a   Code   RO          665    i.osKernelStart     cmsis_os.o
    0x0800cae6   0x0800cae6   0x0000000c   Code   RO          674    i.osMessageCreate   cmsis_os.o
    0x0800caf2   0x0800caf2   0x00000002   PAD
    0x0800caf4   0x0800caf4   0x0000008c   Code   RO          676    i.osMessageGet      cmsis_os.o
    0x0800cb80   0x0800cb80   0x00000058   Code   RO          678    i.osMessagePut      cmsis_os.o
    0x0800cbd8   0x0800cbd8   0x00000026   Code   RO          691    i.osSemaphoreCreate  cmsis_os.o
    0x0800cbfe   0x0800cbfe   0x00000002   PAD
    0x0800cc00   0x0800cc00   0x0000004c   Code   RO          694    i.osSemaphoreRelease  cmsis_os.o
    0x0800cc4c   0x0800cc4c   0x00000064   Code   RO          695    i.osSemaphoreWait   cmsis_os.o
    0x0800ccb0   0x0800ccb0   0x00000008   Code   RO          698    i.osSystickHandler  cmsis_os.o
    0x0800ccb8   0x0800ccb8   0x00000030   Code   RO          699    i.osThreadCreate    cmsis_os.o
    0x0800cce8   0x0800cce8   0x0000000a   Code   RO          710    i.osThreadTerminate  cmsis_os.o
    0x0800ccf2   0x0800ccf2   0x00000002   PAD
    0x0800ccf4   0x0800ccf4   0x00000058   Code   RO         2751    i.prvAddCurrentTaskToDelayedList  tasks.o
    0x0800cd4c   0x0800cd4c   0x000000b8   Code   RO         2752    i.prvAddNewTaskToReadyList  tasks.o
    0x0800ce04   0x0800ce04   0x00000026   Code   RO         2604    i.prvCopyDataFromQueue  queue.o
    0x0800ce2a   0x0800ce2a   0x0000005c   Code   RO         2605    i.prvCopyDataToQueue  queue.o
    0x0800ce86   0x0800ce86   0x00000012   Code   RO         2753    i.prvDeleteTCB      tasks.o
    0x0800ce98   0x0800ce98   0x00000048   Code   RO          350    i.prvHeapInit       heap_4.o
    0x0800cee0   0x0800cee0   0x00000048   Code   RO         2754    i.prvIdleTask       tasks.o
    0x0800cf28   0x0800cf28   0x00000076   Code   RO         2755    i.prvInitialiseNewTask  tasks.o
    0x0800cf9e   0x0800cf9e   0x00000002   PAD
    0x0800cfa0   0x0800cfa0   0x0000004c   Code   RO          351    i.prvInsertBlockIntoFreeList  heap_4.o
    0x0800cfec   0x0800cfec   0x0000001c   Code   RO         2606    i.prvIsQueueEmpty   queue.o
    0x0800d008   0x0800d008   0x00000020   Code   RO         2756    i.prvResetNextTaskUnblockTime  tasks.o
    0x0800d028   0x0800d028   0x00000014   Code   RO          417    i.prvTaskExitError  port.o
    0x0800d03c   0x0800d03c   0x00000070   Code   RO         2607    i.prvUnlockQueue    queue.o
    0x0800d0ac   0x0800d0ac   0x000000b0   Code   RO          352    i.pvPortMalloc      heap_4.o
    0x0800d15c   0x0800d15c   0x00000020   Code   RO          418    i.pxPortInitialiseStack  port.o
    0x0800d17c   0x0800d17c   0x0000004c   Code   RO         3013    i.tcpc_set_alert_mask  fusb305.o
    0x0800d1c8   0x0800d1c8   0x0000020c   Code   RO         3014    i.tcpc_set_pin_role  fusb305.o
    0x0800d3d4   0x0800d3d4   0x0000022c   Code   RO         3015    i.tcpc_set_power    fusb305.o
    0x0800d600   0x0800d600   0x00000026   Code   RO         2567    i.uxListRemove      list.o
    0x0800d626   0x0800d626   0x0000000c   Code   RO         2609    i.uxQueueMessagesWaitingFromISR  queue.o
    0x0800d632   0x0800d632   0x00000002   PAD
    0x0800d634   0x0800d634   0x0000000c   Code   RO         2759    i.uxTaskGetNumberOfTasks  tasks.o
    0x0800d640   0x0800d640   0x00000016   Code   RO         2568    i.vListInitialise   list.o
    0x0800d656   0x0800d656   0x00000006   Code   RO         2569    i.vListInitialiseItem  list.o
    0x0800d65c   0x0800d65c   0x00000030   Code   RO         2570    i.vListInsert       list.o
    0x0800d68c   0x0800d68c   0x00000018   Code   RO         2571    i.vListInsertEnd    list.o
    0x0800d6a4   0x0800d6a4   0x00000018   Code   RO          420    i.vPortEnterCritical  port.o
    0x0800d6bc   0x0800d6bc   0x0000001c   Code   RO          421    i.vPortExitCritical  port.o
    0x0800d6d8   0x0800d6d8   0x00000044   Code   RO          353    i.vPortFree         heap_4.o
    0x0800d71c   0x0800d71c   0x00000018   Code   RO          422    i.vPortYield        port.o
    0x0800d734   0x0800d734   0x00000030   Code   RO         2761    i.vTaskDelay        tasks.o
    0x0800d764   0x0800d764   0x00000078   Code   RO         2762    i.vTaskDelete       tasks.o
    0x0800d7dc   0x0800d7dc   0x00000010   Code   RO         2764    i.vTaskInternalSetTimeOutState  tasks.o
    0x0800d7ec   0x0800d7ec   0x0000000c   Code   RO         2765    i.vTaskMissedYield  tasks.o
    0x0800d7f8   0x0800d7f8   0x00000024   Code   RO         2767    i.vTaskPlaceOnEventList  tasks.o
    0x0800d81c   0x0800d81c   0x0000004c   Code   RO         2772    i.vTaskStartScheduler  tasks.o
    0x0800d868   0x0800d868   0x00000010   Code   RO         2774    i.vTaskSuspendAll   tasks.o
    0x0800d878   0x0800d878   0x00000058   Code   RO         2775    i.vTaskSwitchContext  tasks.o
    0x0800d8d0   0x0800d8d0   0x00000050   Code   RO          423    i.xPortStartScheduler  port.o
    0x0800d920   0x0800d920   0x00000024   Code   RO          424    i.xPortSysTickHandler  port.o
    0x0800d944   0x0800d944   0x0000003e   Code   RO         2614    i.xQueueGenericCreate  queue.o
    0x0800d982   0x0800d982   0x0000006c   Code   RO         2615    i.xQueueGenericReset  queue.o
    0x0800d9ee   0x0800d9ee   0x00000106   Code   RO         2616    i.xQueueGenericSend  queue.o
    0x0800daf4   0x0800daf4   0x0000008c   Code   RO         2617    i.xQueueGenericSendFromISR  queue.o
    0x0800db80   0x0800db80   0x00000074   Code   RO         2618    i.xQueueGiveFromISR  queue.o
    0x0800dbf4   0x0800dbf4   0x000000f0   Code   RO         2623    i.xQueueReceive     queue.o
    0x0800dce4   0x0800dce4   0x00000078   Code   RO         2624    i.xQueueReceiveFromISR  queue.o
    0x0800dd5c   0x0800dd5c   0x000000e0   Code   RO         2625    i.xQueueSemaphoreTake  queue.o
    0x0800de3c   0x0800de3c   0x0000005c   Code   RO         2776    i.xTaskCheckForTimeOut  tasks.o
    0x0800de98   0x0800de98   0x0000004e   Code   RO         2777    i.xTaskCreate       tasks.o
    0x0800dee6   0x0800dee6   0x00000002   PAD
    0x0800dee8   0x0800dee8   0x000000bc   Code   RO         2782    i.xTaskIncrementTick  tasks.o
    0x0800dfa4   0x0800dfa4   0x00000064   Code   RO         2785    i.xTaskRemoveFromEventList  tasks.o
    0x0800e008   0x0800e008   0x000000ac   Code   RO         2786    i.xTaskResumeAll    tasks.o
    0x0800e0b4   0x0800e0b4   0x00000019   Data   RO          172    .constdata          usbpd_tcpci.o
    0x0800e0cd   0x0800e0cd   0x00000003   PAD
    0x0800e0d0   0x0800e0d0   0x000000b0   Data   RO          552    .constdata          usbpd_dpm_core.o
    0x0800e180   0x0800e180   0x00000010   Data   RO         2537    .constdata          system_stm32f0xx.o
    0x0800e190   0x0800e190   0x00000008   Data   RO         2538    .constdata          system_stm32f0xx.o
    0x0800e198   0x0800e198   0x0000001c   Data   RO         3233    .constdata          usbpd_dpm_user.o
    0x0800e1b4   0x0800e1b4   0x00000044   Data   RO         3795    .constdata          usbpd_vdm_user.o
    0x0800e1f8   0x0800e1f8   0x00000007   Data   RO         3983    .constdata          tracer_emb_hw.o
    0x0800e1ff   0x0800e1ff   0x00000001   PAD
    0x0800e200   0x0800e200   0x0000001c   Data   RO         4241    .constdata          gui_api.o
    0x0800e21c   0x0800e21c   0x00000014   Data   RO         4398    .constdata          USBPDTCPM_PD3_CONFIG_1_CM0_Keil.lib(usbpd_prl.o)
    0x0800e230   0x0800e230   0x00000022   Data   RO          553    .conststring        usbpd_dpm_core.o
    0x0800e252   0x0800e252   0x00000002   PAD
    0x0800e254   0x0800e254   0x00000004   Data   RO         3234    .conststring        usbpd_dpm_user.o
    0x0800e258   0x0800e258   0x00000004   Data   RO         4242    .conststring        gui_api.o
    0x0800e25c   0x0800e25c   0x00000020   Data   RO         4994    Region$$Table       anon$$obj.o


    Execution Region RW_IRAM1 (Exec base: 0x20000000, Load base: 0x0800e27c, Size: 0x00002dd0, Max: 0x00004000, ABSOLUTE, COMPRESSED[0x000000b4])

    Exec Addr    Load Addr    Size         Type   Attr      Idx    E Section Name        Object

    0x20000000   COMPRESSED   0x00000010   Data   RW          174    .data               usbpd_tcpci.o
    0x20000010   COMPRESSED   0x00000018   Data   RW          358    .data               heap_4.o
    0x20000028   COMPRESSED   0x00000004   Data   RW          425    .data               port.o
    0x2000002c   COMPRESSED   0x00000024   Data   RW          554    .data               usbpd_dpm_core.o
    0x20000050   COMPRESSED   0x00000008   Data   RW          555    .data               usbpd_dpm_core.o
    0x20000058   COMPRESSED   0x00000074   Data   RW          556    .data               usbpd_dpm_core.o
    0x200000cc   COMPRESSED   0x00000004   Data   RW         1797    .data               stm32f0xx_hal.o
    0x200000d0   COMPRESSED   0x00000004   Data   RW         2539    .data               system_stm32f0xx.o
    0x200000d4   COMPRESSED   0x0000003c   Data   RW         2789    .data               tasks.o
    0x20000110   COMPRESSED   0x00000060   Data   RW         3017    .data               fusb305.o
    0x20000170   COMPRESSED   0x00000004   Data   RW         3018    .data               fusb305.o
    0x20000174   COMPRESSED   0x00000010   Data   RW         3235    .data               usbpd_dpm_user.o
    0x20000184   COMPRESSED   0x0000003c   Data   RW         3558    .data               usbpd_pwr_if.o
    0x200001c0   COMPRESSED   0x00000010   Data   RW         3863    .data               tracer_emb.o
    0x200001d0   COMPRESSED   0x00000004   Data   RW         3984    .data               tracer_emb_hw.o
    0x200001d4   COMPRESSED   0x00000026   Data   RW         4243    .data               gui_api.o
    0x200001fa   COMPRESSED   0x00000002   PAD
    0x200001fc   COMPRESSED   0x00000008   Data   RW         4499    .data               USBPDTCPM_PD3_CONFIG_1_CM0_Keil.lib(usbpd_pe.o)
    0x20000204   COMPRESSED   0x00000001   Data   RW         4601    .data               USBPDTCPM_PD3_CONFIG_1_CM0_Keil.lib(usbpd_tcpm.o)
    0x20000205   COMPRESSED   0x00000003   PAD
    0x20000208   COMPRESSED   0x00000004   Data   RW         4967    .data               mc_p.l(mvars.o)
    0x2000020c   COMPRESSED   0x00000004   Data   RW         4968    .data               mc_p.l(mvars.o)
    0x20000210        -       0x0000004c   Zero   RW          170    .bss                usbpd_tcpci.o
    0x2000025c        -       0x00001a2c   Zero   RW          357    .bss                heap_4.o
    0x20001c88        -       0x00000020   Zero   RW         2369    .bss                stm32f0xx_hal_flash.o
    0x20001ca8        -       0x000000f0   Zero   RW         2788    .bss                tasks.o
    0x20001d98        -       0x00000084   Zero   RW         3016    .bss                fusb305.o
    0x20001e1c        -       0x000000b0   Zero   RW         3232    .bss                usbpd_dpm_user.o
    0x20001ecc        -       0x00000010   Zero   RW         3557    .bss                usbpd_pwr_if.o
    0x20001edc        -       0x00000400   Zero   RW         3862    .bss                tracer_emb.o
    0x200022dc        -       0x00000294   Zero   RW         4240    .bss                gui_api.o
    0x20002570        -       0x00000020   Zero   RW         4397    .bss                USBPDTCPM_PD3_CONFIG_1_CM0_Keil.lib(usbpd_prl.o)
    0x20002590        -       0x00000020   Zero   RW         4498    .bss                USBPDTCPM_PD3_CONFIG_1_CM0_Keil.lib(usbpd_pe.o)
    0x200025b0        -       0x00000020   Zero   RW         4600    .bss                USBPDTCPM_PD3_CONFIG_1_CM0_Keil.lib(usbpd_tcpm.o)
    0x200025d0        -       0x00000400   Zero   RW         3168    HEAP                startup_stm32f072xb.o
    0x200029d0        -       0x00000400   Zero   RW         3167    STACK               startup_stm32f072xb.o


==============================================================================

Image component sizes


      Code (inc. data)   RO Data    RW Data    ZI Data      Debug   Object Name

       564         64          0          0          0       6330   bsp_gui.o
       584         22          0          0          0      16963   cmsis_os.o
       524         12          0          0          0       7463   data_struct_tlv.o
      4110        466          0        100        132      27302   fusb305.o
      6342        380         32         38        660      35822   gui_api.o
       392         28          0         24       6700       6091   heap_4.o
       138          0          0          0          0       3822   list.o
       248         32          0          0          0      23024   main.o
       366         58          0          4          0       7720   port.o
      1554          0          0          0          0      15363   queue.o
        28          8        192          0       2048        640   startup_stm32f072xb.o
       122         18          0          4          0       4135   stm32f0xx_hal.o
       208         40          0          0          0      12122   stm32f0xx_hal_cortex.o
       348         56          0          0         32       5314   stm32f0xx_hal_flash.o
       232         30          0          0          0       3441   stm32f0xx_hal_flash_ex.o
       368         36          0          0          0       2443   stm32f0xx_hal_gpio.o
      1494         26          0          0          0      12630   stm32f0xx_hal_i2c.o
        74          0          0          0          0       1295   stm32f0xx_hal_i2c_ex.o
       108          4          0          0          0       1118   stm32f0xx_hal_msp.o
        12          6          0          0          0       1194   stm32f0xx_hal_rcc.o
        84         14          0          0          0       2921   stm32f0xx_it.o
       344         60          0          0          0      19600   stm32f0xx_ll_rcc.o
       200         26          0          0          0      34064   stm32f0xx_ll_usart.o
        44         12          0          0          0       5689   stm32f0xx_ll_utils.o
         0          0          0          0          0     435472   stm32f0xx_nucleo.o
        92         16         24          4          0       1279   system_stm32f0xx.o
      1566        126          0         60        240      19850   tasks.o
       378         38          0         16       1024      13237   tracer_emb.o
       994        112          7          4          0      57583   tracer_emb_hw.o
       784         90        210        160          0      19519   usbpd_dpm_core.o
      3852        356         32         16        176      44434   usbpd_dpm_user.o
      1010        142          0         60         16      12346   usbpd_pwr_if.o
       966        128         25         16         76      94841   usbpd_tcpci.o
       308          4          0          0          0       6078   usbpd_trace.o
       128         22         68          0          0       5534   usbpd_vdm_user.o

    ----------------------------------------------------------------------
     28602       2432        628        508      11104     966679   Object Totals
         0          0         32          0          0          0   (incl. Generated)
        36          0          6          2          0          0   (incl. Padding)

    ----------------------------------------------------------------------

      Code (inc. data)   RO Data    RW Data    ZI Data      Debug   Library Member Name

     21968        942          0          8         32       4380   usbpd_pe.o
      2758        160         20          0         32       2048   usbpd_prl.o
      2178        240          0          1         32       2004   usbpd_tcpm.o
        86          0          0          0          0          0   __dczerorl2.o
         0          0          0          0          0          0   entry.o
         0          0          0          0          0          0   entry10a.o
         0          0          0          0          0          0   entry11a.o
         8          4          0          0          0          0   entry2.o
         4          0          0          0          0          0   entry5.o
         0          0          0          0          0          0   entry7b.o
         0          0          0          0          0          0   entry8b.o
         8          4          0          0          0          0   entry9a.o
        30          0          0          0          0          0   handlers.o
        40          0          0          0          0         72   idiv.o
        36          8          0          0          0         68   init.o
        32          0          0          0          0         68   llshl.o
        34          0          0          0          0         68   llushr.o
       108         16          0          0          0         76   malloc.o
        36          0          0          0          0         60   memcpya.o
        36          0          0          0          0        100   memseta.o
         0          0          0          8          0          0   mvars.o
      1190         48          0          0          0        384   printf8.o
        14          0          0          0          0         60   strlen.o
        44          0          0          0          0         72   uidiv.o
        96          0          0          0          0         84   uldiv.o

    ----------------------------------------------------------------------
     28730       1422         20         20         96       9544   Library Totals
        24          0          0          3          0          0   (incl. Padding)

    ----------------------------------------------------------------------

      Code (inc. data)   RO Data    RW Data    ZI Data      Debug   Library Name

     26904       1342         20          9         96       8432   USBPDTCPM_PD3_CONFIG_1_CM0_Keil.lib
      1802         80          0          8          0       1112   mc_p.l

    ----------------------------------------------------------------------
     28730       1422         20         20         96       9544   Library Totals

    ----------------------------------------------------------------------

==============================================================================


      Code (inc. data)   RO Data    RW Data    ZI Data      Debug   

     57332       3854        648        528      11200     957211   Grand Totals
     57332       3854        648        180      11200     957211   ELF Image Totals (compressed)
     57332       3854        648        180          0          0   ROM Totals

==============================================================================

    Total RO  Size (Code + RO Data)                57980 (  56.62kB)
    Total RW  Size (RW Data + ZI Data)             11728 (  11.45kB)
    Total ROM Size (Code + RO Data + RW Data)      58160 (  56.80kB)

==============================================================================

