<html>
<body>
<pre>
<h1>µVision Build Log</h1>
<h2>Tool Versions:</h2>
IDE-Version: µVision V5.27.1.0
Copyright (C) 2019 ARM Ltd and ARM Germany GmbH. All rights reserved.
License Information: Yohann Martiniault, ST Microelectronics, LIC=P6F63-UYDKG-39QK9-2S6PI-GT95H-MX38X
 
Tool Versions:
Toolchain:       MDK-ARM Professional  Version: 5.27.1.0
Toolchain Path:  C:\Keil_v5\ARM\ARMCC\Bin
C Compiler:      Armcc.exe V5.06 update 6 (build 750)
Assembler:       Armasm.exe V5.06 update 6 (build 750)
Linker/Locator:  ArmLink.exe V5.06 update 6 (build 750)
Library Manager: ArmAr.exe V5.06 update 6 (build 750)
Hex Converter:   FromElf.exe V5.06 update 6 (build 750)
CPU DLL:         SARMCM3.DLL V5.27.1.0
Dialog DLL:      DARMCM1.DLL V1.19.2.0
Target DLL:      STLink\ST-LINKIII-KEIL_SWO.dll V3.0.6.0
Dialog DLL:      TARMCM1.DLL V1.14.1.0
 
<h2>Project:</h2>
C:\git\_Delivery\F0\GIT\Firmware\Projects\STM32F072RB-Nucleo\Applications\USB_PD\EVAL_FUSB307_DRP\MDK-ARM\Project.uvprojx
Project File Date:  02/20/2020

<h2>Output:</h2>
*** Using Compiler 'V5.06 update 6 (build 750)', folder: 'C:\Keil_v5\ARM\ARMCC\Bin'
Build target 'STM32F072RB-Nucleo_EVAL_FUSB307_DRP'
compiling heap_4.c...
compiling port.c...
compiling cmsis_os.c...
compiling stm32f0xx_nucleo.c...
compiling stm32f0xx_hal_gpio.c...
compiling stm32f0xx_hal_rcc_ex.c...
compiling stm32f0xx_hal_i2c.c...
compiling usbpd_tcpci.c...
compiling usbpd_trace.c...
compiling usbpd_dpm_core.c...
compiling stm32f0xx_hal.c...
compiling stm32f0xx_hal_cortex.c...
compiling stm32f0xx_hal_i2c_ex.c...
compiling stm32f0xx_hal_dma.c...
compiling stm32f0xx_hal_rcc.c...
compiling stm32f0xx_ll_exti.c...
compiling stm32f0xx_ll_utils.c...
compiling system_stm32f0xx.c...
compiling stm32f0xx_hal_uart.c...
compiling stm32f0xx_hal_uart_ex.c...
compiling list.c...
compiling stm32f0xx_hal_flash_ex.c...
compiling stm32f0xx_hal_flash.c...
compiling queue.c...
assembling startup_stm32f072xb.s...
compiling tasks.c...
compiling stm32f0xx_ll_rcc.c...
compiling stm32f0xx_ll_usart.c...
compiling stm32f0xx_hal_msp.c...
compiling usbpd_vdm_user.c...
compiling fusb305.c...
compiling usbpd_pwr_if.c...
compiling usbpd_dpm_user.c...
compiling data_struct_tlv.c...
compiling stm32f0xx_it.c...
compiling main.c...
compiling tracer_emb.c...
compiling tracer_emb_hw.c...
compiling bsp_gui.c...
compiling gui_api.c...
linking...
Program Size: Code=57332 RO-data=648 RW-data=528 ZI-data=11200  
"STM32F072RB-Nucleo\Exe\Project.axf" - 0 Error(s), 0 Warning(s).

<h2>Software Packages used:</h2>

Package Vendor: ARM
                http://www.keil.com/pack/ARM.CMSIS.5.5.1.pack
                ARM.CMSIS.5.5.1
                CMSIS (Cortex Microcontroller Software Interface Standard)
   * Component: CORE Version: 5.2.0

Package Vendor: Keil
                http://www.keil.com/pack/Keil.STM32F0xx_DFP.2.0.0.pack
                Keil.STM32F0xx_DFP.2.0.0
                STMicroelectronics STM32F0 Series Device Support, Drivers and Examples

<h2>Collection of Component include folders:</h2>
  .\RTE\_STM32F072RB-Nucleo_EVAL_FUSB307_DRP
  C:\Users\frq07466\AppData\Local\Arm\Packs\ARM\CMSIS\5.5.1\CMSIS\Core\Include
  C:\Users\frq07466\AppData\Local\Arm\Packs\Keil\STM32F0xx_DFP\2.0.0\Drivers\CMSIS\Device\ST\STM32F0xx\Include

<h2>Collection of Component Files used:</h2>

   * Component: ARM::CMSIS:CORE:5.2.0
Build Time Elapsed:  00:00:19
</pre>
</body>
</html>
