usbpd_tcpci.c:233:16:BSP_GetHWBoardVersionName	8	static
usbpd_tcpci.c:242:16:BSP_GetPDTypeName	8	static
usbpd_tcpci.c:252:6:USBPD_TCPI_AlertInit	32	static
usbpd_tcpci.c:282:21:USBPD_TCPCI_Init	16	static
usbpd_tcpci.c:326:21:USBPD_TCPCI_DeInit	16	static
usbpd_tcpci.c:349:21:USBPD_TCPCI_GetDevicesDrivers	16	static
usbpd_tcpci.c:356:21:USBPD_TCPCI_WriteRegister	48	static
usbpd_tcpci.c:389:21:USBPD_TCPCI_SendTransmitBuffer	48	static
usbpd_tcpci.c:476:21:USBPD_TCPCI_ReceiveBuffer	56	static
usbpd_tcpci.c:611:21:USBPD_TCPCI_ReadRegister	48	static
usbpd_tcpci.c:644:6:USBPD_TCPCI_Delay	16	static
usbpd_tcpci.c:657:21:HW_IF_PWR_SetVoltage	16	static
usbpd_tcpci.c:665:10:HW_IF_PWR_GetVoltage	16	static
usbpd_tcpci.c:670:9:HW_IF_PWR_GetCurrent	16	static
usbpd_tcpci.c:675:21:HW_IF_PWR_Enable	48	static
usbpd_tcpci.c:702:23:HW_IF_PWR_VBUSIsEnabled	16	static
usbpd_tcpci.c:724:17:TCPI_Init	24	static
usbpd_tcpci.c:757:17:TCPI_DeInit	24	static
usbpd_tcpci.c:780:6:HAL_I2C_MspInit	56	static
usbpd_tcpci.c:814:6:HAL_I2C_MspDeInit	16	static
