###############################################################################
#
# IAR ELF Linker V8.32.3.193/W32 for ARM                  19/Feb/2020  19:33:37
# Copyright 2007-2019 IAR Systems AB.
#
#    Output file  =  
#        C:\git\_Delivery\F0\GIT\Firmware\Projects\STM32F072RB-Nucleo\Applications\USB_PD\EVAL_FUSB307_DRP\EWARM\STM32F072RB-Nucleo\Exe\Project.out
#    Map file     =  
#        C:\git\_Delivery\F0\GIT\Firmware\Projects\STM32F072RB-Nucleo\Applications\USB_PD\EVAL_FUSB307_DRP\EWARM\STM32F072RB-Nucleo\List\Project.map
#    Command line =  
#        -f C:\Users\frq07466\AppData\Local\Temp\EW8A25.tmp
#        (C:\git\_Delivery\F0\GIT\Firmware\Projects\STM32F072RB-Nucleo\Applications\USB_PD\EVAL_FUSB307_DRP\EWARM\STM32F072RB-Nucleo\Obj\bsp_gui.o
#        C:\git\_Delivery\F0\GIT\Firmware\Projects\STM32F072RB-Nucleo\Applications\USB_PD\EVAL_FUSB307_DRP\EWARM\STM32F072RB-Nucleo\Obj\cmsis_os.o
#        C:\git\_Delivery\F0\GIT\Firmware\Projects\STM32F072RB-Nucleo\Applications\USB_PD\EVAL_FUSB307_DRP\EWARM\STM32F072RB-Nucleo\Obj\data_struct_tlv.o
#        C:\git\_Delivery\F0\GIT\Firmware\Projects\STM32F072RB-Nucleo\Applications\USB_PD\EVAL_FUSB307_DRP\EWARM\STM32F072RB-Nucleo\Obj\fusb305.o
#        C:\git\_Delivery\F0\GIT\Firmware\Projects\STM32F072RB-Nucleo\Applications\USB_PD\EVAL_FUSB307_DRP\EWARM\STM32F072RB-Nucleo\Obj\gui_api.o
#        C:\git\_Delivery\F0\GIT\Firmware\Projects\STM32F072RB-Nucleo\Applications\USB_PD\EVAL_FUSB307_DRP\EWARM\STM32F072RB-Nucleo\Obj\heap_4.o
#        C:\git\_Delivery\F0\GIT\Firmware\Projects\STM32F072RB-Nucleo\Applications\USB_PD\EVAL_FUSB307_DRP\EWARM\STM32F072RB-Nucleo\Obj\list.o
#        C:\git\_Delivery\F0\GIT\Firmware\Projects\STM32F072RB-Nucleo\Applications\USB_PD\EVAL_FUSB307_DRP\EWARM\STM32F072RB-Nucleo\Obj\main.o
#        C:\git\_Delivery\F0\GIT\Firmware\Projects\STM32F072RB-Nucleo\Applications\USB_PD\EVAL_FUSB307_DRP\EWARM\STM32F072RB-Nucleo\Obj\port.o
#        C:\git\_Delivery\F0\GIT\Firmware\Projects\STM32F072RB-Nucleo\Applications\USB_PD\EVAL_FUSB307_DRP\EWARM\STM32F072RB-Nucleo\Obj\portasm.o
#        C:\git\_Delivery\F0\GIT\Firmware\Projects\STM32F072RB-Nucleo\Applications\USB_PD\EVAL_FUSB307_DRP\EWARM\STM32F072RB-Nucleo\Obj\queue.o
#        C:\git\_Delivery\F0\GIT\Firmware\Projects\STM32F072RB-Nucleo\Applications\USB_PD\EVAL_FUSB307_DRP\EWARM\STM32F072RB-Nucleo\Obj\startup_stm32f072xb.o
#        C:\git\_Delivery\F0\GIT\Firmware\Projects\STM32F072RB-Nucleo\Applications\USB_PD\EVAL_FUSB307_DRP\EWARM\STM32F072RB-Nucleo\Obj\stm32f0xx_hal.o
#        C:\git\_Delivery\F0\GIT\Firmware\Projects\STM32F072RB-Nucleo\Applications\USB_PD\EVAL_FUSB307_DRP\EWARM\STM32F072RB-Nucleo\Obj\stm32f0xx_hal_cortex.o
#        C:\git\_Delivery\F0\GIT\Firmware\Projects\STM32F072RB-Nucleo\Applications\USB_PD\EVAL_FUSB307_DRP\EWARM\STM32F072RB-Nucleo\Obj\stm32f0xx_hal_dma.o
#        C:\git\_Delivery\F0\GIT\Firmware\Projects\STM32F072RB-Nucleo\Applications\USB_PD\EVAL_FUSB307_DRP\EWARM\STM32F072RB-Nucleo\Obj\stm32f0xx_hal_flash.o
#        C:\git\_Delivery\F0\GIT\Firmware\Projects\STM32F072RB-Nucleo\Applications\USB_PD\EVAL_FUSB307_DRP\EWARM\STM32F072RB-Nucleo\Obj\stm32f0xx_hal_flash_ex.o
#        C:\git\_Delivery\F0\GIT\Firmware\Projects\STM32F072RB-Nucleo\Applications\USB_PD\EVAL_FUSB307_DRP\EWARM\STM32F072RB-Nucleo\Obj\stm32f0xx_hal_gpio.o
#        C:\git\_Delivery\F0\GIT\Firmware\Projects\STM32F072RB-Nucleo\Applications\USB_PD\EVAL_FUSB307_DRP\EWARM\STM32F072RB-Nucleo\Obj\stm32f0xx_hal_i2c.o
#        C:\git\_Delivery\F0\GIT\Firmware\Projects\STM32F072RB-Nucleo\Applications\USB_PD\EVAL_FUSB307_DRP\EWARM\STM32F072RB-Nucleo\Obj\stm32f0xx_hal_i2c_ex.o
#        C:\git\_Delivery\F0\GIT\Firmware\Projects\STM32F072RB-Nucleo\Applications\USB_PD\EVAL_FUSB307_DRP\EWARM\STM32F072RB-Nucleo\Obj\stm32f0xx_hal_msp.o
#        C:\git\_Delivery\F0\GIT\Firmware\Projects\STM32F072RB-Nucleo\Applications\USB_PD\EVAL_FUSB307_DRP\EWARM\STM32F072RB-Nucleo\Obj\stm32f0xx_hal_rcc.o
#        C:\git\_Delivery\F0\GIT\Firmware\Projects\STM32F072RB-Nucleo\Applications\USB_PD\EVAL_FUSB307_DRP\EWARM\STM32F072RB-Nucleo\Obj\stm32f0xx_hal_rcc_ex.o
#        C:\git\_Delivery\F0\GIT\Firmware\Projects\STM32F072RB-Nucleo\Applications\USB_PD\EVAL_FUSB307_DRP\EWARM\STM32F072RB-Nucleo\Obj\stm32f0xx_it.o
#        C:\git\_Delivery\F0\GIT\Firmware\Projects\STM32F072RB-Nucleo\Applications\USB_PD\EVAL_FUSB307_DRP\EWARM\STM32F072RB-Nucleo\Obj\stm32f0xx_ll_exti.o
#        C:\git\_Delivery\F0\GIT\Firmware\Projects\STM32F072RB-Nucleo\Applications\USB_PD\EVAL_FUSB307_DRP\EWARM\STM32F072RB-Nucleo\Obj\stm32f0xx_ll_rcc.o
#        C:\git\_Delivery\F0\GIT\Firmware\Projects\STM32F072RB-Nucleo\Applications\USB_PD\EVAL_FUSB307_DRP\EWARM\STM32F072RB-Nucleo\Obj\stm32f0xx_ll_usart.o
#        C:\git\_Delivery\F0\GIT\Firmware\Projects\STM32F072RB-Nucleo\Applications\USB_PD\EVAL_FUSB307_DRP\EWARM\STM32F072RB-Nucleo\Obj\stm32f0xx_ll_utils.o
#        C:\git\_Delivery\F0\GIT\Firmware\Projects\STM32F072RB-Nucleo\Applications\USB_PD\EVAL_FUSB307_DRP\EWARM\STM32F072RB-Nucleo\Obj\stm32f0xx_nucleo.o
#        C:\git\_Delivery\F0\GIT\Firmware\Projects\STM32F072RB-Nucleo\Applications\USB_PD\EVAL_FUSB307_DRP\EWARM\STM32F072RB-Nucleo\Obj\system_stm32f0xx.o
#        C:\git\_Delivery\F0\GIT\Firmware\Projects\STM32F072RB-Nucleo\Applications\USB_PD\EVAL_FUSB307_DRP\EWARM\STM32F072RB-Nucleo\Obj\tasks.o
#        C:\git\_Delivery\F0\GIT\Firmware\Projects\STM32F072RB-Nucleo\Applications\USB_PD\EVAL_FUSB307_DRP\EWARM\STM32F072RB-Nucleo\Obj\tracer_emb.o
#        C:\git\_Delivery\F0\GIT\Firmware\Projects\STM32F072RB-Nucleo\Applications\USB_PD\EVAL_FUSB307_DRP\EWARM\STM32F072RB-Nucleo\Obj\tracer_emb_hw.o
#        C:\git\_Delivery\F0\GIT\Firmware\Projects\STM32F072RB-Nucleo\Applications\USB_PD\EVAL_FUSB307_DRP\EWARM\STM32F072RB-Nucleo\Obj\usbpd_dpm_core.o
#        C:\git\_Delivery\F0\GIT\Firmware\Projects\STM32F072RB-Nucleo\Applications\USB_PD\EVAL_FUSB307_DRP\EWARM\STM32F072RB-Nucleo\Obj\usbpd_dpm_user.o
#        C:\git\_Delivery\F0\GIT\Firmware\Projects\STM32F072RB-Nucleo\Applications\USB_PD\EVAL_FUSB307_DRP\EWARM\STM32F072RB-Nucleo\Obj\usbpd_pwr_if.o
#        C:\git\_Delivery\F0\GIT\Firmware\Projects\STM32F072RB-Nucleo\Applications\USB_PD\EVAL_FUSB307_DRP\EWARM\STM32F072RB-Nucleo\Obj\usbpd_tcpci.o
#        C:\git\_Delivery\F0\GIT\Firmware\Projects\STM32F072RB-Nucleo\Applications\USB_PD\EVAL_FUSB307_DRP\EWARM\STM32F072RB-Nucleo\Obj\usbpd_trace.o
#        C:\git\_Delivery\F0\GIT\Firmware\Projects\STM32F072RB-Nucleo\Applications\USB_PD\EVAL_FUSB307_DRP\EWARM\STM32F072RB-Nucleo\Obj\usbpd_vdm_user.o
#        C:\git\_Delivery\F0\GIT\Firmware\Middlewares\ST\STM32_USBPD_Library\Core\lib\USBPDTCPM_PD3_CONFIG_1_CM0_wc32.a
#        --redirect _Printf=_PrintfSmall --redirect _Scanf=_ScanfSmall
#        --no_out_extension -o
#        C:\git\_Delivery\F0\GIT\Firmware\Projects\STM32F072RB-Nucleo\Applications\USB_PD\EVAL_FUSB307_DRP\EWARM\STM32F072RB-Nucleo\Exe\Project.out
#        --config_def __ICFEDIT_size_cstack__=0x300 --config_def
#        __ICFEDIT_size_heap__=0x800 --map
#        C:\git\_Delivery\F0\GIT\Firmware\Projects\STM32F072RB-Nucleo\Applications\USB_PD\EVAL_FUSB307_DRP\EWARM\STM32F072RB-Nucleo\List\Project.map
#        --config
#        C:\git\_Delivery\F0\GIT\Firmware\Projects\STM32F072RB-Nucleo\Applications\USB_PD\EVAL_FUSB307_DRP\EWARM\stm32f072xb_flash.icf
#        --basic_heap --semihosting --entry __iar_program_start --vfe
#        --text_out locale)
#
###############################################################################

*******************************************************************************
*** RUNTIME MODEL ATTRIBUTES
***

CppFlavor       = *
__Heap_Handler  = Basic
__SystemLibrary = DLib
__dlib_version  = 6


*******************************************************************************
*** HEAP SELECTION
***

The basic heap was selected because of --basic_heap.


*******************************************************************************
*** PLACEMENT SUMMARY
***

"A0":  place at 0x800'0000 { ro section .intvec };
"P1":  place in [from 0x800'0000 to 0x801'f7ff] { ro };
define block CSTACK with size = 768, alignment = 8 { };
define block HEAP with size = 2K, alignment = 8 { };
"P2":  place in [from 0x2000'0000 to 0x2000'3fff] {
          rw, block CSTACK, block HEAP };
initialize by copy { rw };

  Section            Kind         Address    Size  Object
  -------            ----         -------    ----  ------
"A0":                                        0xc0
  .intvec            ro code   0x800'0000    0xc0  startup_stm32f072xb.o [1]
                             - 0x800'00c0    0xc0

"P1":                                      0xe949
  .text              ro code   0x800'00c0  0x57ea  usbpd_pe.o [2]
  .text              ro code   0x800'58aa    0x7e  lz77_init_single.o [5]
  .text              ro code   0x800'5928   0x130  heap0.o [3]
  .text              ro code   0x800'5a58    0x10  ABImemset_small.o [5]
  .text              ro code   0x800'5a68   0xb2a  usbpd_prl.o [2]
  .text              ro code   0x800'6592     0xa  xsprout.o [3]
  .text              ro code   0x800'659c    0x4e  ABImemcpy.o [5]
  .text              ro code   0x800'65ea     0x2  startup_stm32f072xb.o [1]
  .text              ro code   0x800'65ec    0x5e  I32DivMod.o [5]
  .text              ro code   0x800'664a     0x2  startup_stm32f072xb.o [1]
  .text              ro code   0x800'664c    0x2c  xgetmemchunk.o [3]
  .text              ro code   0x800'6678   0x834  usbpd_tcpm.o [2]
  .text              ro code   0x800'6eac     0x2  IntDivZer.o [5]
  .text              ro code   0x800'6eae     0x2  startup_stm32f072xb.o [1]
  .text              ro code   0x800'6eb0  0x1a70  gui_api.o [1]
  .text              ro code   0x800'8920   0x242  bsp_gui.o [1]
  .text              ro code   0x800'8b62     0x2  startup_stm32f072xb.o [1]
  .text              ro code   0x800'8b64   0xf08  usbpd_dpm_user.o [1]
  .text              ro code   0x800'9a6c   0x1f0  cmsis_os.o [1]
  .text              ro code   0x800'9c5c   0x156  tracer_emb.o [1]
  .text              ro code   0x800'9db2     0x2  startup_stm32f072xb.o [1]
  .text              ro code   0x800'9db4    0xc4  stm32f0xx_hal_cortex.o [1]
  .text              ro code   0x800'9e78     0xc  stm32f0xx_hal.o [1]
  .text              ro code   0x800'9e84   0x22e  data_struct_tlv.o [1]
  .text              ro code   0x800'a0b2     0x2  startup_stm32f072xb.o [1]
  .text              ro code   0x800'a0b4     0xe  strlen.o [5]
  .text              ro code   0x800'a0c2     0x2  startup_stm32f072xb.o [1]
  .text              ro code   0x800'a0c4   0x120  usbpd_trace.o [1]
  .text              ro code   0x800'a1e4   0x32c  usbpd_dpm_core.o [1]
  .text              ro code   0x800'a510   0x160  stm32f0xx_hal_flash.o [1]
  .text              ro code   0x800'a670    0xe0  stm32f0xx_hal_flash_ex.o [1]
  .text              ro code   0x800'a750   0x3c0  usbpd_pwr_if.o [1]
  .text              ro code   0x800'ab10    0x80  usbpd_vdm_user.o [1]
  .text              ro code   0x800'ab90   0x3cc  usbpd_tcpci.o [1]
  .text              ro code   0x800'af5c   0x5e8  tasks.o [1]
  .text              ro code   0x800'b544   0x62c  queue.o [1]
  .text              ro code   0x800'bb70    0xe4  port.o [1]
  .text              ro code   0x800'bc54   0x398  tracer_emb_hw.o [1]
  .text              ro code   0x800'bfec     0x2  tracer_emb.o [1]
  .text              ro code   0x800'bfee     0x2  tracer_emb.o [1]
  .text              ro code   0x800'bff0    0x1e  U64Shr.o [5]
  .text              ro code   0x800'c00e     0x2  startup_stm32f072xb.o [1]
  .text              ro code   0x800'c010    0x40  sprintf.o [3]
  .text              ro code   0x800'c050   0x1c0  stm32f0xx_hal_gpio.o [1]
  .text              ro code   0x800'c210   0x644  stm32f0xx_hal_i2c.o [1]
  .text              ro code   0x800'c854    0x54  stm32f0xx_hal_i2c_ex.o [1]
  .text              ro code   0x800'c8a8    0x20  stm32f0xx_hal.o [1]
  .text              ro code   0x800'c8c8   0x188  heap_4.o [1]
  .text              ro code   0x800'ca50    0x96  list.o [1]
  .text              ro code   0x800'cae6     0x2  startup_stm32f072xb.o [1]
  CODE               ro code   0x800'cae8    0x7c  portasm.o [1]
  .text              ro code   0x800'cb64    0xcc  stm32f0xx_ll_usart.o [1]
  .text              ro code   0x800'cc30   0x58c  xprintfsmall.o [3]
  .text              ro code   0x800'd1bc   0x120  stm32f0xx_ll_rcc.o [1]
  .text              ro code   0x800'd2dc    0x6c  xlocale_c.o [3]
  .text              ro code   0x800'd348    0x12  strchr.o [5]
  .text              ro code   0x800'd35a     0x2  startup_stm32f072xb.o [1]
  .text              ro code   0x800'd35c    0x48  xfail_s.o [3]
  .text              ro code   0x800'd3a4    0x16  memchr.o [5]
  .text              ro code   0x800'd3ba     0xa  abort.o [3]
  .text              ro code   0x800'd3c4    0x14  exit.o [6]
  .text              ro code   0x800'd3d8  0x105c  fusb305.o [1]
  .text              ro code   0x800'e434    0xf4  main.o [1]
  .text              ro code   0x800'e528    0x20  stm32f0xx_hal.o [1]
  .text              ro code   0x800'e548    0x28  stm32f0xx_ll_utils.o [1]
  .text              ro code   0x800'e570    0x24  stm32f0xx_hal.o [1]
  .text              ro code   0x800'e594    0x88  stm32f0xx_hal_msp.o [1]
  .text              ro code   0x800'e61c     0xc  stm32f0xx_hal_rcc.o [1]
  .text              ro code   0x800'e628    0x70  system_stm32f0xx.o [1]
  .text              ro code   0x800'e698    0x54  stm32f0xx_it.o [1]
  .text              ro code   0x800'e6ec    0x10  stm32f0xx_hal.o [1]
  .rodata            const     0x800'e6fc    0x44  usbpd_vdm_user.o [1]
  .rodata            const     0x800'e740    0x40  usbpd_dpm_core.o [1]
  .rodata            const     0x800'e780    0x3c  usbpd_dpm_user.o [1]
  .text              ro code   0x800'e7bc    0x3c  zero_init3.o [5]
  .rodata            const     0x800'e7f8    0x38  usbpd_dpm_user.o [1]
  .text              ro code   0x800'e830    0x28  data_init.o [5]
  .rodata            const     0x800'e858    0x24  usbpd_dpm_core.o [1]
  .iar.init_table    const     0x800'e87c    0x20  - Linker created -
  .text              ro code   0x800'e89c    0x1e  cmain.o [5]
  .text              ro code   0x800'e8ba     0x4  low_level_init.o [3]
  .text              ro code   0x800'e8be     0x8  exit.o [3]
  .text              ro code   0x800'e8c6     0x2  startup_stm32f072xb.o [1]
  .text              ro code   0x800'e8c8     0xa  cexit.o [5]
  .text              ro code   0x800'e8d2     0x2  startup_stm32f072xb.o [1]
  .text              ro code   0x800'e8d4    0x10  startup_stm32f072xb.o [1]
  .text              ro code   0x800'e8e4     0xc  cstartup_M.o [5]
  .text              ro code   0x800'e8f0     0xc  xencoding_8859_1.o [3]
  .rodata            const     0x800'e8fc     0x8  system_stm32f0xx.o [1]
  .rodata            const     0x800'e904     0x4  gui_api.o [1]
  .rodata            const     0x800'e908     0x4  usbpd_dpm_user.o [1]
  .rodata            const     0x800'e90c     0x2  xlocale_c.o [3]
  .text              ro code   0x800'e90e     0x2  startup_stm32f072xb.o [1]
  .text              ro code   0x800'e910     0x2  startup_stm32f072xb.o [1]
  .text              ro code   0x800'e912     0x2  startup_stm32f072xb.o [1]
  .text              ro code   0x800'e914     0x2  startup_stm32f072xb.o [1]
  .text              ro code   0x800'e916     0x2  startup_stm32f072xb.o [1]
  .text              ro code   0x800'e918     0x2  startup_stm32f072xb.o [1]
  .text              ro code   0x800'e91a     0x2  startup_stm32f072xb.o [1]
  .text              ro code   0x800'e91c     0x2  startup_stm32f072xb.o [1]
  .text              ro code   0x800'e91e     0x2  startup_stm32f072xb.o [1]
  .text              ro code   0x800'e920     0x2  startup_stm32f072xb.o [1]
  .text              ro code   0x800'e922     0x2  startup_stm32f072xb.o [1]
  .text              ro code   0x800'e924     0x2  startup_stm32f072xb.o [1]
  .text              ro code   0x800'e926     0x2  startup_stm32f072xb.o [1]
  .text              ro code   0x800'e928     0x2  startup_stm32f072xb.o [1]
  .text              ro code   0x800'e92a     0x2  startup_stm32f072xb.o [1]
  .text              ro code   0x800'e92c     0x2  startup_stm32f072xb.o [1]
  .text              ro code   0x800'e92e     0x2  startup_stm32f072xb.o [1]
  .rodata            const     0x800'e930     0x0  zero_init3.o [5]
  .rodata            const     0x800'e930     0x0  lz77_init_single.o [5]
  Initializer bytes  const     0x800'e930    0xd9  <for P2-1>
                             - 0x800'ea09  0xe949

"P2", part 1 of 3:                          0x1d0
  P2-1                        0x2000'0000   0x1d0  <Init block>
    .data            inited   0x2000'0000    0x60  fusb305.o [1]
    .data            inited   0x2000'0060     0x4  port.o [1]
    .data            inited   0x2000'0064     0x4  system_stm32f0xx.o [1]
    .data            inited   0x2000'0068    0x28  usbpd_dpm_core.o [1]
    .data            inited   0x2000'0090     0x8  usbpd_dpm_core.o [1]
    .data            inited   0x2000'0098    0x74  usbpd_dpm_core.o [1]
    .data            inited   0x2000'010c    0x4c  usbpd_pwr_if.o [1]
    .data            inited   0x2000'0158     0x4  usbpd_tcpci.o [1]
    .data            inited   0x2000'015c    0x28  usbpd_pe.o [2]
    .data            inited   0x2000'0184    0x48  xlocale_c.o [3]
    .data            inited   0x2000'01cc     0x4  fusb305.o [1]
                            - 0x2000'01d0   0x1d0

"P2", part 2 of 3:                         0x2454
  .bss               zero     0x2000'01d0  0x1a44  heap_4.o [1]
  .bss               zero     0x2000'1c14   0x400  tracer_emb.o [1]
  .bss               zero     0x2000'2014   0x120  gui_api.o [1]
  .bss               zero     0x2000'2134   0x100  gui_api.o [1]
  .bss               zero     0x2000'2234    0xb0  usbpd_dpm_user.o [1]
  .bss               zero     0x2000'22e4    0xa0  tasks.o [1]
  .bss               zero     0x2000'2384    0x94  gui_api.o [1]
  .bss               zero     0x2000'2418    0x8c  tasks.o [1]
  .bss               zero     0x2000'24a4    0x84  fusb305.o [1]
  .bss               zero     0x2000'2528    0x58  usbpd_tcpci.o [1]
  .bss               zero     0x2000'2580    0x24  usbpd_tcpm.o [2]
  .bss               zero     0x2000'25a4     0x4  stm32f0xx_hal.o [1]
  .bss               zero     0x2000'25a8    0x20  stm32f0xx_hal_flash.o [1]
  .bss               zero     0x2000'25c8    0x20  usbpd_prl.o [2]
  .bss               zero     0x2000'25e8    0x10  tracer_emb.o [1]
  .bss               zero     0x2000'25f8    0x10  usbpd_dpm_user.o [1]
  .bss               zero     0x2000'2608     0x8  gui_api.o [1]
  .bss               zero     0x2000'2610     0x8  heap0.o [3]
  .bss               zero     0x2000'2618     0x4  tracer_emb_hw.o [1]
  .bss               zero     0x2000'261c     0x4  xgetmemchunk.o [3]
  .bss               zero     0x2000'2620     0x4  xfail_s.o [3]
                            - 0x2000'2624  0x2454

"P2", part 3 of 3:                          0xb00
  CSTACK                      0x2000'2628   0x300  <Block>
    CSTACK           uninit   0x2000'2628   0x300  <Block tail>
  HEAP                        0x2000'2928   0x800  <Block>
    HEAP             uninit   0x2000'2928   0x800  <Block tail>
                            - 0x2000'3128   0xb00

Unused ranges:

         From           To      Size
         ----           --      ----
   0x800'ea09   0x801'f7ff  0x1'0df7
  0x2000'2624  0x2000'2627       0x4
  0x2000'3128  0x2000'3fff     0xed8


*******************************************************************************
*** INIT TABLE
***

          Address      Size
          -------      ----
Zero (__iar_zero_init3)
    1 destination range, total size 0x2454:
          0x2000'01d0  0x2454

Copy/lz77 (__iar_lz77_init_single3)
    1 source range, total size 0xd9 (46% of destination):
           0x800'e930    0xd9
    1 destination range, total size 0x1d0:
          0x2000'0000   0x1d0



*******************************************************************************
*** MODULE SUMMARY
***

    Module                    ro code  ro data  rw data
    ------                    -------  -------  -------
command line/config:
    ---------------------------------------------------
    Total:

C:\git\_Delivery\F0\GIT\Firmware\Projects\STM32F072RB-Nucleo\Applications\USB_PD\EVAL_FUSB307_DRP\EWARM\STM32F072RB-Nucleo\Obj: [1]
    bsp_gui.o                     578
    cmsis_os.o                    496
    data_struct_tlv.o             558
    fusb305.o                   4 188       46      232
    gui_api.o                   6 768        4      700
    heap_4.o                      392             6 724
    list.o                        150
    main.o                        244
    port.o                        228        2        4
    portasm.o                     124
    queue.o                     1 580
    startup_stm32f072xb.o         266
    stm32f0xx_hal.o               128                 4
    stm32f0xx_hal_cortex.o        196
    stm32f0xx_hal_flash.o         352                32
    stm32f0xx_hal_flash_ex.o      224
    stm32f0xx_hal_gpio.o          448
    stm32f0xx_hal_i2c.o         1 604
    stm32f0xx_hal_i2c_ex.o         84
    stm32f0xx_hal_msp.o           136
    stm32f0xx_hal_rcc.o            12
    stm32f0xx_it.o                 84
    stm32f0xx_ll_rcc.o            288
    stm32f0xx_ll_usart.o          204
    stm32f0xx_ll_utils.o           40
    system_stm32f0xx.o            112       10        4
    tasks.o                     1 512               300
    tracer_emb.o                  346             1 040
    tracer_emb_hw.o               920                 4
    usbpd_dpm_core.o              812      177      164
    usbpd_dpm_user.o            3 848      120      192
    usbpd_pwr_if.o                960       35       76
    usbpd_tcpci.o                 972        2       92
    usbpd_trace.o                 288
    usbpd_vdm_user.o              128       68
    ---------------------------------------------------
    Total:                     29 270      464    9 568

USBPDTCPM_PD3_CONFIG_1_CM0_wc32.a: [2]
    usbpd_pe.o                 22 506       19       40
    usbpd_prl.o                 2 858                32
    usbpd_tcpm.o                2 100                36
    ---------------------------------------------------
    Total:                     27 464       19      108

dl6M_tlf.a: [3]
    abort.o                        10
    exit.o                          8
    heap0.o                       304                 8
    low_level_init.o                4
    sprintf.o                      64
    xencoding_8859_1.o             12
    xfail_s.o                      72                 4
    xgetmemchunk.o                 44                 4
    xlocale_c.o                   108       36       72
    xprintfsmall.o              1 420
    xsprout.o                      10
    ---------------------------------------------------
    Total:                      2 056       36       88

m6M_tl.a: [4]
    ---------------------------------------------------
    Total:

rt6M_tl.a: [5]
    ABImemcpy.o                    78
    ABImemset_small.o              16
    I32DivMod.o                    94
    IntDivZer.o                     2
    U64Shr.o                       30
    cexit.o                        10
    cmain.o                        30
    cstartup_M.o                   12
    data_init.o                    40
    lz77_init_single.o            126
    memchr.o                       22
    strchr.o                       18
    strlen.o                       14
    zero_init3.o                   60
    ---------------------------------------------------
    Total:                        552

shb_l.a: [6]
    exit.o                         20
    ---------------------------------------------------
    Total:                         20

    Linker created                          32    2 816
-------------------------------------------------------
    Grand Total:               59 362      551   12 580


*******************************************************************************
*** ENTRY LIST
***

Entry                       Address    Size  Type      Object
-----                       -------    ----  ----      ------
.iar.init_table$$Base    0x800'e87c           --   Gb  - Linker created -
.iar.init_table$$Limit   0x800'e89c           --   Gb  - Linker created -
?main                    0x800'e89d          Code  Gb  cmain.o [5]
AHBPrescTable            0x800'e688    0x10  Data  Gb  system_stm32f0xx.o [1]
APBPrescTable            0x800'e8fc     0x8  Data  Gb  system_stm32f0xx.o [1]
AlarmMsgBox             0x2000'007c     0x4  Data  Gb  usbpd_dpm_core.o [1]
Aldata                  0x2000'2610     0x8  Data  Lc  heap0.o [3]
BSP_GUI_LoadDataFromFlash
                         0x800'8921    0x8a  Code  Gb  bsp_gui.o [1]
BSP_GUI_SaveDataInFlash
                         0x800'89ab    0xa8  Code  Gb  bsp_gui.o [1]
BSP_GetHWBoardVersionName
                         0x800'ab91     0x4  Code  Gb  usbpd_tcpci.o [1]
BSP_GetPDTypeName        0x800'aba1     0x4  Code  Gb  usbpd_tcpci.o [1]
CHANNEL_OFFSET_TAB       0x800'bfe4     0x8  Data  Lc  tracer_emb_hw.o [1]
CSTACK$$Base            0x2000'2628           --   Gb  - Linker created -
CSTACK$$Limit           0x2000'2928           --   Gb  - Linker created -
CacheMore                0x800'd2dd    0x28  Code  Lc  xlocale_c.o [3]
Counter                 0x2000'25f0     0x4  Data  Lc  tracer_emb.o [1]
Crc                     0x2000'0180     0x4  Data  Gb  usbpd_pe.o [2]
DMA1_Channel4_5_6_7_IRQHandler
                         0x800'e6d1     0x8  Code  Gb  stm32f0xx_it.o [1]
DPMMsgBox               0x2000'25f8     0x4  Data  Gb  usbpd_dpm_user.o [1]
DPM_AssertRp             0x800'99ef     0xc  Code  Lc  usbpd_dpm_user.o [1]
DPM_FindVoltageIndex     0x800'9797    0x9a  Code  Lc  usbpd_dpm_user.o [1]
DPM_GUI_FormatAndSendNotification
                        0x2000'2600     0x4  Data  Gb  usbpd_dpm_user.o [1]
DPM_GUI_PostNotificationMessage
                        0x2000'25fc     0x4  Data  Gb  usbpd_dpm_user.o [1]
DPM_GUI_SaveInfo        0x2000'2604     0x4  Data  Gb  usbpd_dpm_user.o [1]
DPM_ID_Settings         0x2000'0090     0x8  Data  Gb  usbpd_dpm_core.o [1]
DPM_ManageAttachedState
                         0x800'a401    0x76  Code  Lc  usbpd_dpm_core.o [1]
DPM_Params              0x2000'008c     0x4  Data  Gb  usbpd_dpm_core.o [1]
DPM_Ports               0x2000'2234    0xb0  Data  Gb  usbpd_dpm_user.o [1]
DPM_SNK_BuildRDOfromSelectedPDO
                         0x800'9835   0x18a  Code  Lc  usbpd_dpm_user.o [1]
DPM_Settings            0x2000'0068     0xc  Data  Gb  usbpd_dpm_core.o [1]
DPM_Thread_Table        0x2000'0074     0x8  Data  Lc  usbpd_dpm_core.o [1]
DPM_TurnOffPower         0x800'99bf    0x18  Code  Lc  usbpd_dpm_user.o [1]
DPM_TurnOnPower          0x800'99d7    0x18  Code  Lc  usbpd_dpm_user.o [1]
DPM_USER_Settings       0x2000'0098    0x74  Data  Gb  usbpd_dpm_core.o [1]
DevicesDrivers          0x2000'0158     0x4  Data  Gb  usbpd_tcpci.o [1]
EXTI4_15_IRQHandler      0x800'e6ad    0x24  Code  Gb  stm32f0xx_it.o [1]
FLASH_MassErase          0x800'a707    0x1a  Code  Lc  stm32f0xx_hal_flash_ex.o [1]
FLASH_PageErase          0x800'a72d    0x1c  Code  Gb  stm32f0xx_hal_flash_ex.o [1]
FLASH_Program_HalfWord   0x800'a5bb    0x16  Code  Lc  stm32f0xx_hal_flash.o [1]
FLASH_SetErrorCode       0x800'a625    0x34  Code  Lc  stm32f0xx_hal_flash.o [1]
FLASH_WaitForLastOperation
                         0x800'a5d1    0x4e  Code  Gb  stm32f0xx_hal_flash.o [1]
FUSB307_DebugLevel      0x2000'01cc     0x1  Data  Gb  fusb305.o [1]
GUIMsgBox               0x2000'2020     0x4  Data  Gb  gui_api.o [1]
GUI_CALLBACK_RX          0x800'7037    0x1c  Code  Lc  gui_api.o [1]
GUI_FormatAndSendNotification
                         0x800'70c3    0x22  Code  Gb  gui_api.o [1]
GUI_GetMessage           0x800'70e5    0xdc  Code  Gb  gui_api.o [1]
GUI_GetMessage::Rstate  0x2000'2608     0x1  Data  Lc  gui_api.o [1]
GUI_GetMessage::counter
                        0x2000'260a     0x2  Data  Lc  gui_api.o [1]
GUI_GetMessage::currentSize
                        0x2000'260e     0x2  Data  Lc  gui_api.o [1]
GUI_GetMessage::cursor  0x2000'260c     0x2  Data  Lc  gui_api.o [1]
GUI_Init                 0x800'6eb1    0xc6  Code  Gb  gui_api.o [1]
GUI_OriginalSettings    0x2000'201d     0x1  Data  Gb  gui_api.o [1]
GUI_PostNotificationMessage
                         0x800'77bd    0x48  Code  Gb  gui_api.o [1]
GUI_RXProcess            0x800'706d    0x56  Code  Gb  gui_api.o [1]
GUI_SaveInfo             0x800'7805    0xc8  Code  Gb  gui_api.o [1]
GUI_SaveInformation     0x2000'2384    0x94  Data  Gb  gui_api.o [1]
GUI_SendAnswer           0x800'71d9   0x140  Code  Gb  gui_api.o [1]
GUI_SendNotification     0x800'732d   0x48c  Code  Gb  gui_api.o [1]
GUI_State               0x2000'201c     0x1  Data  Gb  gui_api.o [1]
GUI_TimerCounter         0x800'701d    0x1a  Code  Gb  gui_api.o [1]
GUI_TimerMeasReport     0x2000'201e     0x2  Data  Gb  gui_api.o [1]
GUI_USER_Params         0x2000'2014     0x8  Data  Gb  gui_api.o [1]
HAL_Delay                0x800'c8a9    0x20  Code  Wk  stm32f0xx_hal.o [1]
HAL_FLASHEx_Erase        0x800'a671    0x96  Code  Gb  stm32f0xx_hal_flash_ex.o [1]
HAL_FLASH_Lock           0x800'a5a1     0xe  Code  Gb  stm32f0xx_hal_flash.o [1]
HAL_FLASH_Program        0x800'a511    0x82  Code  Gb  stm32f0xx_hal_flash.o [1]
HAL_FLASH_Unlock         0x800'a593     0xe  Code  Gb  stm32f0xx_hal_flash.o [1]
HAL_GPIO_EXTI_Callback   0x800'99fd    0x42  Code  Gb  usbpd_dpm_user.o [1]
HAL_GPIO_EXTI_IRQHandler
                         0x800'c1d9    0x14  Code  Gb  stm32f0xx_hal_gpio.o [1]
HAL_GPIO_Init            0x800'c051   0x188  Code  Gb  stm32f0xx_hal_gpio.o [1]
HAL_GetTick              0x800'9e79     0xc  Code  Wk  stm32f0xx_hal.o [1]
HAL_I2CEx_ConfigAnalogFilter
                         0x800'c855    0x3a  Code  Gb  stm32f0xx_hal_i2c_ex.o [1]
HAL_I2C_Init             0x800'c211    0xa8  Code  Gb  stm32f0xx_hal_i2c.o [1]
HAL_I2C_Mem_Read         0x800'c45d   0x170  Code  Gb  stm32f0xx_hal_i2c.o [1]
HAL_I2C_Mem_Write        0x800'c2e9   0x172  Code  Gb  stm32f0xx_hal_i2c.o [1]
HAL_I2C_MspInit          0x800'aebb    0x68  Code  Gb  usbpd_tcpci.o [1]
HAL_IncTick              0x800'e6ed    0x10  Code  Wk  stm32f0xx_hal.o [1]
HAL_Init                 0x800'e529    0x1a  Code  Gb  stm32f0xx_hal.o [1]
HAL_MspInit              0x800'e595    0x88  Code  Gb  stm32f0xx_hal_msp.o [1]
HAL_NVIC_DisableIRQ      0x800'9e09    0x1a  Code  Gb  stm32f0xx_hal_cortex.o [1]
HAL_NVIC_EnableIRQ       0x800'9df7    0x12  Code  Gb  stm32f0xx_hal_cortex.o [1]
HAL_NVIC_SetPriority     0x800'9def     0x8  Code  Gb  stm32f0xx_hal_cortex.o [1]
HAL_NVIC_SystemReset     0x800'9e23    0x12  Code  Gb  stm32f0xx_hal_cortex.o [1]
HAL_RCC_GetHCLKFreq      0x800'e61d     0x6  Code  Gb  stm32f0xx_hal_rcc.o [1]
HAL_SYSTICK_Config       0x800'9e35    0x28  Code  Gb  stm32f0xx_hal_cortex.o [1]
HEAP$$Base              0x2000'2928           --   Gb  - Linker created -
HEAP$$Limit             0x2000'3128           --   Gb  - Linker created -
HWBoardVersionName       0x800'ab94     0xc  Data  Gb  usbpd_tcpci.o [1]
HW_IF_PWR_Enable         0x800'ae39    0x74  Code  Gb  usbpd_tcpci.o [1]
HW_IF_PWR_GetCurrent     0x800'ae35     0x4  Code  Gb  usbpd_tcpci.o [1]
HW_IF_PWR_GetVoltage     0x800'ae2d     0x8  Code  Gb  usbpd_tcpci.o [1]
HW_IF_PWR_SetVoltage     0x800'ae29     0x4  Code  Gb  usbpd_tcpci.o [1]
HW_IF_PWR_VBUSIsEnabled
                         0x800'aead     0xe  Code  Gb  usbpd_tcpci.o [1]
HW_TRACER_EMB_IRQHandlerDMA
                         0x800'be8d    0x1a  Code  Gb  tracer_emb_hw.o [1]
HW_TRACER_EMB_IRQHandlerUSART
                         0x800'bead    0xbc  Code  Gb  tracer_emb_hw.o [1]
HW_TRACER_EMB_Init       0x800'bd49   0x108  Code  Gb  tracer_emb_hw.o [1]
HW_TRACER_EMB_RegisterRxCallback
                         0x800'be51    0x10  Code  Gb  tracer_emb_hw.o [1]
HW_TRACER_EMB_SendData   0x800'bf6d    0x42  Code  Gb  tracer_emb_hw.o [1]
HW_TRACER_EMB_StartRX    0x800'be61    0x2c  Code  Gb  tracer_emb_hw.o [1]
HardFault_Handler        0x800'e69b     0x2  Code  Gb  stm32f0xx_it.o [1]
I2C_Flush_TXDR           0x800'c6ad    0x1c  Code  Lc  stm32f0xx_hal_i2c.o [1]
I2C_IsAcknowledgeFailed
                         0x800'c7b7    0x6a  Code  Lc  stm32f0xx_hal_i2c.o [1]
I2C_RequestMemoryRead    0x800'c63f    0x6e  Code  Lc  stm32f0xx_hal_i2c.o [1]
I2C_RequestMemoryWrite   0x800'c5d1    0x6e  Code  Lc  stm32f0xx_hal_i2c.o [1]
I2C_TransferConfig       0x800'c82d    0x1e  Code  Lc  stm32f0xx_hal_i2c.o [1]
I2C_WaitOnFlagUntilTimeout
                         0x800'c6c9    0x56  Code  Lc  stm32f0xx_hal_i2c.o [1]
I2C_WaitOnSTOPFlagUntilTimeout
                         0x800'c773    0x44  Code  Lc  stm32f0xx_hal_i2c.o [1]
I2C_WaitOnTXISFlagUntilTimeout
                         0x800'c71f    0x54  Code  Lc  stm32f0xx_hal_i2c.o [1]
LL_AHB1_GRP1_EnableClock
                         0x800'bd09     0x6  Code  Lc  tracer_emb_hw.o [1]
LL_APB1_GRP1_EnableClock
                         0x800'bd0f     0x4  Code  Lc  tracer_emb_hw.o [1]
LL_DMA_ConfigAddresses   0x800'bd25    0x24  Code  Lc  tracer_emb_hw.o [1]
LL_GPIO_SetAFPin_0_7     0x800'bcef    0x1a  Code  Lc  tracer_emb_hw.o [1]
LL_GPIO_SetPinMode       0x800'bca1    0x16  Code  Lc  tracer_emb_hw.o [1]
LL_GPIO_SetPinOutputType
                         0x800'bcb7     0xc  Code  Lc  tracer_emb_hw.o [1]
LL_GPIO_SetPinPull       0x800'bcd9    0x16  Code  Lc  tracer_emb_hw.o [1]
LL_GPIO_SetPinSpeed      0x800'bcc3    0x16  Code  Lc  tracer_emb_hw.o [1]
LL_Init1msTick           0x800'e549    0x1a  Code  Gb  stm32f0xx_ll_utils.o [1]
LL_RCC_GetSystemClocksFreq
                         0x800'd1cd    0x18  Code  Gb  stm32f0xx_ll_rcc.o [1]
LL_RCC_GetUSARTClockFreq
                         0x800'd1e5    0x6a  Code  Gb  stm32f0xx_ll_rcc.o [1]
LL_RCC_GetUSARTClockSource
                         0x800'd1bd    0x10  Code  Lc  stm32f0xx_ll_rcc.o [1]
LL_SetSystemCoreClock    0x800'e563     0x6  Code  Gb  stm32f0xx_ll_utils.o [1]
LL_USART_Init            0x800'cb65    0xaa  Code  Gb  stm32f0xx_ll_usart.o [1]
LoadInt                  0x800'cee1    0x5a  Code  Lc  xprintfsmall.o [3]
LoadPDOFromFlash         0x800'8b21    0x24  Code  Lc  bsp_gui.o [1]
LoadSettingsFromFlash    0x800'8b45    0x1e  Code  Lc  bsp_gui.o [1]
NMI_Handler              0x800'e699     0x2  Code  Gb  stm32f0xx_it.o [1]
NbPortConfigured        0x2000'2580     0x1  Data  Gb  usbpd_tcpm.o [2]
PDTypeName               0x800'aba4     0x8  Data  Gb  usbpd_tcpci.o [1]
PEQueueId               0x2000'0084     0x4  Data  Lc  usbpd_dpm_core.o [1]
PE_ChangePowerRole       0x800'3c27    0x20  Code  Lc  usbpd_pe.o [2]
PE_CheckSendMessageStatus
                         0x800'4b3b    0x6e  Code  Lc  usbpd_pe.o [2]
PE_Check_AMSConflict     0x800'3cab    0x86  Code  Lc  usbpd_pe.o [2]
PE_Check_ControlMessage
                         0x800'3d4d   0x36a  Code  Lc  usbpd_pe.o [2]
PE_Check_DataMessage     0x800'40c5   0x156  Code  Lc  usbpd_pe.o [2]
PE_Check_DataMessageVDM
                         0x800'4221    0xae  Code  Lc  usbpd_pe.o [2]
PE_Check_ExtendedMessage
                         0x800'42d1   0x254  Code  Lc  usbpd_pe.o [2]
PE_Check_RxEvent         0x800'3c47    0x48  Code  Lc  usbpd_pe.o [2]
PE_ExtRevisionInteroperability
                         0x800'482d    0x88  Code  Lc  usbpd_pe.o [2]
PE_ExtRevisionInteroperability_Cable
                         0x800'48bd    0x3e  Code  Lc  usbpd_pe.o [2]
PE_Get_RxEvent           0x800'3c8f    0x1c  Code  Lc  usbpd_pe.o [2]
PE_Handles              0x2000'015c    0x20  Data  Lc  usbpd_pe.o [2]
PE_PRL_BistCompleted     0x800'457d     0x2  Code  Gb  usbpd_pe.o [2]
PE_PRL_HardResetReceived
                         0x800'4525    0x4a  Code  Gb  usbpd_pe.o [2]
PE_PRL_PostReceiveEvent
                         0x800'4909    0x46  Code  Gb  usbpd_pe.o [2]
PE_PRL_PostReceiveEventComplete
                         0x800'494f    0x1c  Code  Gb  usbpd_pe.o [2]
PE_PerformSoftReset      0x800'3009    0x24  Code  Lc  usbpd_pe.o [2]
PE_Reset                 0x800'457f   0x194  Code  Gb  usbpd_pe.o [2]
PE_ResetDuringSwap       0x800'4713   0x10a  Code  Gb  usbpd_pe.o [2]
PE_SVDM_CheckIdentity    0x800'4975    0xda  Code  Lc  usbpd_pe.o [2]
PE_SVDM_CheckSVIDs       0x800'4a4f    0x7c  Code  Lc  usbpd_pe.o [2]
PE_Send_CtrlMessage      0x800'2f11    0x7c  Code  Lc  usbpd_pe.o [2]
PE_Send_DataMessage      0x800'2f91    0x78  Code  Lc  usbpd_pe.o [2]
PE_Send_ExtendedMessage
                         0x800'4ad5    0x66  Code  Lc  usbpd_pe.o [2]
PE_Send_RESET            0x800'302d    0x7e  Code  Gb  usbpd_pe.o [2]
PE_Send_SRCCapabilities
                         0x800'2ec1    0x50  Code  Lc  usbpd_pe.o [2]
PE_StateMachine_SNK_ReadyWait
                         0x800'26f5   0x156  Code  Lc  usbpd_pe.o [2]
PE_StateMachine_SNK_SelectCapa
                         0x800'2591   0x15e  Code  Lc  usbpd_pe.o [2]
PE_StateMachine_SRC_NegocCapa
                         0x800'1409    0xca  Code  Lc  usbpd_pe.o [2]
PE_StateMachine_SRC_SendCapa
                         0x800'1335    0xce  Code  Lc  usbpd_pe.o [2]
PE_StateMachine_UVDM     0x800'3b9d    0x8a  Code  Lc  usbpd_pe.o [2]
PE_StateMachine_VDM      0x800'33d1   0x7bc  Code  Lc  usbpd_pe.o [2]
PE_StateMachine_VDMCable
                         0x800'30c9   0x2ec  Code  Lc  usbpd_pe.o [2]
PE_SubStateMachine_ExtendedMessages
                         0x800'4bb1   0x1e8  Code  Lc  usbpd_pe.o [2]
PE_SubStateMachine_Generic
                         0x800'4db1   0x6c2  Code  Lc  usbpd_pe.o [2]
PE_SubStateMachine_ReceiveDRS
                         0x800'5479    0xae  Code  Lc  usbpd_pe.o [2]
PE_SubStateMachine_VconnSwap
                         0x800'552d   0x364  Code  Lc  usbpd_pe.o [2]
PE_Trace_Empty           0x800'58a9     0x2  Code  Gb  usbpd_pe.o [2]
PORT0_PDO_ListSNK       0x2000'013c    0x1c  Data  Gb  usbpd_pwr_if.o [1]
PORT0_PDO_ListSRC       0x2000'0120    0x1c  Data  Gb  usbpd_pwr_if.o [1]
PRL_BistCompleted        0x800'6461     0x8  Code  Lc  usbpd_prl.o [2]
PRL_Handles             0x2000'25c8    0x20  Data  Lc  usbpd_prl.o [2]
PRL_Received             0x800'618d   0x26a  Code  Lc  usbpd_prl.o [2]
PRL_ResetCompleted       0x800'644d     0xc  Code  Lc  usbpd_prl.o [2]
PRL_ResetIndicate        0x800'63fd    0x48  Code  Lc  usbpd_prl.o [2]
PRL_StateTXConstructMessage
                         0x800'5fd5   0x1ae  Code  Lc  usbpd_prl.o [2]
PRL_TxCompleted          0x800'6469    0x60  Code  Lc  usbpd_prl.o [2]
PWR_Port_PDO_Storage    0x2000'010c    0x10  Data  Gb  usbpd_pwr_if.o [1]
PendSV_Handler           0x800'caef          Code  Gb  portasm.o [1]
Processed               0x2000'2034   0x100  Data  Gb  gui_api.o [1]
PtrDataRx               0x2000'2134   0x100  Data  Gb  gui_api.o [1]
PtrDataTx               0x2000'1c14   0x400  Data  Lc  tracer_emb.o [1]
PtrTx_Read              0x2000'25e8     0x4  Data  Lc  tracer_emb.o [1]
PtrTx_Write             0x2000'25ec     0x4  Data  Lc  tracer_emb.o [1]
RCC_GetHCLKClockFreq     0x800'd267    0x10  Code  Gb  stm32f0xx_ll_rcc.o [1]
RCC_GetPCLK1ClockFreq    0x800'd277    0x10  Code  Gb  stm32f0xx_ll_rcc.o [1]
RCC_GetSystemClockFreq   0x800'd24f    0x18  Code  Gb  stm32f0xx_ll_rcc.o [1]
RCC_PLL_GetFreqDomain_SYS
                         0x800'd287    0x2e  Code  Gb  stm32f0xx_ll_rcc.o [1]
Region$$Table$$Base      0x800'e87c           --   Gb  - Linker created -
Region$$Table$$Limit     0x800'e89c           --   Gb  - Linker created -
Request_MessageReq       0x800'7b11   0x582  Code  Lc  gui_api.o [1]
SVC_Handler              0x800'cb2d          Code  Gb  portasm.o [1]
SavePDOInFlash           0x800'8a85    0x44  Code  Lc  bsp_gui.o [1]
SaveSettingsInFlash      0x800'8ac9    0x58  Code  Lc  bsp_gui.o [1]
Send_DpmConfigGetCnf     0x800'8495   0x388  Code  Lc  gui_api.o [1]
Send_DpmConfigGetRej     0x800'8821    0x20  Code  Lc  gui_api.o [1]
Send_DpmConfigSetCnf     0x800'8095   0x3e0  Code  Lc  gui_api.o [1]
Send_DpmInitCnf          0x800'78cd   0x21a  Code  Lc  gui_api.o [1]
Send_DpmRegisterReadCnf
                         0x800'8841    0x24  Code  Lc  gui_api.o [1]
SizeSent                0x2000'25f4     0x4  Data  Lc  tracer_emb.o [1]
SysTick_Handler          0x800'e69d    0x10  Code  Gb  stm32f0xx_it.o [1]
SystemClock_Config       0x800'e487    0x7a  Code  Gb  main.o [1]
SystemCoreClock         0x2000'0064     0x4  Data  Gb  system_stm32f0xx.o [1]
SystemInit               0x800'e629    0x48  Code  Gb  system_stm32f0xx.o [1]
TCPM_CheckConnection     0x800'6c81   0x148  Code  Lc  usbpd_tcpm.o [2]
TCPM_Disconnect          0x800'6dcd    0x9c  Code  Lc  usbpd_tcpm.o [2]
TCPM_Handles            0x2000'2584    0x20  Data  Lc  usbpd_tcpm.o [2]
TCPM_PortIsDoingSwap     0x800'6e69    0x12  Code  Lc  usbpd_tcpm.o [2]
TLV_add                  0x800'9ed1    0xb8  Code  Gb  data_struct_tlv.o [1]
TLV_addValue             0x800'9f89    0x82  Code  Gb  data_struct_tlv.o [1]
TLV_deinit_decode        0x800'a08d     0x8  Code  Gb  data_struct_tlv.o [1]
TLV_deinit_encode        0x800'a00b     0xc  Code  Gb  data_struct_tlv.o [1]
TLV_get                  0x800'a047    0x46  Code  Gb  data_struct_tlv.o [1]
TLV_get_string_length    0x800'a095    0x1e  Code  Gb  data_struct_tlv.o [1]
TLV_init_decode          0x800'a01d    0x2a  Code  Gb  data_struct_tlv.o [1]
TLV_init_encode          0x800'9e85    0x4c  Code  Gb  data_struct_tlv.o [1]
TRACER_EMB_Add           0x800'9c71    0x3e  Code  Gb  tracer_emb.o [1]
TRACER_EMB_AllocateBufer
                         0x800'9d6b    0x3c  Code  Gb  tracer_emb.o [1]
TRACER_EMB_CALLBACK_TX   0x800'9d25    0x24  Code  Gb  tracer_emb.o [1]
TRACER_EMB_IRQHandlerDMA
                         0x800'9caf     0x8  Code  Gb  tracer_emb.o [1]
TRACER_EMB_IRQHandlerUSART
                         0x800'9cb7     0x8  Code  Gb  tracer_emb.o [1]
TRACER_EMB_Init          0x800'9c5d    0x14  Code  Gb  tracer_emb.o [1]
TRACER_EMB_Lock          0x800'9d49     0xe  Code  Gb  tracer_emb.o [1]
TRACER_EMB_StartRX       0x800'9d19     0xc  Code  Gb  tracer_emb.o [1]
TRACER_EMB_TX_Process    0x800'9cbf    0x50  Code  Gb  tracer_emb.o [1]
TRACER_EMB_UnLock        0x800'9d57     0xc  Code  Gb  tracer_emb.o [1]
TRACER_EMB_WakeUpProcess
                         0x800'886d     0x8  Code  Gb  gui_api.o [1]
TRACER_EMB_WriteData     0x800'9d0f     0xa  Code  Gb  tracer_emb.o [1]
TaskGUI                  0x800'6f95    0x88  Code  Lc  gui_api.o [1]
ThreadAlert             0x2000'0080     0x4  Data  Gb  usbpd_dpm_core.o [1]
TraceQueueId            0x2000'0088     0x4  Data  Gb  usbpd_dpm_core.o [1]
USART3_4_IRQHandler      0x800'e6d9     0x8  Code  Gb  stm32f0xx_it.o [1]
USBDPD_PRL_BistCarrierEyeMode
                         0x800'5f0f    0x10  Code  Gb  usbpd_prl.o [2]
USBDPD_PRL_BistCarrierEyeModeExit
                         0x800'5f1f    0x28  Code  Gb  usbpd_prl.o [2]
USBPD_ALERT_Task         0x800'a329    0x3c  Code  Gb  usbpd_dpm_core.o [1]
USBPD_DPM_CADCallback    0x800'a38f    0x72  Code  Gb  usbpd_dpm_core.o [1]
USBPD_DPM_CADTaskWakeUp
                         0x800'a2fd     0xe  Code  Lc  usbpd_dpm_core.o [1]
USBPD_DPM_EvaluateDataRoleSwap
                         0x800'930b    0x3e  Code  Gb  usbpd_dpm_user.o [1]
USBPD_DPM_EvaluatePowerRoleSwap
                         0x800'8df9     0x4  Code  Gb  usbpd_dpm_user.o [1]
USBPD_DPM_EvaluateRequest
                         0x800'90f9    0x64  Code  Gb  usbpd_dpm_user.o [1]
USBPD_DPM_EvaluateVconnSwap
                         0x800'9299    0x16  Code  Gb  usbpd_dpm_user.o [1]
USBPD_DPM_ExtendedMessageReceived
                         0x800'9309     0x2  Code  Gb  usbpd_dpm_user.o [1]
USBPD_DPM_GetDataInfo    0x800'8f25    0xbc  Code  Gb  usbpd_dpm_user.o [1]
USBPD_DPM_HardReset      0x800'8d5f    0x60  Code  Gb  usbpd_dpm_user.o [1]
USBPD_DPM_InitCore       0x800'a1e5    0x72  Code  Gb  usbpd_dpm_core.o [1]
USBPD_DPM_InitCore::CAD_cbs
                         0x800'a508     0x8  Data  Lc  usbpd_dpm_core.o [1]
USBPD_DPM_InitCore::dpmCallbacks
                         0x800'e740    0x40  Data  Lc  usbpd_dpm_core.o [1]
USBPD_DPM_InitOS         0x800'a259    0x5c  Code  Gb  usbpd_dpm_core.o [1]
USBPD_DPM_IsPowerReady   0x800'934d     0xe  Code  Gb  usbpd_dpm_user.o [1]
USBPD_DPM_Notification   0x800'8dfd   0x11a  Code  Gb  usbpd_dpm_user.o [1]
USBPD_DPM_PE_VconnPwr    0x800'92b5    0x54  Code  Gb  usbpd_dpm_user.o [1]
USBPD_DPM_PowerRoleSwap
                         0x800'9231    0x68  Code  Gb  usbpd_dpm_user.o [1]
USBPD_DPM_RequestAlert   0x800'94ed     0xc  Code  Gb  usbpd_dpm_user.o [1]
USBPD_DPM_RequestCableReset
                         0x800'9363     0x8  Code  Gb  usbpd_dpm_user.o [1]
USBPD_DPM_RequestDataRoleSwap
                         0x800'9441     0xc  Code  Gb  usbpd_dpm_user.o [1]
USBPD_DPM_RequestFastRoleSwap
                         0x800'9529     0xc  Code  Gb  usbpd_dpm_user.o [1]
USBPD_DPM_RequestGetBatteryCapability
                         0x800'954d     0x4  Code  Gb  usbpd_dpm_user.o [1]
USBPD_DPM_RequestGetBatteryStatus
                         0x800'9551     0x4  Code  Gb  usbpd_dpm_user.o [1]
USBPD_DPM_RequestGetCountryCodes
                         0x800'9535     0xc  Code  Gb  usbpd_dpm_user.o [1]
USBPD_DPM_RequestGetCountryInfo
                         0x800'9541     0xc  Code  Gb  usbpd_dpm_user.o [1]
USBPD_DPM_RequestGetManufacturerInfo
                         0x800'9509    0x10  Code  Gb  usbpd_dpm_user.o [1]
USBPD_DPM_RequestGetPPS_Status
                         0x800'9519     0x4  Code  Gb  usbpd_dpm_user.o [1]
USBPD_DPM_RequestGetSinkCapability
                         0x800'9435     0xc  Code  Gb  usbpd_dpm_user.o [1]
USBPD_DPM_RequestGetSinkCapabilityExt
                         0x800'94fd     0xc  Code  Gb  usbpd_dpm_user.o [1]
USBPD_DPM_RequestGetSourceCapability
                         0x800'9429     0xc  Code  Gb  usbpd_dpm_user.o [1]
USBPD_DPM_RequestGetSourceCapabilityExt
                         0x800'94f9     0x4  Code  Gb  usbpd_dpm_user.o [1]
USBPD_DPM_RequestGetStatus
                         0x800'951d     0xc  Code  Gb  usbpd_dpm_user.o [1]
USBPD_DPM_RequestGotoMin
                         0x800'936b     0xc  Code  Gb  usbpd_dpm_user.o [1]
USBPD_DPM_RequestHardReset
                         0x800'935b     0x8  Code  Gb  usbpd_dpm_user.o [1]
USBPD_DPM_RequestMessageRequest
                         0x800'9383    0xa2  Code  Gb  usbpd_dpm_user.o [1]
USBPD_DPM_RequestPing    0x800'9377     0xc  Code  Gb  usbpd_dpm_user.o [1]
USBPD_DPM_RequestPowerRoleSwap
                         0x800'944d     0xc  Code  Gb  usbpd_dpm_user.o [1]
USBPD_DPM_RequestSecurityRequest
                         0x800'9555     0x4  Code  Gb  usbpd_dpm_user.o [1]
USBPD_DPM_RequestSoftReset
                         0x800'9465     0xc  Code  Gb  usbpd_dpm_user.o [1]
USBPD_DPM_RequestSourceCapability
                         0x800'9471     0xc  Code  Gb  usbpd_dpm_user.o [1]
USBPD_DPM_RequestVDM_DiscoveryIdentify
                         0x800'947d    0x26  Code  Gb  usbpd_dpm_user.o [1]
USBPD_DPM_RequestVDM_DiscoveryMode
                         0x800'94d5     0x8  Code  Gb  usbpd_dpm_user.o [1]
USBPD_DPM_RequestVDM_DiscoverySVID
                         0x800'94cd     0x8  Code  Gb  usbpd_dpm_user.o [1]
USBPD_DPM_RequestVDM_EnterMode
                         0x800'94dd     0x8  Code  Gb  usbpd_dpm_user.o [1]
USBPD_DPM_RequestVDM_ExitMode
                         0x800'94e5     0x8  Code  Gb  usbpd_dpm_user.o [1]
USBPD_DPM_RequestVconnSwap
                         0x800'9459     0xc  Code  Gb  usbpd_dpm_user.o [1]
USBPD_DPM_Run            0x800'a2b5     0x8  Code  Gb  usbpd_dpm_core.o [1]
USBPD_DPM_SNK_EvaluateCapabilities
                         0x800'9175    0xbc  Code  Gb  usbpd_dpm_user.o [1]
USBPD_DPM_SNK_EvaluateMatchWithSRCPDO
                         0x800'9559   0x23e  Code  Gb  usbpd_dpm_user.o [1]
USBPD_DPM_SetDataInfo    0x800'9005    0xea  Code  Gb  usbpd_dpm_user.o [1]
USBPD_DPM_SetNotification_GUI
                         0x800'8bc1     0xa  Code  Gb  usbpd_dpm_user.o [1]
USBPD_DPM_SetupNewPower
                         0x800'8dbf    0x26  Code  Gb  usbpd_dpm_user.o [1]
USBPD_DPM_TimerCounter   0x800'a2bd    0x2c  Code  Gb  usbpd_dpm_core.o [1]
USBPD_DPM_TraceWakeUp    0x800'a379    0x16  Code  Gb  usbpd_dpm_core.o [1]
USBPD_DPM_UserCableDetection
                         0x800'8c79    0xca  Code  Gb  usbpd_dpm_user.o [1]
USBPD_DPM_UserExecute    0x800'8bd5    0x9e  Code  Gb  usbpd_dpm_user.o [1]
USBPD_DPM_UserInit       0x800'8b65    0x3e  Code  Gb  usbpd_dpm_user.o [1]
USBPD_DPM_UserTimerCounter
                         0x800'8d43    0x1c  Code  Gb  usbpd_dpm_user.o [1]
USBPD_DPM_WaitForTime    0x800'8bcb     0x8  Code  Gb  usbpd_dpm_user.o [1]
USBPD_NbPDO             0x2000'011c     0x4  Data  Gb  usbpd_pwr_if.o [1]
USBPD_PE_CheckLIB        0x800'01a9     0xe  Code  Gb  usbpd_pe.o [2]
USBPD_PE_GetMemoryConsumption
                         0x800'01b7     0xe  Code  Gb  usbpd_pe.o [2]
USBPD_PE_Init            0x800'00c1    0xdc  Code  Gb  usbpd_pe.o [2]
USBPD_PE_InitVDM_Callback
                         0x800'2869     0xa  Code  Gb  usbpd_pe.o [2]
USBPD_PE_IsCableConnected
                         0x800'0235    0x34  Code  Gb  usbpd_pe.o [2]
USBPD_PE_Request_CableReset
                         0x800'2ad5    0x26  Code  Gb  usbpd_pe.o [2]
USBPD_PE_Request_CtrlMessage
                         0x800'2afd   0x1ce  Code  Gb  usbpd_pe.o [2]
USBPD_PE_Request_DataMessage
                         0x800'2cd1    0xa6  Code  Gb  usbpd_pe.o [2]
USBPD_PE_Request_HardReset
                         0x800'2ab7    0x18  Code  Gb  usbpd_pe.o [2]
USBPD_PE_SVDM_RequestIdentity
                         0x800'2879    0x60  Code  Gb  usbpd_pe.o [2]
USBPD_PE_SVDM_RequestMode
                         0x800'2945    0x66  Code  Gb  usbpd_pe.o [2]
USBPD_PE_SVDM_RequestModeEnter
                         0x800'29ab    0x7c  Code  Gb  usbpd_pe.o [2]
USBPD_PE_SVDM_RequestModeExit
                         0x800'2a27    0x7c  Code  Gb  usbpd_pe.o [2]
USBPD_PE_SVDM_RequestSVID
                         0x800'28dd    0x62  Code  Gb  usbpd_pe.o [2]
USBPD_PE_SendExtendedMessage
                         0x800'2dd5    0xda  Code  Gb  usbpd_pe.o [2]
USBPD_PE_Send_Request    0x800'2d85    0x4c  Code  Gb  usbpd_pe.o [2]
USBPD_PE_SetTrace        0x800'019d     0xc  Code  Gb  usbpd_pe.o [2]
USBPD_PE_StateMachine_DRP
                         0x800'284b    0x1e  Code  Gb  usbpd_pe.o [2]
USBPD_PE_StateMachine_SNK
                         0x800'14e1  0x10a4  Code  Gb  usbpd_pe.o [2]
USBPD_PE_StateMachine_SRC
                         0x800'0281  0x10a6  Code  Gb  usbpd_pe.o [2]
USBPD_PE_Task            0x800'a30b    0x1e  Code  Gb  usbpd_dpm_core.o [1]
USBPD_PE_TaskWakeUp      0x800'a2e9    0x14  Code  Lc  usbpd_dpm_core.o [1]
USBPD_PE_TimerCounter    0x800'01c5    0x70  Code  Gb  usbpd_pe.o [2]
USBPD_PHY_DisableRX      0x800'6c65    0x18  Code  Gb  usbpd_tcpm.o [2]
USBPD_PHY_EnableRX       0x800'6c4d    0x18  Code  Gb  usbpd_tcpm.o [2]
USBPD_PHY_Init           0x800'6ab7    0x3a  Code  Gb  usbpd_tcpm.o [2]
USBPD_PHY_IsResistor_SinkTxOk
                         0x800'6c2f    0x1e  Code  Gb  usbpd_tcpm.o [2]
USBPD_PHY_Reset          0x800'6af1     0x2  Code  Gb  usbpd_tcpm.o [2]
USBPD_PHY_ResetRequest   0x800'6ba7    0x10  Code  Gb  usbpd_tcpm.o [2]
USBPD_PHY_SOPSupported   0x800'6af3    0x14  Code  Gb  usbpd_tcpm.o [2]
USBPD_PHY_Send_BIST_Pattern
                         0x800'6bc7    0x14  Code  Gb  usbpd_tcpm.o [2]
USBPD_PHY_SetResistor_SinkTxNG
                         0x800'6bff    0x18  Code  Gb  usbpd_tcpm.o [2]
USBPD_PHY_SetResistor_SinkTxOK
                         0x800'6c17    0x18  Code  Gb  usbpd_tcpm.o [2]
USBPD_PRL_CBL_SetHeaderSpecification
                         0x800'5bed    0x20  Code  Gb  usbpd_prl.o [2]
USBPD_PRL_CableCapable   0x800'5c31    0x18  Code  Gb  usbpd_prl.o [2]
USBPD_PRL_DisableRX      0x800'5fa9     0xa  Code  Gb  usbpd_prl.o [2]
USBPD_PRL_EnableRX       0x800'5f9d     0xc  Code  Gb  usbpd_prl.o [2]
USBPD_PRL_GetMemoryConsumption
                         0x800'5b31     0x6  Code  Gb  usbpd_prl.o [2]
USBPD_PRL_Init           0x800'5a8d    0x90  Code  Gb  usbpd_prl.o [2]
USBPD_PRL_Init::PRL_PhyCallbacks
                         0x800'5b1c    0x14  Data  Lc  usbpd_prl.o [2]
USBPD_PRL_IsResistor_SinkTxOK
                         0x800'5c29     0x8  Code  Gb  usbpd_prl.o [2]
USBPD_PRL_PowerSinkReset
                         0x800'6445     0x8  Code  Gb  usbpd_prl.o [2]
USBPD_PRL_PrepareChunkRequest
                         0x800'6521    0x62  Code  Gb  usbpd_prl.o [2]
USBPD_PRL_PrepareExtendedTxChunkSending
                         0x800'64cd    0x50  Code  Gb  usbpd_prl.o [2]
USBPD_PRL_Reset          0x800'5f4d    0x50  Code  Gb  usbpd_prl.o [2]
USBPD_PRL_ResetRequestProcess
                         0x800'5e65    0xaa  Code  Gb  usbpd_prl.o [2]
USBPD_PRL_ResetRequestReset
                         0x800'5e53     0xc  Code  Gb  usbpd_prl.o [2]
USBPD_PRL_SRCReleaseSinkNG
                         0x800'5c15    0x14  Code  Gb  usbpd_prl.o [2]
USBPD_PRL_SRCSetSinkNG   0x800'5c0d     0x8  Code  Gb  usbpd_prl.o [2]
USBPD_PRL_SendMessage    0x800'5c55   0x1fe  Code  Gb  usbpd_prl.o [2]
USBPD_PRL_SetHeader      0x800'5b37    0x3c  Code  Gb  usbpd_prl.o [2]
USBPD_PRL_SetHeaderDataRole
                         0x800'5b9b    0x28  Code  Gb  usbpd_prl.o [2]
USBPD_PRL_SetHeaderPowerRole
                         0x800'5b73    0x28  Code  Gb  usbpd_prl.o [2]
USBPD_PRL_SetHeaderSpecification
                         0x800'5bc3    0x2a  Code  Gb  usbpd_prl.o [2]
USBPD_PRL_TimerCounter   0x800'5a69    0x24  Code  Gb  usbpd_prl.o [2]
USBPD_PWR_IF_CheckUpdateSNKPower
                         0x800'a9e9    0xaa  Code  Gb  usbpd_pwr_if.o [1]
USBPD_PWR_IF_Disable_VConn
                         0x800'a8f5    0x2e  Code  Gb  usbpd_pwr_if.o [1]
USBPD_PWR_IF_Enable_VConn
                         0x800'a8b9    0x30  Code  Gb  usbpd_pwr_if.o [1]
USBPD_PWR_IF_GetPortPDOs
                         0x800'a931    0x8a  Code  Gb  usbpd_pwr_if.o [1]
USBPD_PWR_IF_Init        0x800'a751    0x2e  Code  Gb  usbpd_pwr_if.o [1]
USBPD_PWR_IF_SearchRequestedPDO
                         0x800'a9bb    0x26  Code  Gb  usbpd_pwr_if.o [1]
USBPD_PWR_IF_SetProfile
                         0x800'a77f    0x58  Code  Gb  usbpd_pwr_if.o [1]
USBPD_PWR_IF_SupplyReady
                         0x800'a7d7    0x1a  Code  Gb  usbpd_pwr_if.o [1]
USBPD_PWR_IF_VBUSDisable
                         0x800'a871    0x3c  Code  Gb  usbpd_pwr_if.o [1]
USBPD_PWR_IF_VBUSEnable
                         0x800'a7f1    0x68  Code  Gb  usbpd_pwr_if.o [1]
USBPD_TCPCI_Delay        0x800'ae21     0x8  Code  Gb  usbpd_tcpci.o [1]
USBPD_TCPCI_GetDevicesDrivers
                         0x800'ac69     0xc  Code  Gb  usbpd_tcpci.o [1]
USBPD_TCPCI_Init         0x800'abf1    0x6e  Code  Gb  usbpd_tcpci.o [1]
USBPD_TCPCI_ReadRegister
                         0x800'adc7    0x30  Code  Gb  usbpd_tcpci.o [1]
USBPD_TCPCI_ReceiveBuffer
                         0x800'ad31    0x8c  Code  Gb  usbpd_tcpci.o [1]
USBPD_TCPCI_SendTransmitBuffer
                         0x800'aca7    0x8a  Code  Gb  usbpd_tcpci.o [1]
USBPD_TCPCI_WriteRegister
                         0x800'ac75    0x32  Code  Gb  usbpd_tcpci.o [1]
USBPD_TCPI_AlertInit     0x800'abad    0x42  Code  Gb  usbpd_tcpci.o [1]
USBPD_TCPM_HWInit        0x800'6679    0xac  Code  Gb  usbpd_tcpm.o [2]
USBPD_TCPM_Send_BIST_Pattern
                         0x800'6bdb    0x24  Code  Gb  usbpd_tcpm.o [2]
USBPD_TCPM_VBUS_Disable
                         0x800'67c7     0x4  Code  Gb  usbpd_tcpm.o [2]
USBPD_TCPM_VBUS_Enable   0x800'67c1     0x6  Code  Gb  usbpd_tcpm.o [2]
USBPD_TCPM_VBUS_GetVoltage
                         0x800'6737    0x2e  Code  Gb  usbpd_tcpm.o [2]
USBPD_TCPM_VBUS_IsVsafe0V
                         0x800'6765    0x30  Code  Gb  usbpd_tcpm.o [2]
USBPD_TCPM_VBUS_IsVsafe5V
                         0x800'6795    0x2c  Code  Gb  usbpd_tcpm.o [2]
USBPD_TCPM_alert         0x800'680d   0x2aa  Code  Gb  usbpd_tcpm.o [2]
USBPD_TCPM_get_cc        0x800'6b07    0x12  Code  Gb  usbpd_tcpm.o [2]
USBPD_TCPM_get_message   0x800'6b6f    0x12  Code  Gb  usbpd_tcpm.o [2]
USBPD_TCPM_set_cc        0x800'6725    0x12  Code  Gb  usbpd_tcpm.o [2]
USBPD_TCPM_set_msg_header
                         0x800'6b47    0x12  Code  Gb  usbpd_tcpm.o [2]
USBPD_TCPM_set_polarity
                         0x800'6b19    0x14  Code  Gb  usbpd_tcpm.o [2]
USBPD_TCPM_set_rx_state
                         0x800'6b59    0x16  Code  Gb  usbpd_tcpm.o [2]
USBPD_TCPM_set_vconn     0x800'6b35    0x12  Code  Gb  usbpd_tcpm.o [2]
USBPD_TCPM_transmit      0x800'6b81    0x26  Code  Gb  usbpd_tcpm.o [2]
USBPD_TRACE_Add          0x800'a0d9   0x104  Code  Gb  usbpd_trace.o [1]
USBPD_TRACE_Init         0x800'a0c5    0x10  Code  Gb  usbpd_trace.o [1]
USBPD_TRACE_TX_Process   0x800'a1dd     0x8  Code  Gb  usbpd_trace.o [1]
USBPD_TRACE_TX_Task      0x800'a365    0x14  Code  Gb  usbpd_dpm_core.o [1]
USBPD_Trace             0x2000'017c     0x4  Data  Gb  usbpd_pe.o [2]
USBPD_VDM_InformIdentity
                         0x800'ab11    0x58  Code  Lc  usbpd_vdm_user.o [1]
USBPD_VDM_InformMode     0x800'ab6b     0x2  Code  Lc  usbpd_vdm_user.o [1]
USBPD_VDM_InformModeEnter
                         0x800'ab6d     0x2  Code  Lc  usbpd_vdm_user.o [1]
USBPD_VDM_InformModeExit
                         0x800'ab6f     0x2  Code  Lc  usbpd_vdm_user.o [1]
USBPD_VDM_InformSVID     0x800'ab69     0x2  Code  Lc  usbpd_vdm_user.o [1]
USBPD_VDM_InformSpecific
                         0x800'ab73     0x2  Code  Lc  usbpd_vdm_user.o [1]
USBPD_VDM_SendSpecific   0x800'ab71     0x2  Code  Lc  usbpd_vdm_user.o [1]
USBPD_VDM_UserInit       0x800'ab75     0xc  Code  Gb  usbpd_vdm_user.o [1]
UpdateSNKPowerPort0      0x800'8875    0x90  Code  Lc  gui_api.o [1]
_Encoding_8859_1_Mbrlen
                         0x800'e8f1     0x2  Code  Gb  xencoding_8859_1.o [3]
_LitobSmall              0x800'd07d    0xea  Code  Lc  xprintfsmall.o [3]
_PWR_CheckPDOContent     0x800'aaad    0x4e  Code  Gb  usbpd_pwr_if.o [1]
_PrintfSmall             0x800'cc31   0x29a  Code  Gb  xprintfsmall.o [3]
_PutcharsSmall           0x800'd16d    0x34  Code  Lc  xprintfsmall.o [3]
_PutfldSmall             0x800'cf3d   0x140  Code  Lc  xprintfsmall.o [3]
_SProut                  0x800'6593     0xa  Code  Gb  xsprout.o [3]
__ICFEDIT_region_RAM_end__ {Abs}
                        0x2000'3fff          Data  Gb  <internal module>
__ICFEDIT_region_RAM_start__ {Abs}
                        0x2000'0000          Data  Gb  <internal module>
__NVIC_EnableIRQ         0x800'bc55    0x12  Code  Lc  tracer_emb_hw.o [1]
__NVIC_SetPriority       0x800'9db5    0x3a  Code  Lc  stm32f0xx_hal_cortex.o [1]
__NVIC_SetPriority       0x800'bc67    0x3a  Code  Lc  tracer_emb_hw.o [1]
__aeabi_idiv0            0x800'6ead          Code  Gb  IntDivZer.o [5]
__aeabi_llsr             0x800'bff1          Code  Gb  U64Shr.o [5]
__aeabi_memcpy           0x800'65d1          Code  Gb  ABImemcpy.o [5]
__aeabi_memcpy4          0x800'659d          Code  Gb  ABImemcpy.o [5]
__aeabi_memcpy8          0x800'659d          Code  Gb  ABImemcpy.o [5]
__basic_free_intern      0x800'59d7    0x7a  Code  Lc  heap0.o [3]
__basic_malloc           0x800'5929    0x18  Code  Gb  heap0.o [3]
__basic_malloc_intern    0x800'5941    0x96  Code  Lc  heap0.o [3]
__cmain                  0x800'e89d          Code  Gb  cmain.o [5]
__data_GetMemChunk       0x800'664d    0x2c  Code  Gb  xgetmemchunk.o [3]
__data_GetMemChunk::start
                        0x2000'261c     0x4  Data  Lc  xgetmemchunk.o [3]
__exit                   0x800'd3c5    0x14  Code  Gb  exit.o [6]
__iar_Fail_s             0x800'd35d    0x22  Code  Gb  xfail_s.o [3]
__iar_Memchr             0x800'd3a5          Code  Gb  memchr.o [5]
__iar_Memcpy             0x800'65dd          Code  Gb  ABImemcpy.o [5]
__iar_Strchr             0x800'd349          Code  Gb  strchr.o [5]
__iar_data_init3         0x800'e831    0x28  Code  Gb  data_init.o [5]
__iar_globLocale        0x2000'0184    0x48  Data  Lc  xlocale_c.o [3]
__iar_lz77_init_single3
                         0x800'58ab    0x7e  Code  Gb  lz77_init_single.o [5]
__iar_program_start      0x800'e8e5          Code  Gb  cstartup_M.o [5]
__iar_small_Memset4_word
                         0x800'5a5d          Code  Gb  ABImemset_small.o [5]
__iar_small_Memset_word
                         0x800'5a5d          Code  Gb  ABImemset_small.o [5]
__iar_small_idiv         0x800'65ed          Code  Gb  I32DivMod.o [5]
__iar_small_idivmod      0x800'65ed          Code  Gb  I32DivMod.o [5]
__iar_small_memclr       0x800'5a59          Code  Gb  ABImemset_small.o [5]
__iar_small_memclr4      0x800'5a59          Code  Gb  ABImemset_small.o [5]
__iar_small_memclr8      0x800'5a59          Code  Gb  ABImemset_small.o [5]
__iar_small_memset       0x800'5a5d          Code  Gb  ABImemset_small.o [5]
__iar_small_memset4      0x800'5a5d          Code  Gb  ABImemset_small.o [5]
__iar_small_memset8      0x800'5a5d          Code  Gb  ABImemset_small.o [5]
__iar_small_uidiv        0x800'6615          Code  Gb  I32DivMod.o [5]
__iar_small_uidivmod     0x800'6615          Code  Gb  I32DivMod.o [5]
__iar_zero_init3         0x800'e7bd    0x3c  Code  Gb  zero_init3.o [5]
__low_level_init         0x800'e8bb     0x4  Code  Gb  low_level_init.o [3]
__vector_table           0x800'0000          Data  Gb  startup_stm32f072xb.o [1]
_call_main               0x800'e8a9          Code  Gb  cmain.o [5]
_exit                    0x800'e8c9          Code  Gb  cexit.o [5]
_gLocale_mblen           0x800'd339     0xa  Code  Gb  xlocale_c.o [3]
_gLocale_mblenInt        0x800'd305    0x34  Code  Gb  xlocale_c.o [3]
_main                    0x800'e8b7          Code  Gb  cmain.o [5]
abort                    0x800'd3bb     0xa  Code  Gb  abort.o [3]
exit                     0x800'e8bf     0x8  Code  Gb  exit.o [3]
fptr_rx                 0x2000'2618     0x4  Data  Lc  tracer_emb_hw.o [1]
fusb305_tcpc_DisableRx   0x800'd9f5    0x40  Code  Gb  fusb305.o [1]
fusb305_tcpc_EnableRx    0x800'd9d5    0x20  Code  Gb  fusb305.o [1]
fusb305_tcpc_IfSinkTxOk
                         0x800'e1c1     0x4  Code  Gb  fusb305.o [1]
fusb305_tcpc_SinkTxNG    0x800'e179    0x14  Code  Gb  fusb305.o [1]
fusb305_tcpc_SinkTxOK    0x800'e191    0x1c  Code  Gb  fusb305.o [1]
fusb305_tcpc_alert       0x800'e08d    0x82  Code  Gb  fusb305.o [1]
fusb305_tcpc_clear_alert
                         0x800'e121    0x24  Code  Gb  fusb305.o [1]
fusb305_tcpc_drv        0x2000'0000    0x60  Data  Gb  fusb305.o [1]
fusb305_tcpc_get_cc      0x800'd5a1   0x16c  Code  Gb  fusb305.o [1]
fusb305_tcpc_get_fault_status
                         0x800'db7d    0x20  Code  Gb  fusb305.o [1]
fusb305_tcpc_get_message
                         0x800'da6d     0xe  Code  Gb  fusb305.o [1]
fusb305_tcpc_get_power_status
                         0x800'db19    0x56  Code  Gb  fusb305.o [1]
fusb305_tcpc_get_vbus_level
                         0x800'dbc1    0xa8  Code  Gb  fusb305.o [1]
fusb305_tcpc_get_vbus_level::previous_vbus
                        0x2000'01cd     0x1  Data  Lc  fusb305.o [1]
fusb305_tcpc_get_vbus_level::previous_vbus_voltage
                        0x2000'01ce     0x2  Data  Lc  fusb305.o [1]
fusb305_tcpc_init        0x800'd3d9   0x1c6  Code  Gb  fusb305.o [1]
fusb305_tcpc_set_bist_test_data
                         0x800'e145    0x34  Code  Gb  fusb305.o [1]
fusb305_tcpc_set_cc      0x800'd71d    0x52  Code  Gb  fusb305.o [1]
fusb305_tcpc_set_fault_status
                         0x800'dba1    0x1e  Code  Gb  fusb305.o [1]
fusb305_tcpc_set_msg_header
                         0x800'd801    0x1e  Code  Gb  fusb305.o [1]
fusb305_tcpc_set_polarity
                         0x800'd76f    0x20  Code  Gb  fusb305.o [1]
fusb305_tcpc_set_rx_state
                         0x800'd831   0x196  Code  Gb  fusb305.o [1]
fusb305_tcpc_set_sop_supported
                         0x800'da41    0x28  Code  Gb  fusb305.o [1]
fusb305_tcpc_set_vbus_level
                         0x800'dc81   0x1be  Code  Gb  fusb305.o [1]
fusb305_tcpc_set_vconn   0x800'd78f    0x72  Code  Gb  fusb305.o [1]
fusb305_tcpc_transmit    0x800'da7b    0x98  Code  Gb  fusb305.o [1]
hI2cHandle              0x2000'252c    0x4c  Data  Gb  usbpd_tcpci.o [1]
main                     0x800'e435    0x52  Code  Gb  main.o [1]
memchr                   0x800'd3a5          Code  Gb  memchr.o [5]
osDelay                  0x800'9aaf    0x10  Code  Gb  cmsis_os.o [1]
osKernelStart            0x800'9a6d     0xa  Code  Gb  cmsis_os.o [1]
osMessageCreate          0x800'9b7d     0xe  Code  Gb  cmsis_os.o [1]
osMessageGet             0x800'9bd1    0x76  Code  Gb  cmsis_os.o [1]
osMessagePut             0x800'9b8b    0x46  Code  Gb  cmsis_os.o [1]
osSemaphoreCreate        0x800'9abf    0x26  Code  Gb  cmsis_os.o [1]
osSemaphoreRelease       0x800'9b39    0x3e  Code  Gb  cmsis_os.o [1]
osSemaphoreWait          0x800'9ae5    0x54  Code  Gb  cmsis_os.o [1]
osSystickHandler         0x800'9c4f     0x8  Code  Gb  cmsis_os.o [1]
osThreadCreate           0x800'9a77    0x2e  Code  Gb  cmsis_os.o [1]
osThreadTerminate        0x800'9aa5     0xa  Code  Gb  cmsis_os.o [1]
os_messageQ_def_queuePE
                         0x800'a4d0     0x8  Data  Gb  usbpd_dpm_core.o [1]
os_messageQ_def_queueTRACE
                         0x800'a500     0x8  Data  Gb  usbpd_dpm_core.o [1]
os_semaphore_def_sem_i2c_cplt
                         0x800'ac64     0x4  Data  Gb  usbpd_tcpci.o [1]
os_semaphore_def_sem_i2c_res
                         0x800'ac60     0x4  Data  Gb  usbpd_tcpci.o [1]
os_thread_def_ALERTTask
                         0x800'a4d8    0x14  Data  Gb  usbpd_dpm_core.o [1]
os_thread_def_DPM        0x800'8bac    0x14  Data  Gb  usbpd_dpm_user.o [1]
os_thread_def_PE_0       0x800'a4a8    0x14  Data  Gb  usbpd_dpm_core.o [1]
os_thread_def_PE_1       0x800'a4bc    0x14  Data  Gb  usbpd_dpm_core.o [1]
os_thread_def_TRA_TX     0x800'a4ec    0x14  Data  Gb  usbpd_dpm_core.o [1]
pCB_GetCurrent          0x2000'2030     0x4  Data  Gb  gui_api.o [1]
pCB_GetVoltage          0x2000'202c     0x4  Data  Gb  gui_api.o [1]
pCB_HWBoardVersion      0x2000'2024     0x4  Data  Gb  gui_api.o [1]
pCB_HWPDType            0x2000'2028     0x4  Data  Gb  gui_api.o [1]
pFlash                  0x2000'25a8    0x20  Data  Gb  stm32f0xx_hal_flash.o [1]
port_list               0x2000'2528     0x2  Data  Lc  usbpd_tcpci.o [1]
prvAddCurrentTaskToDelayedList
                         0x800'b4ed    0x54  Code  Lc  tasks.o [1]
prvAddNewTaskToReadyList
                         0x800'b02b    0xac  Code  Lc  tasks.o [1]
prvCopyDataFromQueue     0x800'bacf    0x26  Code  Lc  queue.o [1]
prvCopyDataToQueue       0x800'ba75    0x5a  Code  Lc  queue.o [1]
prvDeleteTCB             0x800'b4b7    0x12  Code  Lc  tasks.o [1]
prvIdleTask              0x800'b479    0x3e  Code  Lc  tasks.o [1]
prvInitialiseNewQueue    0x800'b5ef    0x1a  Code  Lc  queue.o [1]
prvInitialiseNewTask     0x800'afb9    0x72  Code  Lc  tasks.o [1]
prvInsertBlockIntoFreeList
                         0x800'ca01    0x46  Code  Lc  heap_4.o [1]
prvIsQueueEmpty          0x800'bb5f    0x12  Code  Lc  queue.o [1]
prvResetNextTaskUnblockTime
                         0x800'b4c9    0x1c  Code  Lc  tasks.o [1]
prvTaskExitError         0x800'bb8d    0x14  Code  Lc  port.o [1]
prvUnlockQueue           0x800'baf5    0x6a  Code  Lc  queue.o [1]
pvPortMalloc             0x800'c8c9    0xfa  Code  Gb  heap_4.o [1]
pxCurrentTCB            0x2000'230c     0x4  Data  Gb  tasks.o [1]
pxDelayedTaskList       0x2000'2310     0x4  Data  Lc  tasks.o [1]
pxEnd                   0x2000'01d8     0x4  Data  Lc  heap_4.o [1]
pxOverflowDelayedTaskList
                        0x2000'2314     0x4  Data  Lc  tasks.o [1]
pxPortInitialiseStack    0x800'bb71    0x1a  Code  Gb  port.o [1]
pxReadyTasksLists       0x2000'2418    0x8c  Data  Lc  tasks.o [1]
sec_hand                0x2000'2620     0x4  Data  Lc  xfail_s.o [3]
sem_i2c_cplt_id         0x2000'257c     0x4  Data  Gb  usbpd_tcpci.o [1]
sem_i2c_res_id          0x2000'2578     0x4  Data  Gb  usbpd_tcpci.o [1]
sprintf                  0x800'c011    0x40  Code  Gb  sprintf.o [3]
state                   0x2000'24a4    0x84  Data  Lc  fusb305.o [1]
strchr                   0x800'd349          Code  Gb  strchr.o [5]
strlen                   0x800'a0b5          Code  Gb  strlen.o [5]
tcpc_set_alert_mask      0x800'e1c5    0x4e  Code  Lc  fusb305.o [1]
tcpc_set_pin_role        0x800'e219   0x12c  Code  Lc  fusb305.o [1]
tcpc_set_power           0x800'de49   0x242  Code  Lc  fusb305.o [1]
ucHeap                  0x2000'01e8  0x1a2c  Data  Lc  heap_4.o [1]
ulSetInterruptMaskFromISR
                         0x800'cb51          Code  Gb  portasm.o [1]
uwTick                  0x2000'25a4     0x4  Data  Gb  stm32f0xx_hal.o [1]
uxCriticalNesting       0x2000'0060     0x4  Data  Lc  port.o [1]
uxCurrentNumberOfTasks  0x2000'2330     0x4  Data  Lc  tasks.o [1]
uxDeletedTasksWaitingCleanUp
                        0x2000'2318     0x4  Data  Lc  tasks.o [1]
uxListRemove             0x800'cac1    0x26  Code  Gb  list.o [1]
uxPendedTicks           0x2000'2340     0x4  Data  Lc  tasks.o [1]
uxQueueMessagesWaitingFromISR
                         0x800'ba69     0xc  Code  Gb  queue.o [1]
uxSchedulerSuspended    0x2000'2354     0x4  Data  Lc  tasks.o [1]
uxTaskGetNumberOfTasks   0x800'b26d     0x6  Code  Gb  tasks.o [1]
uxTaskNumber            0x2000'234c     0x4  Data  Lc  tasks.o [1]
uxTopReadyPriority      0x2000'2338     0x4  Data  Lc  tasks.o [1]
vClearInterruptMaskFromISR
                         0x800'cb59          Code  Gb  portasm.o [1]
vListInitialise          0x800'ca51    0x1e  Code  Gb  list.o [1]
vListInitialiseItem      0x800'ca6f     0x6  Code  Gb  list.o [1]
vListInsert              0x800'ca8d    0x34  Code  Gb  list.o [1]
vListInsertEnd           0x800'ca75    0x18  Code  Gb  list.o [1]
vPortEnterCritical       0x800'bbed     0xc  Code  Gb  port.o [1]
vPortExitCritical        0x800'bc05    0x18  Code  Gb  port.o [1]
vPortFree                0x800'c9c5    0x3c  Code  Gb  heap_4.o [1]
vPortStartFirstTask      0x800'cb2f          Code  Gb  portasm.o [1]
vPortYield               0x800'bbe1     0xa  Code  Gb  port.o [1]
vSetMSP                  0x800'cae9          Code  Gb  portasm.o [1]
vTaskDelay               0x800'b14d    0x2c  Code  Gb  tasks.o [1]
vTaskDelete              0x800'b0d9    0x72  Code  Gb  tasks.o [1]
vTaskInternalSetTimeOutState
                         0x800'b3fd     0xc  Code  Gb  tasks.o [1]
vTaskMissedYield         0x800'b471     0x8  Code  Gb  tasks.o [1]
vTaskPlaceOnEventList    0x800'b375    0x18  Code  Gb  tasks.o [1]
vTaskStartScheduler      0x800'b181    0x3c  Code  Gb  tasks.o [1]
vTaskSuspendAll          0x800'b1c5     0xa  Code  Gb  tasks.o [1]
vTaskSwitchContext       0x800'b329    0x4a  Code  Gb  tasks.o [1]
vdmCallbacks             0x800'e6fc    0x44  Data  Gb  usbpd_vdm_user.o [1]
xBlockAllocatedBit      0x2000'01e4     0x4  Data  Lc  heap_4.o [1]
xDelayedTaskList1       0x2000'2358    0x14  Data  Lc  tasks.o [1]
xDelayedTaskList2       0x2000'236c    0x14  Data  Lc  tasks.o [1]
xFreeBytesRemaining     0x2000'01dc     0x4  Data  Lc  heap_4.o [1]
xIdleTaskHandle         0x2000'2380     0x4  Data  Lc  tasks.o [1]
xMinimumEverFreeBytesRemaining
                        0x2000'01e0     0x4  Data  Lc  heap_4.o [1]
xNextTaskUnblockTime    0x2000'2350     0x4  Data  Lc  tasks.o [1]
xNumOfOverflows         0x2000'2348     0x4  Data  Lc  tasks.o [1]
xPendingReadyList       0x2000'22e4    0x14  Data  Lc  tasks.o [1]
xPortStartScheduler      0x800'bba1    0x40  Code  Gb  port.o [1]
xPortSysTickHandler      0x800'bc1d    0x20  Code  Gb  port.o [1]
xQueueGenericCreate      0x800'b5b9    0x36  Code  Gb  queue.o [1]
xQueueGenericReset       0x800'b545    0x74  Code  Gb  queue.o [1]
xQueueGenericSend        0x800'b609   0x110  Code  Gb  queue.o [1]
xQueueGenericSendFromISR
                         0x800'b719    0x80  Code  Gb  queue.o [1]
xQueueGiveFromISR        0x800'b7a1    0x76  Code  Gb  queue.o [1]
xQueueReceive            0x800'b819    0xea  Code  Gb  queue.o [1]
xQueueReceiveFromISR     0x800'b9f5    0x6a  Code  Gb  queue.o [1]
xQueueSemaphoreTake      0x800'b905    0xe6  Code  Gb  queue.o [1]
xSchedulerRunning       0x2000'233c     0x4  Data  Lc  tasks.o [1]
xStart                  0x2000'01d0     0x8  Data  Lc  heap_4.o [1]
xSuspendedTaskList      0x2000'231c    0x14  Data  Lc  tasks.o [1]
xTaskCheckForTimeOut     0x800'b409    0x68  Code  Gb  tasks.o [1]
xTaskCreate              0x800'af5d    0x5a  Code  Gb  tasks.o [1]
xTaskIncrementTick       0x800'b275    0xb4  Code  Gb  tasks.o [1]
xTaskRemoveFromEventList
                         0x800'b3a1    0x58  Code  Gb  tasks.o [1]
xTaskResumeAll           0x800'b1d1    0x9c  Code  Gb  tasks.o [1]
xTasksWaitingTermination
                        0x2000'22f8    0x14  Data  Lc  tasks.o [1]
xTickCount              0x2000'2334     0x4  Data  Lc  tasks.o [1]
xYieldPending           0x2000'2344     0x4  Data  Lc  tasks.o [1]


[1] = C:\git\_Delivery\F0\GIT\Firmware\Projects\STM32F072RB-Nucleo\Applications\USB_PD\EVAL_FUSB307_DRP\EWARM\STM32F072RB-Nucleo\Obj
[2] = USBPDTCPM_PD3_CONFIG_1_CM0_wc32.a
[3] = dl6M_tlf.a
[4] = m6M_tl.a
[5] = rt6M_tl.a
[6] = shb_l.a

  59 362 bytes of readonly  code memory
     551 bytes of readonly  data memory
  12 580 bytes of readwrite data memory

Errors: none
Warnings: none
