Archive member included to satisfy reference by file (symbol)

../../../../../../../Middlewares/ST/STM32_USBPD_Library/Core/lib\USBPDTCPM_PD3_CONFIG_1_CM0_wc32.a(usbpd_pe.o)
                              Middlewares/ST/STM32_USBPD_Library/Core/usbpd_dpm_core.o (USBPD_PE_CheckLIB)
../../../../../../../Middlewares/ST/STM32_USBPD_Library/Core/lib\USBPDTCPM_PD3_CONFIG_1_CM0_wc32.a(usbpd_prl.o)
                              ../../../../../../../Middlewares/ST/STM32_USBPD_Library/Core/lib\USBPDTCPM_PD3_CONFIG_1_CM0_wc32.a(usbpd_pe.o) (USBDPD_PRL_BistCarrierEyeMode)
../../../../../../../Middlewares/ST/STM32_USBPD_Library/Core/lib\USBPDTCPM_PD3_CONFIG_1_CM0_wc32.a(usbpd_tcpm.o)
                              ../../../../../../../Middlewares/ST/STM32_USBPD_Library/Core/lib\USBPDTCPM_PD3_CONFIG_1_CM0_wc32.a(usbpd_prl.o) (USBPD_PHY_DisableRX)
c:/st/stm32cubeide_1.1.0/stm32cubeide/plugins/com.st.stm32cube.ide.mcu.externaltools.gnu-tools-for-stm32.7-2018-q2-update.win32_1.0.0.201904181610/tools/bin/../lib/gcc/arm-none-eabi/7.3.1/../../../../arm-none-eabi/lib/thumb/v6-m\libc_nano.a(lib_a-aeabi_memclr.o)
                              ../../../../../../../Middlewares/ST/STM32_USBPD_Library/Core/lib\USBPDTCPM_PD3_CONFIG_1_CM0_wc32.a(usbpd_pe.o) (__aeabi_memclr4)
c:/st/stm32cubeide_1.1.0/stm32cubeide/plugins/com.st.stm32cube.ide.mcu.externaltools.gnu-tools-for-stm32.7-2018-q2-update.win32_1.0.0.201904181610/tools/bin/../lib/gcc/arm-none-eabi/7.3.1/../../../../arm-none-eabi/lib/thumb/v6-m\libc_nano.a(lib_a-aeabi_memcpy.o)
                              ../../../../../../../Middlewares/ST/STM32_USBPD_Library/Core/lib\USBPDTCPM_PD3_CONFIG_1_CM0_wc32.a(usbpd_pe.o) (__aeabi_memcpy)
c:/st/stm32cubeide_1.1.0/stm32cubeide/plugins/com.st.stm32cube.ide.mcu.externaltools.gnu-tools-for-stm32.7-2018-q2-update.win32_1.0.0.201904181610/tools/bin/../lib/gcc/arm-none-eabi/7.3.1/../../../../arm-none-eabi/lib/thumb/v6-m\libc_nano.a(lib_a-aeabi_memset.o)
                              ../../../../../../../Middlewares/ST/STM32_USBPD_Library/Core/lib\USBPDTCPM_PD3_CONFIG_1_CM0_wc32.a(usbpd_prl.o) (__aeabi_memset)
c:/st/stm32cubeide_1.1.0/stm32cubeide/plugins/com.st.stm32cube.ide.mcu.externaltools.gnu-tools-for-stm32.7-2018-q2-update.win32_1.0.0.201904181610/tools/bin/../lib/gcc/arm-none-eabi/7.3.1/../../../../arm-none-eabi/lib/thumb/v6-m\libc_nano.a(lib_a-exit.o)
                              c:/st/stm32cubeide_1.1.0/stm32cubeide/plugins/com.st.stm32cube.ide.mcu.externaltools.gnu-tools-for-stm32.7-2018-q2-update.win32_1.0.0.201904181610/tools/bin/../lib/gcc/arm-none-eabi/7.3.1/../../../../arm-none-eabi/lib/thumb/v6-m/crt0.o (exit)
c:/st/stm32cubeide_1.1.0/stm32cubeide/plugins/com.st.stm32cube.ide.mcu.externaltools.gnu-tools-for-stm32.7-2018-q2-update.win32_1.0.0.201904181610/tools/bin/../lib/gcc/arm-none-eabi/7.3.1/../../../../arm-none-eabi/lib/thumb/v6-m\libc_nano.a(lib_a-impure.o)
                              c:/st/stm32cubeide_1.1.0/stm32cubeide/plugins/com.st.stm32cube.ide.mcu.externaltools.gnu-tools-for-stm32.7-2018-q2-update.win32_1.0.0.201904181610/tools/bin/../lib/gcc/arm-none-eabi/7.3.1/../../../../arm-none-eabi/lib/thumb/v6-m\libc_nano.a(lib_a-exit.o) (_global_impure_ptr)
c:/st/stm32cubeide_1.1.0/stm32cubeide/plugins/com.st.stm32cube.ide.mcu.externaltools.gnu-tools-for-stm32.7-2018-q2-update.win32_1.0.0.201904181610/tools/bin/../lib/gcc/arm-none-eabi/7.3.1/../../../../arm-none-eabi/lib/thumb/v6-m\libc_nano.a(lib_a-init.o)
                              c:/st/stm32cubeide_1.1.0/stm32cubeide/plugins/com.st.stm32cube.ide.mcu.externaltools.gnu-tools-for-stm32.7-2018-q2-update.win32_1.0.0.201904181610/tools/bin/../lib/gcc/arm-none-eabi/7.3.1/../../../../arm-none-eabi/lib/thumb/v6-m/crt0.o (__libc_init_array)
c:/st/stm32cubeide_1.1.0/stm32cubeide/plugins/com.st.stm32cube.ide.mcu.externaltools.gnu-tools-for-stm32.7-2018-q2-update.win32_1.0.0.201904181610/tools/bin/../lib/gcc/arm-none-eabi/7.3.1/../../../../arm-none-eabi/lib/thumb/v6-m\libc_nano.a(lib_a-malloc.o)
                              ../../../../../../../Middlewares/ST/STM32_USBPD_Library/Core/lib\USBPDTCPM_PD3_CONFIG_1_CM0_wc32.a(usbpd_pe.o) (malloc)
c:/st/stm32cubeide_1.1.0/stm32cubeide/plugins/com.st.stm32cube.ide.mcu.externaltools.gnu-tools-for-stm32.7-2018-q2-update.win32_1.0.0.201904181610/tools/bin/../lib/gcc/arm-none-eabi/7.3.1/../../../../arm-none-eabi/lib/thumb/v6-m\libc_nano.a(lib_a-memcpy-stub.o)
                              Application/User/usbpd_dpm_user.o (memcpy)
c:/st/stm32cubeide_1.1.0/stm32cubeide/plugins/com.st.stm32cube.ide.mcu.externaltools.gnu-tools-for-stm32.7-2018-q2-update.win32_1.0.0.201904181610/tools/bin/../lib/gcc/arm-none-eabi/7.3.1/../../../../arm-none-eabi/lib/thumb/v6-m\libc_nano.a(lib_a-memset.o)
[...]
Memory Configuration

Name             Origin             Length             Attributes
*default*        0x0000000000000000 0xffffffffffffffff

Linker script and memory map

LOAD c:/st/stm32cubeide_1.1.0/stm32cubeide/plugins/com.st.stm32cube.ide.mcu.externaltools.gnu-tools-for-stm32.7-2018-q2-update.win32_1.0.0.201904181610/tools/bin/../lib/gcc/arm-none-eabi/7.3.1/thumb/v6-m/crti.o
LOAD c:/st/stm32cubeide_1.1.0/stm32cubeide/plugins/com.st.stm32cube.ide.mcu.externaltools.gnu-tools-for-stm32.7-2018-q2-update.win32_1.0.0.201904181610/tools/bin/../lib/gcc/arm-none-eabi/7.3.1/thumb/v6-m/crtbegin.o
LOAD c:/st/stm32cubeide_1.1.0/stm32cubeide/plugins/com.st.stm32cube.ide.mcu.externaltools.gnu-tools-for-stm32.7-2018-q2-update.win32_1.0.0.201904181610/tools/bin/../lib/gcc/arm-none-eabi/7.3.1/../../../../arm-none-eabi/lib/thumb/v6-m/crt0.o
LOAD Application/Startup/startup_stm32f072rbtx.o
LOAD Application/User/main.o
LOAD Application/User/stm32f0xx_hal_msp.o
LOAD Application/User/stm32f0xx_it.o
LOAD Application/User/usbpd_dpm_user.o
LOAD Application/User/usbpd_pwr_if.o
LOAD Application/User/usbpd_vdm_user.o
LOAD Drivers/BSP/Components/fusb305.o
LOAD Drivers/BSP/STM32F0xx-Nucleo/stm32f0xx_nucleo.o
LOAD Drivers/BSP/STM32F0xx-Nucleo/usbpd_tcpci.o
LOAD Drivers/CMSIS/system_stm32f0xx.o
LOAD Drivers/STM32F0xx_HAL_Driver/stm32f0xx_hal.o
LOAD Drivers/STM32F0xx_HAL_Driver/stm32f0xx_hal_cortex.o
LOAD Drivers/STM32F0xx_HAL_Driver/stm32f0xx_hal_dma.o
LOAD Drivers/STM32F0xx_HAL_Driver/stm32f0xx_hal_flash.o
LOAD Drivers/STM32F0xx_HAL_Driver/stm32f0xx_hal_flash_ex.o
LOAD Drivers/STM32F0xx_HAL_Driver/stm32f0xx_hal_gpio.o
LOAD Drivers/STM32F0xx_HAL_Driver/stm32f0xx_hal_i2c.o
LOAD Drivers/STM32F0xx_HAL_Driver/stm32f0xx_hal_i2c_ex.o
LOAD Drivers/STM32F0xx_HAL_Driver/stm32f0xx_hal_rcc.o
LOAD Drivers/STM32F0xx_HAL_Driver/stm32f0xx_hal_rcc_ex.o
LOAD Drivers/STM32F0xx_HAL_Driver/stm32f0xx_ll_exti.o
LOAD Drivers/STM32F0xx_HAL_Driver/stm32f0xx_ll_rcc.o
LOAD Drivers/STM32F0xx_HAL_Driver/stm32f0xx_ll_usart.o
LOAD Drivers/STM32F0xx_HAL_Driver/stm32f0xx_ll_utils.o
LOAD Middlewares/ST/STM32_USBPD_Library/Core/usbpd_dpm_core.o
LOAD Middlewares/ST/STM32_USBPD_Library/Core/usbpd_trace.o
LOAD Middlewares/Third_Party/FreeRTOS/CMSIS_RTOS/cmsis_os.o
LOAD Middlewares/Third_Party/FreeRTOS/list.o
LOAD Middlewares/Third_Party/FreeRTOS/queue.o
LOAD Middlewares/Third_Party/FreeRTOS/tasks.o
LOAD Middlewares/Third_Party/FreeRTOS/portable/heap_4.o
LOAD Middlewares/Third_Party/FreeRTOS/portable/port.o
LOAD Utilities/GUI_INTERFACE/bsp_gui.o
LOAD Utilities/GUI_INTERFACE/data_struct_tlv.o
LOAD Utilities/GUI_INTERFACE/gui_api.o
LOAD Utilities/TRACER_EMB/tracer_emb.o
LOAD Utilities/TRACER_EMB/tracer_emb_hw.o
LOAD ../../../../../../../Middlewares/ST/STM32_USBPD_Library/Core/lib\USBPDTCPM_PD3_CONFIG_1_CM0_wc32.a
START GROUP
LOAD c:/st/stm32cubeide_1.1.0/stm32cubeide/plugins/com.st.stm32cube.ide.mcu.externaltools.gnu-tools-for-stm32.7-2018-q2-update.win32_1.0.0.201904181610/tools/bin/../lib/gcc/arm-none-eabi/7.3.1/../../../../arm-none-eabi/lib/thumb/v6-m\libc_nano.a
LOAD c:/st/stm32cubeide_1.1.0/stm32cubeide/plugins/com.st.stm32cube.ide.mcu.externaltools.gnu-tools-for-stm32.7-2018-q2-update.win32_1.0.0.201904181610/tools/bin/../lib/gcc/arm-none-eabi/7.3.1/../../../../arm-none-eabi/lib/thumb/v6-m\libm.a
END GROUP
START GROUP
LOAD c:/st/stm32cubeide_1.1.0/stm32cubeide/plugins/com.st.stm32cube.ide.mcu.externaltools.gnu-tools-for-stm32.7-2018-q2-update.win32_1.0.0.201904181610/tools/bin/../lib/gcc/arm-none-eabi/7.3.1/thumb/v6-m\libgcc.a
LOAD c:/st/stm32cubeide_1.1.0/stm32cubeide/plugins/com.st.stm32cube.ide.mcu.externaltools.gnu-tools-for-stm32.7-2018-q2-update.win32_1.0.0.201904181610/tools/bin/../lib/gcc/arm-none-eabi/7.3.1/../../../../arm-none-eabi/lib/thumb/v6-m\libc_nano.a
END GROUP
START GROUP
LOAD c:/st/stm32cubeide_1.1.0/stm32cubeide/plugins/com.st.stm32cube.ide.mcu.externaltools.gnu-tools-for-stm32.7-2018-q2-update.win32_1.0.0.201904181610/tools/bin/../lib/gcc/arm-none-eabi/7.3.1/thumb/v6-m\libgcc.a
LOAD c:/st/stm32cubeide_1.1.0/stm32cubeide/plugins/com.st.stm32cube.ide.mcu.externaltools.gnu-tools-for-stm32.7-2018-q2-update.win32_1.0.0.201904181610/tools/bin/../lib/gcc/arm-none-eabi/7.3.1/../../../../arm-none-eabi/lib/thumb/v6-m\libc_nano.a
LOAD c:/st/stm32cubeide_1.1.0/stm32cubeide/plugins/com.st.stm32cube.ide.mcu.externaltools.gnu-tools-for-stm32.7-2018-q2-update.win32_1.0.0.201904181610/tools/bin/../lib/gcc/arm-none-eabi/7.3.1/../../../../arm-none-eabi/lib/thumb/v6-m\libnosys.a
END GROUP
START GROUP
LOAD c:/st/stm32cubeide_1.1.0/stm32cubeide/plugins/com.st.stm32cube.ide.mcu.externaltools.gnu-tools-for-stm32.7-2018-q2-update.win32_1.0.0.201904181610/tools/bin/../lib/gcc/arm-none-eabi/7.3.1/thumb/v6-m\libgcc.a
LOAD c:/st/stm32cubeide_1.1.0/stm32cubeide/plugins/com.st.stm32cube.ide.mcu.externaltools.gnu-tools-for-stm32.7-2018-q2-update.win32_1.0.0.201904181610/tools/bin/../lib/gcc/arm-none-eabi/7.3.1/../../../../arm-none-eabi/lib/thumb/v6-m\libc_nano.a
LOAD c:/st/stm32cubeide_1.1.0/stm32cubeide/plugins/com.st.stm32cube.ide.mcu.externaltools.gnu-tools-for-stm32.7-2018-q2-update.win32_1.0.0.201904181610/tools/bin/../lib/gcc/arm-none-eabi/7.3.1/../../../../arm-none-eabi/lib/thumb/v6-m\libnosys.a
END GROUP
LOAD c:/st/stm32cubeide_1.1.0/stm32cubeide/plugins/com.st.stm32cube.ide.mcu.externaltools.gnu-tools-for-stm32.7-2018-q2-update.win32_1.0.0.201904181610/tools/bin/../lib/gcc/arm-none-eabi/7.3.1/thumb/v6-m/crtend.o
LOAD c:/st/stm32cubeide_1.1.0/stm32cubeide/plugins/com.st.stm32cube.ide.mcu.externaltools.gnu-tools-for-stm32.7-2018-q2-update.win32_1.0.0.201904181610/tools/bin/../lib/gcc/arm-none-eabi/7.3.1/thumb/v6-m/crtn.o
                [!provide]                        PROVIDE (__executable_start = SEGMENT_START ("text-segment", 0x8000))
                0x0000000000008000                . = SEGMENT_START ("text-segment", 0x8000)

.interp
 *(.interp)

.note.gnu.build-id
 *(.note.gnu.build-id)

.hash
 *(.hash)

.gnu.hash
 *(.gnu.hash)

.dynsym
 *(.dynsym)

.dynstr
 *(.dynstr)

.gnu.version
 *(.gnu.version)

.gnu.version_d
 *(.gnu.version_d)

.gnu.version_r
 *(.gnu.version_r)

.rel.dyn        0x0000000000008000        0x0
 *(.rel.init)
 *(.rel.text .rel.text.* .rel.gnu.linkonce.t.*)
 *(.rel.fini)
 *(.rel.rodata .rel.rodata.* .rel.gnu.linkonce.r.*)
 *(.rel.data.rel.ro .rel.data.rel.ro.* .rel.gnu.linkonce.d.rel.ro.*)
 *(.rel.data .rel.data.* .rel.gnu.linkonce.d.*)
 *(.rel.tdata .rel.tdata.* .rel.gnu.linkonce.td.*)
 *(.rel.tbss .rel.tbss.* .rel.gnu.linkonce.tb.*)
 *(.rel.ctors)
 *(.rel.dtors)
 *(.rel.got)
 *(.rel.bss .rel.bss.* .rel.gnu.linkonce.b.*)
                [!provide]                        PROVIDE (__rel_iplt_start = .)
 *(.rel.iplt)
 .rel.iplt      0x0000000000008000        0x0 c:/st/stm32cubeide_1.1.0/stm32cubeide/plugins/com.st.stm32cube.ide.mcu.externaltools.gnu-tools-for-stm32.7-2018-q2-update.win32_1.0.0.201904181610/tools/bin/../lib/gcc/arm-none-eabi/7.3.1/thumb/v6-m/crtbegin.o
                [!provide]                        PROVIDE (__rel_iplt_end = .)

.rela.dyn       0x0000000000008000        0x0
 *(.rela.init)
 *(.rela.text .rela.text.* .rela.gnu.linkonce.t.*)
 *(.rela.fini)
 *(.rela.rodata .rela.rodata.* .rela.gnu.linkonce.r.*)
 *(.rela.data .rela.data.* .rela.gnu.linkonce.d.*)
 *(.rela.tdata .rela.tdata.* .rela.gnu.linkonce.td.*)
 *(.rela.tbss .rela.tbss.* .rela.gnu.linkonce.tb.*)
 *(.rela.ctors)
 *(.rela.dtors)
 *(.rela.got)
 *(.rela.bss .rela.bss.* .rela.gnu.linkonce.b.*)
                [!provide]                        PROVIDE (__rela_iplt_start = .)
 *(.rela.iplt)
                [!provide]                        PROVIDE (__rela_iplt_end = .)

.rel.plt
 *(.rel.plt)

.rela.plt
 *(.rela.plt)

.init           0x0000000000008000        0xc
 *(SORT_NONE(.init))
 .init          0x0000000000008000        0x4 c:/st/stm32cubeide_1.1.0/stm32cubeide/plugins/com.st.stm32cube.ide.mcu.externaltools.gnu-tools-for-stm32.7-2018-q2-update.win32_1.0.0.201904181610/tools/bin/../lib/gcc/arm-none-eabi/7.3.1/thumb/v6-m/crti.o
                0x0000000000008000                _init
 .init          0x0000000000008004        0x8 c:/st/stm32cubeide_1.1.0/stm32cubeide/plugins/com.st.stm32cube.ide.mcu.externaltools.gnu-tools-for-stm32.7-2018-q2-update.win32_1.0.0.201904181610/tools/bin/../lib/gcc/arm-none-eabi/7.3.1/thumb/v6-m/crtn.o

.plt
 *(.plt)

.iplt           0x000000000000800c        0x0
 *(.iplt)
 .iplt          0x000000000000800c        0x0 c:/st/stm32cubeide_1.1.0/stm32cubeide/plugins/com.st.stm32cube.ide.mcu.externaltools.gnu-tools-for-stm32.7-2018-q2-update.win32_1.0.0.201904181610/tools/bin/../lib/gcc/arm-none-eabi/7.3.1/thumb/v6-m/crtbegin.o

.text           0x0000000000008010    0x171c2
 *(.text.unlikely .text.*_unlikely .text.unlikely.*)
 *(.text.exit .text.exit.*)
 .text.exit     0x0000000000008010       0x2c c:/st/stm32cubeide_1.1.0/stm32cubeide/plugins/com.st.stm32cube.ide.mcu.externaltools.gnu-tools-for-stm32.7-2018-q2-update.win32_1.0.0.201904181610/tools/bin/../lib/gcc/arm-none-eabi/7.3.1/../../../../arm-none-eabi/lib/thumb/v6-m\libc_nano.a(lib_a-exit.o)
                0x0000000000008010                exit
 *(.text.startup .text.startup.*)
 *(.text.hot .text.hot.*)
 *(.text .stub .text.* .gnu.linkonce.t.*)
 .text          0x000000000000803c       0x48 c:/st/stm32cubeide_1.1.0/stm32cubeide/plugins/com.st.stm32cube.ide.mcu.externaltools.gnu-tools-for-stm32.7-2018-q2-update.win32_1.0.0.201904181610/tools/bin/../lib/gcc/arm-none-eabi/7.3.1/thumb/v6-m/crtbegin.o
 .text          0x0000000000008084       0x78 c:/st/stm32cubeide_1.1.0/stm32cubeide/plugins/com.st.stm32cube.ide.mcu.externaltools.gnu-tools-for-stm32.7-2018-q2-update.win32_1.0.0.201904181610/tools/bin/../lib/gcc/arm-none-eabi/7.3.1/../../../../arm-none-eabi/lib/thumb/v6-m/crt0.o
                0x0000000000008084                _start
                0x0000000000008084                _mainCRTStartup
 .text.LL_FLASH_SetLatency
                0x00000000000080fc       0x28 Application/User/main.o
 .text.LL_RCC_HSI48_Enable
                0x0000000000008124       0x1c Application/User/main.o
 .text.LL_RCC_HSI48_IsReady
                0x0000000000008140       0x28 Application/User/main.o
 .text.LL_RCC_SetSysClkSource
                0x0000000000008168       0x28 Application/User/main.o
 .text.LL_RCC_GetSysClkSource
                0x0000000000008190       0x18 Application/User/main.o
 .text.LL_RCC_SetAHBPrescaler
                0x00000000000081a8       0x28 Application/User/main.o
 .text.LL_RCC_SetAPB1Prescaler
                0x00000000000081d0       0x2c Application/User/main.o
 .text.LL_RCC_PLL_Enable
                0x00000000000081fc       0x1c Application/User/main.o
 .text.LL_RCC_PLL_IsReady
                0x0000000000008218       0x28 Application/User/main.o
 .text.LL_RCC_PLL_ConfigDomain_SYS
                0x0000000000008240       0x44 Application/User/main.o
 .text.LL_SYSTICK_EnableIT
                0x0000000000008284       0x1c Application/User/main.o
 .text.main     0x00000000000082a0       0x64 Application/User/main.o
                0x00000000000082a0                main
 .text.SystemClock_Config
                0x0000000000008304       0x70 Application/User/main.o
                0x0000000000008304                SystemClock_Config
 .text.HAL_MspInit
                0x0000000000008374       0xd0 Application/User/stm32f0xx_hal_msp.o
                0x0000000000008374                HAL_MspInit
 .text.USBPD_DPM_UserInit
                0x0000000000008444       0x64 Application/User/usbpd_dpm_user.o
                0x0000000000008444                USBPD_DPM_UserInit
 .text.USBPD_DPM_SetNotification_GUI
                0x00000000000084a8       0x34 Application/User/usbpd_dpm_user.o
                0x00000000000084a8                USBPD_DPM_SetNotification_GUI
 .text.USBPD_DPM_WaitForTime
                0x00000000000084dc       0x18 Application/User/usbpd_dpm_user.o
                0x00000000000084dc                USBPD_DPM_WaitForTime
 .text.USBPD_DPM_UserExecute
                0x00000000000084f4       0x42 Application/User/usbpd_dpm_user.o
                0x00000000000084f4                USBPD_DPM_UserExecute
 *fill*         0x0000000000008536        0x2 
 .text.USBPD_DPM_UserCableDetection
                0x0000000000008538      0x16c Application/User/usbpd_dpm_user.o
                0x0000000000008538                USBPD_DPM_UserCableDetection
 .text.USBPD_DPM_HardReset
                0x00000000000086a4       0xf4 Application/User/usbpd_dpm_user.o
                0x00000000000086a4                USBPD_DPM_HardReset
 .text.USBPD_DPM_SetupNewPower
                0x0000000000008798       0x8c Application/User/usbpd_dpm_user.o
                0x0000000000008798                USBPD_DPM_SetupNewPower
 .text.USBPD_DPM_EvaluatePowerRoleSwap
                0x0000000000008824       0x16 Application/User/usbpd_dpm_user.o
                0x0000000000008824                USBPD_DPM_EvaluatePowerRoleSwap
 *fill*         0x000000000000883a        0x2 
 .text.USBPD_DPM_Notification
                0x000000000000883c      0x394 Application/User/usbpd_dpm_user.o
                0x000000000000883c                USBPD_DPM_Notification
 .text.USBPD_DPM_GetDataInfo
                0x0000000000008bd0      0x1ec Application/User/usbpd_dpm_user.o
                0x0000000000008bd0                USBPD_DPM_GetDataInfo
 .text.USBPD_DPM_SetDataInfo
                0x0000000000008dbc      0x258 Application/User/usbpd_dpm_user.o
                0x0000000000008dbc                USBPD_DPM_SetDataInfo
 .text.USBPD_DPM_EvaluateRequest
                0x0000000000009014      0x110 Application/User/usbpd_dpm_user.o
                0x0000000000009014                USBPD_DPM_EvaluateRequest
 .text.USBPD_DPM_SNK_EvaluateCapabilities
                0x0000000000009124      0x178 Application/User/usbpd_dpm_user.o
                0x0000000000009124                USBPD_DPM_SNK_EvaluateCapabilities
 .text.USBPD_DPM_PowerRoleSwap
                0x000000000000929c       0xe4 Application/User/usbpd_dpm_user.o
                0x000000000000929c                USBPD_DPM_PowerRoleSwap
 .text.USBPD_DPM_EvaluateVconnSwap
                0x0000000000009380       0x44 Application/User/usbpd_dpm_user.o
                0x0000000000009380                USBPD_DPM_EvaluateVconnSwap
 .text.USBPD_DPM_PE_VconnPwr
                0x00000000000093c4       0xd4 Application/User/usbpd_dpm_user.o
                0x00000000000093c4                USBPD_DPM_PE_VconnPwr
 .text.USBPD_DPM_ExtendedMessageReceived
                0x0000000000009498       0x34 Application/User/usbpd_dpm_user.o
                0x0000000000009498                USBPD_DPM_ExtendedMessageReceived
 .text.USBPD_DPM_EvaluateDataRoleSwap
                0x00000000000094cc       0x9c Application/User/usbpd_dpm_user.o
                0x00000000000094cc                USBPD_DPM_EvaluateDataRoleSwap
 .text.USBPD_DPM_IsPowerReady
                0x0000000000009568       0x32 Application/User/usbpd_dpm_user.o
                0x0000000000009568                USBPD_DPM_IsPowerReady
 .text.USBPD_DPM_RequestHardReset
                0x000000000000959a       0x20 Application/User/usbpd_dpm_user.o
                0x000000000000959a                USBPD_DPM_RequestHardReset
 .text.USBPD_DPM_RequestCableReset
                0x00000000000095ba       0x20 Application/User/usbpd_dpm_user.o
                0x00000000000095ba                USBPD_DPM_RequestCableReset
 .text.USBPD_DPM_RequestGotoMin
                0x00000000000095da       0x24 Application/User/usbpd_dpm_user.o
                0x00000000000095da                USBPD_DPM_RequestGotoMin
 .text.USBPD_DPM_RequestPing
                0x00000000000095fe       0x24 Application/User/usbpd_dpm_user.o
                0x00000000000095fe                USBPD_DPM_RequestPing
 *fill*         0x0000000000009622        0x2 
 .text.USBPD_DPM_RequestMessageRequest
                0x0000000000009624      0x124 Application/User/usbpd_dpm_user.o
                0x0000000000009624                USBPD_DPM_RequestMessageRequest
 .text.USBPD_DPM_RequestGetSourceCapability
                0x0000000000009748       0x24 Application/User/usbpd_dpm_user.o
                0x0000000000009748                USBPD_DPM_RequestGetSourceCapability
 .text.USBPD_DPM_RequestGetSinkCapability
                0x000000000000976c       0x24 Application/User/usbpd_dpm_user.o
                0x000000000000976c                USBPD_DPM_RequestGetSinkCapability
 .text.USBPD_DPM_RequestDataRoleSwap
                0x0000000000009790       0x24 Application/User/usbpd_dpm_user.o
                0x0000000000009790                USBPD_DPM_RequestDataRoleSwap
 .text.USBPD_DPM_RequestPowerRoleSwap
                0x00000000000097b4       0x24 Application/User/usbpd_dpm_user.o
                0x00000000000097b4                USBPD_DPM_RequestPowerRoleSwap
 .text.USBPD_DPM_RequestVconnSwap
                0x00000000000097d8       0x24 Application/User/usbpd_dpm_user.o
                0x00000000000097d8                USBPD_DPM_RequestVconnSwap
 .text.USBPD_DPM_RequestSoftReset
                0x00000000000097fc       0x2c Application/User/usbpd_dpm_user.o
                0x00000000000097fc                USBPD_DPM_RequestSoftReset
 .text.USBPD_DPM_RequestSourceCapability
                0x0000000000009828       0x24 Application/User/usbpd_dpm_user.o
                0x0000000000009828                USBPD_DPM_RequestSourceCapability
 .text.USBPD_DPM_RequestVDM_DiscoveryIdentify
                0x000000000000984c       0x68 Application/User/usbpd_dpm_user.o
                0x000000000000984c                USBPD_DPM_RequestVDM_DiscoveryIdentify
 .text.USBPD_DPM_RequestVDM_DiscoverySVID
                0x00000000000098b4       0x2c Application/User/usbpd_dpm_user.o
                0x00000000000098b4                USBPD_DPM_RequestVDM_DiscoverySVID
 .text.USBPD_DPM_RequestVDM_DiscoveryMode
                0x00000000000098e0       0x3a Application/User/usbpd_dpm_user.o
                0x00000000000098e0                USBPD_DPM_RequestVDM_DiscoveryMode
 .text.USBPD_DPM_RequestVDM_EnterMode
                0x000000000000991a       0x46 Application/User/usbpd_dpm_user.o
                0x000000000000991a                USBPD_DPM_RequestVDM_EnterMode
 .text.USBPD_DPM_RequestVDM_ExitMode
                0x0000000000009960       0x46 Application/User/usbpd_dpm_user.o
                0x0000000000009960                USBPD_DPM_RequestVDM_ExitMode
 .text.USBPD_DPM_RequestAlert
                0x00000000000099a6       0x26 Application/User/usbpd_dpm_user.o
                0x00000000000099a6                USBPD_DPM_RequestAlert
 .text.USBPD_DPM_RequestGetSourceCapabilityExt
                0x00000000000099cc       0x16 Application/User/usbpd_dpm_user.o
                0x00000000000099cc                USBPD_DPM_RequestGetSourceCapabilityExt
 .text.USBPD_DPM_RequestGetSinkCapabilityExt
                0x00000000000099e2       0x24 Application/User/usbpd_dpm_user.o
                0x00000000000099e2                USBPD_DPM_RequestGetSinkCapabilityExt
 .text.USBPD_DPM_RequestGetManufacturerInfo
                0x0000000000009a06       0x34 Application/User/usbpd_dpm_user.o
                0x0000000000009a06                USBPD_DPM_RequestGetManufacturerInfo
 .text.USBPD_DPM_RequestGetPPS_Status
                0x0000000000009a3a       0x16 Application/User/usbpd_dpm_user.o
                0x0000000000009a3a                USBPD_DPM_RequestGetPPS_Status
 .text.USBPD_DPM_RequestGetStatus
                0x0000000000009a50       0x24 Application/User/usbpd_dpm_user.o
                0x0000000000009a50                USBPD_DPM_RequestGetStatus
 .text.USBPD_DPM_RequestFastRoleSwap
                0x0000000000009a74       0x24 Application/User/usbpd_dpm_user.o
                0x0000000000009a74                USBPD_DPM_RequestFastRoleSwap
 .text.USBPD_DPM_RequestGetCountryCodes
                0x0000000000009a98       0x24 Application/User/usbpd_dpm_user.o
                0x0000000000009a98                USBPD_DPM_RequestGetCountryCodes
 .text.USBPD_DPM_RequestGetCountryInfo
                0x0000000000009abc       0x2a Application/User/usbpd_dpm_user.o
                0x0000000000009abc                USBPD_DPM_RequestGetCountryInfo
 .text.USBPD_DPM_RequestGetBatteryCapability
                0x0000000000009ae6       0x18 Application/User/usbpd_dpm_user.o
                0x0000000000009ae6                USBPD_DPM_RequestGetBatteryCapability
 .text.USBPD_DPM_RequestGetBatteryStatus
                0x0000000000009afe       0x18 Application/User/usbpd_dpm_user.o
                0x0000000000009afe                USBPD_DPM_RequestGetBatteryStatus
 .text.USBPD_DPM_RequestSecurityRequest
                0x0000000000009b16       0x16 Application/User/usbpd_dpm_user.o
                0x0000000000009b16                USBPD_DPM_RequestSecurityRequest
 .text.USBPD_DPM_SNK_EvaluateMatchWithSRCPDO
                0x0000000000009b2c      0x5c0 Application/User/usbpd_dpm_user.o
                0x0000000000009b2c                USBPD_DPM_SNK_EvaluateMatchWithSRCPDO
 .text.DPM_FindVoltageIndex
                0x000000000000a0ec      0x10c Application/User/usbpd_dpm_user.o
 .text.DPM_SNK_BuildRDOfromSelectedPDO
                0x000000000000a1f8      0x398 Application/User/usbpd_dpm_user.o
 .text.DPM_TurnOffPower
                0x000000000000a590       0x32 Application/User/usbpd_dpm_user.o
 .text.DPM_TurnOnPower
                0x000000000000a5c2       0x32 Application/User/usbpd_dpm_user.o
 .text.DPM_AssertRp
                0x000000000000a5f4       0x22 Application/User/usbpd_dpm_user.o
 .text.DPM_AssertRd
                0x000000000000a616       0x22 Application/User/usbpd_dpm_user.o
 .text.CheckDPMTimers
                0x000000000000a638       0x68 Application/User/usbpd_dpm_user.o
 .text.DPM_ManageAlert
                0x000000000000a6a0      0x16c Application/User/usbpd_dpm_user.o
 .text.USBPD_PWR_IF_Init
                0x000000000000a80c       0x60 Application/User/usbpd_pwr_if.o
                0x000000000000a80c                USBPD_PWR_IF_Init
 .text.USBPD_PWR_IF_SetProfile
                0x000000000000a86c      0x118 Application/User/usbpd_pwr_if.o
                0x000000000000a86c                USBPD_PWR_IF_SetProfile
 .text.USBPD_PWR_IF_SupplyReady
                0x000000000000a984       0x62 Application/User/usbpd_pwr_if.o
                0x000000000000a984                USBPD_PWR_IF_SupplyReady
 *fill*         0x000000000000a9e6        0x2 
 .text.USBPD_PWR_IF_VBUSEnable
                0x000000000000a9e8       0xdc Application/User/usbpd_pwr_if.o
                0x000000000000a9e8                USBPD_PWR_IF_VBUSEnable
 .text.USBPD_PWR_IF_VBUSDisable
                0x000000000000aac4       0x9c Application/User/usbpd_pwr_if.o
                0x000000000000aac4                USBPD_PWR_IF_VBUSDisable
 .text.USBPD_PWR_IF_VBUSIsEnabled
                0x000000000000ab60       0x2c Application/User/usbpd_pwr_if.o
                0x000000000000ab60                USBPD_PWR_IF_VBUSIsEnabled
 .text.USBPD_PWR_IF_Enable_VConn
                0x000000000000ab8c       0x68 Application/User/usbpd_pwr_if.o
                0x000000000000ab8c                USBPD_PWR_IF_Enable_VConn
 .text.USBPD_PWR_IF_Disable_VConn
                0x000000000000abf4       0x68 Application/User/usbpd_pwr_if.o
                0x000000000000abf4                USBPD_PWR_IF_Disable_VConn
 .text.USBPD_PWR_IF_GetPortPDOs
                0x000000000000ac5c      0x13c Application/User/usbpd_pwr_if.o
                0x000000000000ac5c                USBPD_PWR_IF_GetPortPDOs
 .text.USBPD_PWR_IF_SearchRequestedPDO
                0x000000000000ad98       0x68 Application/User/usbpd_pwr_if.o
                0x000000000000ad98                USBPD_PWR_IF_SearchRequestedPDO
 .text.USBPD_PWR_IF_CheckUpdateSNKPower
                0x000000000000ae00      0x2d4 Application/User/usbpd_pwr_if.o
                0x000000000000ae00                USBPD_PWR_IF_CheckUpdateSNKPower
 .text._PWR_CheckPDOContent
                0x000000000000b0d4       0xec Application/User/usbpd_pwr_if.o
                0x000000000000b0d4                _PWR_CheckPDOContent
 .text.USBPD_VDM_InformIdentity
                0x000000000000b1c0       0xc8 Application/User/usbpd_vdm_user.o
 .text.USBPD_VDM_InformSVID
                0x000000000000b288       0x22 Application/User/usbpd_vdm_user.o
 .text.USBPD_VDM_InformMode
                0x000000000000b2aa       0x22 Application/User/usbpd_vdm_user.o
 .text.USBPD_VDM_InformModeEnter
                0x000000000000b2cc       0x28 Application/User/usbpd_vdm_user.o
 .text.USBPD_VDM_InformModeExit
                0x000000000000b2f4       0x28 Application/User/usbpd_vdm_user.o
 .text.USBPD_VDM_SendSpecific
                0x000000000000b31c       0x22 Application/User/usbpd_vdm_user.o
 .text.USBPD_VDM_InformSpecific
                0x000000000000b33e       0x22 Application/User/usbpd_vdm_user.o
 .text.USBPD_VDM_UserInit
                0x000000000000b360       0x28 Application/User/usbpd_vdm_user.o
                0x000000000000b360                USBPD_VDM_UserInit
 .text.fusb305_tcpc_init
                0x000000000000b388      0x448 Drivers/BSP/Components/fusb305.o
                0x000000000000b388                fusb305_tcpc_init
 .text.fusb305_tcpc_get_cc
                0x000000000000b7d0      0x444 Drivers/BSP/Components/fusb305.o
                0x000000000000b7d0                fusb305_tcpc_get_cc
 .text.fusb305_tcpc_set_cc
                0x000000000000bc14      0x128 Drivers/BSP/Components/fusb305.o
                0x000000000000bc14                fusb305_tcpc_set_cc
 .text.fusb305_tcpc_set_polarity
                0x000000000000bd3c       0x7c Drivers/BSP/Components/fusb305.o
                0x000000000000bd3c                fusb305_tcpc_set_polarity
 .text.fusb305_tcpc_set_vconn
                0x000000000000bdb8      0x128 Drivers/BSP/Components/fusb305.o
                0x000000000000bdb8                fusb305_tcpc_set_vconn
 .text.fusb305_tcpc_set_msg_header
                0x000000000000bee0       0x68 Drivers/BSP/Components/fusb305.o
                0x000000000000bee0                fusb305_tcpc_set_msg_header
 .text.fusb305_tcpc_set_rx_state
                0x000000000000bf48      0x3f8 Drivers/BSP/Components/fusb305.o
                0x000000000000bf48                fusb305_tcpc_set_rx_state
 .text.fusb305_tcpc_EnableRx
                0x000000000000c340       0x58 Drivers/BSP/Components/fusb305.o
                0x000000000000c340                fusb305_tcpc_EnableRx
 .text.fusb305_tcpc_DisableRx
                0x000000000000c398       0x78 Drivers/BSP/Components/fusb305.o
                0x000000000000c398                fusb305_tcpc_DisableRx
 .text.fusb305_tcpc_set_sop_supported
                0x000000000000c410       0x78 Drivers/BSP/Components/fusb305.o
                0x000000000000c410                fusb305_tcpc_set_sop_supported
 .text.fusb305_tcpc_get_message
                0x000000000000c488       0x22 Drivers/BSP/Components/fusb305.o
                0x000000000000c488                fusb305_tcpc_get_message
 *fill*         0x000000000000c4aa        0x2 
 .text.fusb305_tcpc_transmit
                0x000000000000c4ac      0x1d0 Drivers/BSP/Components/fusb305.o
                0x000000000000c4ac                fusb305_tcpc_transmit
 .text.fusb305_tcpc_get_power_status
                0x000000000000c67c       0xac Drivers/BSP/Components/fusb305.o
                0x000000000000c67c                fusb305_tcpc_get_power_status
 .text.fusb305_tcpc_get_fault_status
                0x000000000000c728       0x64 Drivers/BSP/Components/fusb305.o
                0x000000000000c728                fusb305_tcpc_get_fault_status
 .text.fusb305_tcpc_set_fault_status
                0x000000000000c78c       0x58 Drivers/BSP/Components/fusb305.o
                0x000000000000c78c                fusb305_tcpc_set_fault_status
 .text.fusb305_tcpc_get_vbus_level
                0x000000000000c7e4      0x160 Drivers/BSP/Components/fusb305.o
                0x000000000000c7e4                fusb305_tcpc_get_vbus_level
 .text.fusb305_tcpc_set_vbus_level
                0x000000000000c944      0x52c Drivers/BSP/Components/fusb305.o
                0x000000000000c944                fusb305_tcpc_set_vbus_level
 .text.tcpc_set_power
                0x000000000000ce70      0x66c Drivers/BSP/Components/fusb305.o
 .text.fusb305_tcpc_alert
                0x000000000000d4dc      0x11c Drivers/BSP/Components/fusb305.o
                0x000000000000d4dc                fusb305_tcpc_alert
 .text.fusb305_tcpc_clear_alert
                0x000000000000d5f8       0x50 Drivers/BSP/Components/fusb305.o
                0x000000000000d5f8                fusb305_tcpc_clear_alert
 .text.fusb305_tcpc_set_bist_test_data
                0x000000000000d648       0xd4 Drivers/BSP/Components/fusb305.o
                0x000000000000d648                fusb305_tcpc_set_bist_test_data
 .text.fusb305_tcpc_SinkTxNG
                0x000000000000d71c       0x58 Drivers/BSP/Components/fusb305.o
                0x000000000000d71c                fusb305_tcpc_SinkTxNG
 .text.fusb305_tcpc_SinkTxOK
                0x000000000000d774       0x88 Drivers/BSP/Components/fusb305.o
                0x000000000000d774                fusb305_tcpc_SinkTxOK
 .text.fusb305_tcpc_IfSinkTxOk
                0x000000000000d7fc       0x12 Drivers/BSP/Components/fusb305.o
                0x000000000000d7fc                fusb305_tcpc_IfSinkTxOk
 *fill*         0x000000000000d80e        0x2 
 .text.InitializeRegisters
                0x000000000000d810       0x84 Drivers/BSP/Components/fusb305.o
 .text.tcpc_set_alert_mask
                0x000000000000d894      0x198 Drivers/BSP/Components/fusb305.o
 .text.tcpc_init_power_status_mask
                0x000000000000da2c       0x8c Drivers/BSP/Components/fusb305.o
 .text.tcpc_set_pin_role
                0x000000000000dab8      0x390 Drivers/BSP/Components/fusb305.o
 .text.BSP_GetHWBoardVersionName
                0x000000000000de48       0x10 Drivers/BSP/STM32F0xx-Nucleo/usbpd_tcpci.o
                0x000000000000de48                BSP_GetHWBoardVersionName
 .text.BSP_GetPDTypeName
                0x000000000000de58       0x10 Drivers/BSP/STM32F0xx-Nucleo/usbpd_tcpci.o
                0x000000000000de58                BSP_GetPDTypeName
 .text.USBPD_TCPI_AlertInit
                0x000000000000de68       0x64 Drivers/BSP/STM32F0xx-Nucleo/usbpd_tcpci.o
                0x000000000000de68                USBPD_TCPI_AlertInit
 .text.USBPD_TCPCI_Init
                0x000000000000decc       0xb0 Drivers/BSP/STM32F0xx-Nucleo/usbpd_tcpci.o
                0x000000000000decc                USBPD_TCPCI_Init
 .text.USBPD_TCPCI_GetDevicesDrivers
                0x000000000000df7c       0x2c Drivers/BSP/STM32F0xx-Nucleo/usbpd_tcpci.o
                0x000000000000df7c                USBPD_TCPCI_GetDevicesDrivers
 .text.USBPD_TCPCI_WriteRegister
                0x000000000000dfa8       0x94 Drivers/BSP/STM32F0xx-Nucleo/usbpd_tcpci.o
                0x000000000000dfa8                USBPD_TCPCI_WriteRegister
 .text.USBPD_TCPCI_SendTransmitBuffer
                0x000000000000e03c       0xf8 Drivers/BSP/STM32F0xx-Nucleo/usbpd_tcpci.o
                0x000000000000e03c                USBPD_TCPCI_SendTransmitBuffer
 .text.USBPD_TCPCI_ReceiveBuffer
                0x000000000000e134       0xf8 Drivers/BSP/STM32F0xx-Nucleo/usbpd_tcpci.o
                0x000000000000e134                USBPD_TCPCI_ReceiveBuffer
 .text.USBPD_TCPCI_ReadRegister
                0x000000000000e22c       0x94 Drivers/BSP/STM32F0xx-Nucleo/usbpd_tcpci.o
                0x000000000000e22c                USBPD_TCPCI_ReadRegister
 .text.USBPD_TCPCI_Delay
                0x000000000000e2c0       0x18 Drivers/BSP/STM32F0xx-Nucleo/usbpd_tcpci.o
                0x000000000000e2c0                USBPD_TCPCI_Delay
 .text.HW_IF_PWR_SetVoltage
                0x000000000000e2d8       0x1c Drivers/BSP/STM32F0xx-Nucleo/usbpd_tcpci.o
                0x000000000000e2d8                HW_IF_PWR_SetVoltage
 .text.HW_IF_PWR_GetVoltage
                0x000000000000e2f4       0x20 Drivers/BSP/STM32F0xx-Nucleo/usbpd_tcpci.o
                0x000000000000e2f4                HW_IF_PWR_GetVoltage
 .text.HW_IF_PWR_GetCurrent
                0x000000000000e314       0x16 Drivers/BSP/STM32F0xx-Nucleo/usbpd_tcpci.o
                0x000000000000e314                HW_IF_PWR_GetCurrent
 *fill*         0x000000000000e32a        0x2 
 .text.HW_IF_PWR_Enable
                0x000000000000e32c       0xe8 Drivers/BSP/STM32F0xx-Nucleo/usbpd_tcpci.o
                0x000000000000e32c                HW_IF_PWR_Enable
 .text.HW_IF_PWR_VBUSIsEnabled
                0x000000000000e414       0x26 Drivers/BSP/STM32F0xx-Nucleo/usbpd_tcpci.o
                0x000000000000e414                HW_IF_PWR_VBUSIsEnabled
 *fill*         0x000000000000e43a        0x2 
 .text.TCPI_Init
                0x000000000000e43c       0x70 Drivers/BSP/STM32F0xx-Nucleo/usbpd_tcpci.o
 .text.HAL_I2C_MspInit
                0x000000000000e4ac       0xb8 Drivers/BSP/STM32F0xx-Nucleo/usbpd_tcpci.o
                0x000000000000e4ac                HAL_I2C_MspInit
 .text.HAL_Init
                0x000000000000e564       0x28 Drivers/STM32F0xx_HAL_Driver/stm32f0xx_hal.o
                0x000000000000e564                HAL_Init
 .text.HAL_InitTick
                0x000000000000e58c       0x38 Drivers/STM32F0xx_HAL_Driver/stm32f0xx_hal.o
                0x000000000000e58c                HAL_InitTick
 .text.HAL_GetTick
                0x000000000000e5c4       0x14 Drivers/STM32F0xx_HAL_Driver/stm32f0xx_hal.o
                0x000000000000e5c4                HAL_GetTick
 .text.HAL_Delay
                0x000000000000e5d8       0x3a Drivers/STM32F0xx_HAL_Driver/stm32f0xx_hal.o
                0x000000000000e5d8                HAL_Delay
 *fill*         0x000000000000e612        0x2 
 .text.__NVIC_EnableIRQ
                0x000000000000e614       0x34 Drivers/STM32F0xx_HAL_Driver/stm32f0xx_hal_cortex.o
 .text.__NVIC_SetPriority
                0x000000000000e648       0xdc Drivers/STM32F0xx_HAL_Driver/stm32f0xx_hal_cortex.o
 .text.__NVIC_SystemReset
                0x000000000000e724       0x20 Drivers/STM32F0xx_HAL_Driver/stm32f0xx_hal_cortex.o
 .text.SysTick_Config
                0x000000000000e744       0x48 Drivers/STM32F0xx_HAL_Driver/stm32f0xx_hal_cortex.o
 .text.HAL_NVIC_SetPriority
                0x000000000000e78c       0x2a Drivers/STM32F0xx_HAL_Driver/stm32f0xx_hal_cortex.o
                0x000000000000e78c                HAL_NVIC_SetPriority
 .text.HAL_NVIC_EnableIRQ
                0x000000000000e7b6       0x20 Drivers/STM32F0xx_HAL_Driver/stm32f0xx_hal_cortex.o
                0x000000000000e7b6                HAL_NVIC_EnableIRQ
 .text.HAL_NVIC_SystemReset
                0x000000000000e7d6        0x8 Drivers/STM32F0xx_HAL_Driver/stm32f0xx_hal_cortex.o
                0x000000000000e7d6                HAL_NVIC_SystemReset
 .text.HAL_SYSTICK_Config
                0x000000000000e7de       0x1a Drivers/STM32F0xx_HAL_Driver/stm32f0xx_hal_cortex.o
                0x000000000000e7de                HAL_SYSTICK_Config
 .text.HAL_FLASH_Program
                0x000000000000e7f8      0x12c Drivers/STM32F0xx_HAL_Driver/stm32f0xx_hal_flash.o
                0x000000000000e7f8                HAL_FLASH_Program
 .text.HAL_FLASH_Unlock
                0x000000000000e924       0x34 Drivers/STM32F0xx_HAL_Driver/stm32f0xx_hal_flash.o
                0x000000000000e924                HAL_FLASH_Unlock
 .text.HAL_FLASH_Lock
                0x000000000000e958       0x1c Drivers/STM32F0xx_HAL_Driver/stm32f0xx_hal_flash.o
                0x000000000000e958                HAL_FLASH_Lock
 .text.FLASH_Program_HalfWord
                0x000000000000e974       0x38 Drivers/STM32F0xx_HAL_Driver/stm32f0xx_hal_flash.o
 .text.FLASH_WaitForLastOperation
                0x000000000000e9ac       0x80 Drivers/STM32F0xx_HAL_Driver/stm32f0xx_hal_flash.o
                0x000000000000e9ac                FLASH_WaitForLastOperation
 .text.FLASH_SetErrorCode
                0x000000000000ea2c       0x60 Drivers/STM32F0xx_HAL_Driver/stm32f0xx_hal_flash.o
 .text.HAL_FLASHEx_Erase
                0x000000000000ea8c       0xec Drivers/STM32F0xx_HAL_Driver/stm32f0xx_hal_flash_ex.o
                0x000000000000ea8c                HAL_FLASHEx_Erase
 .text.FLASH_MassErase
                0x000000000000eb78       0x30 Drivers/STM32F0xx_HAL_Driver/stm32f0xx_hal_flash_ex.o
 .text.FLASH_PageErase
                0x000000000000eba8       0x3c Drivers/STM32F0xx_HAL_Driver/stm32f0xx_hal_flash_ex.o
                0x000000000000eba8                FLASH_PageErase
 .text.HAL_GPIO_Init
                0x000000000000ebe4      0x2f8 Drivers/STM32F0xx_HAL_Driver/stm32f0xx_hal_gpio.o
                0x000000000000ebe4                HAL_GPIO_Init
 .text.HAL_I2C_Init
                0x000000000000eedc      0x12c Drivers/STM32F0xx_HAL_Driver/stm32f0xx_hal_i2c.o
                0x000000000000eedc                HAL_I2C_Init
 .text.HAL_I2C_Mem_Write
                0x000000000000f008      0x280 Drivers/STM32F0xx_HAL_Driver/stm32f0xx_hal_i2c.o
                0x000000000000f008                HAL_I2C_Mem_Write
 .text.HAL_I2C_Mem_Read
                0x000000000000f288      0x280 Drivers/STM32F0xx_HAL_Driver/stm32f0xx_hal_i2c.o
                0x000000000000f288                HAL_I2C_Mem_Read
 .text.I2C_RequestMemoryWrite
                0x000000000000f508       0xdc Drivers/STM32F0xx_HAL_Driver/stm32f0xx_hal_i2c.o
 .text.I2C_RequestMemoryRead
                0x000000000000f5e4       0xd8 Drivers/STM32F0xx_HAL_Driver/stm32f0xx_hal_i2c.o
 .text.I2C_Flush_TXDR
                0x000000000000f6bc       0x44 Drivers/STM32F0xx_HAL_Driver/stm32f0xx_hal_i2c.o
 .text.I2C_WaitOnFlagUntilTimeout
                0x000000000000f700       0x72 Drivers/STM32F0xx_HAL_Driver/stm32f0xx_hal_i2c.o
 .text.I2C_WaitOnTXISFlagUntilTimeout
                0x000000000000f772       0x7e Drivers/STM32F0xx_HAL_Driver/stm32f0xx_hal_i2c.o
 .text.I2C_WaitOnSTOPFlagUntilTimeout
                0x000000000000f7f0       0x78 Drivers/STM32F0xx_HAL_Driver/stm32f0xx_hal_i2c.o
 .text.I2C_IsAcknowledgeFailed
                0x000000000000f868       0xbc Drivers/STM32F0xx_HAL_Driver/stm32f0xx_hal_i2c.o
 .text.I2C_TransferConfig
                0x000000000000f924       0x6c Drivers/STM32F0xx_HAL_Driver/stm32f0xx_hal_i2c.o
 .text.HAL_I2CEx_ConfigAnalogFilter
                0x000000000000f990       0x98 Drivers/STM32F0xx_HAL_Driver/stm32f0xx_hal_i2c_ex.o
                0x000000000000f990                HAL_I2CEx_ConfigAnalogFilter
 .text.HAL_RCC_GetHCLKFreq
                0x000000000000fa28       0x14 Drivers/STM32F0xx_HAL_Driver/stm32f0xx_hal_rcc.o
                0x000000000000fa28                HAL_RCC_GetHCLKFreq
 .text.LL_RCC_HSI_IsReady
                0x000000000000fa3c       0x20 Drivers/STM32F0xx_HAL_Driver/stm32f0xx_ll_rcc.o
 .text.LL_RCC_LSE_IsReady
                0x000000000000fa5c       0x20 Drivers/STM32F0xx_HAL_Driver/stm32f0xx_ll_rcc.o
 .text.LL_RCC_GetSysClkSource
                0x000000000000fa7c       0x18 Drivers/STM32F0xx_HAL_Driver/stm32f0xx_ll_rcc.o
 .text.LL_RCC_GetAHBPrescaler
                0x000000000000fa94       0x18 Drivers/STM32F0xx_HAL_Driver/stm32f0xx_ll_rcc.o
 .text.LL_RCC_GetAPB1Prescaler
                0x000000000000faac       0x18 Drivers/STM32F0xx_HAL_Driver/stm32f0xx_ll_rcc.o
 .text.LL_RCC_GetUSARTClockSource
                0x000000000000fac4       0x28 Drivers/STM32F0xx_HAL_Driver/stm32f0xx_ll_rcc.o
 .text.LL_RCC_PLL_GetMainSource
                0x000000000000faec       0x18 Drivers/STM32F0xx_HAL_Driver/stm32f0xx_ll_rcc.o
 .text.LL_RCC_PLL_GetMultiplicator
                0x000000000000fb04       0x18 Drivers/STM32F0xx_HAL_Driver/stm32f0xx_ll_rcc.o
 .text.LL_RCC_PLL_GetPrediv
                0x000000000000fb1c       0x18 Drivers/STM32F0xx_HAL_Driver/stm32f0xx_ll_rcc.o
 .text.LL_RCC_GetSystemClocksFreq
                0x000000000000fb34       0x3a Drivers/STM32F0xx_HAL_Driver/stm32f0xx_ll_rcc.o
                0x000000000000fb34                LL_RCC_GetSystemClocksFreq
 *fill*         0x000000000000fb6e        0x2 
 .text.LL_RCC_GetUSARTClockFreq
                0x000000000000fb70       0xfc Drivers/STM32F0xx_HAL_Driver/stm32f0xx_ll_rcc.o
                0x000000000000fb70                LL_RCC_GetUSARTClockFreq
 .text.RCC_GetSystemClockFreq
                0x000000000000fc6c       0x48 Drivers/STM32F0xx_HAL_Driver/stm32f0xx_ll_rcc.o
                0x000000000000fc6c                RCC_GetSystemClockFreq
 .text.RCC_GetHCLKClockFreq
                0x000000000000fcb4       0x2c Drivers/STM32F0xx_HAL_Driver/stm32f0xx_ll_rcc.o
                0x000000000000fcb4                RCC_GetHCLKClockFreq
 .text.RCC_GetPCLK1ClockFreq
                0x000000000000fce0       0x28 Drivers/STM32F0xx_HAL_Driver/stm32f0xx_ll_rcc.o
                0x000000000000fce0                RCC_GetPCLK1ClockFreq
 .text.RCC_PLL_GetFreqDomain_SYS
                0x000000000000fd08       0x80 Drivers/STM32F0xx_HAL_Driver/stm32f0xx_ll_rcc.o
                0x000000000000fd08                RCC_PLL_GetFreqDomain_SYS
 .text.LL_USART_IsEnabled
                0x000000000000fd88       0x20 Drivers/STM32F0xx_HAL_Driver/stm32f0xx_ll_usart.o
 .text.LL_USART_SetStopBitsLength
                0x000000000000fda8       0x28 Drivers/STM32F0xx_HAL_Driver/stm32f0xx_ll_usart.o
 .text.LL_USART_SetHWFlowCtrl
                0x000000000000fdd0       0x28 Drivers/STM32F0xx_HAL_Driver/stm32f0xx_ll_usart.o
 .text.LL_USART_SetBaudRate
                0x000000000000fdf8       0x74 Drivers/STM32F0xx_HAL_Driver/stm32f0xx_ll_usart.o
 .text.LL_USART_Init
                0x000000000000fe6c      0x110 Drivers/STM32F0xx_HAL_Driver/stm32f0xx_ll_usart.o
                0x000000000000fe6c                LL_USART_Init
 .text.LL_InitTick
                0x000000000000ff7c       0x34 Drivers/STM32F0xx_HAL_Driver/stm32f0xx_ll_utils.o
 .text.LL_Init1msTick
                0x000000000000ffb0       0x1e Drivers/STM32F0xx_HAL_Driver/stm32f0xx_ll_utils.o
                0x000000000000ffb0                LL_Init1msTick
 *fill*         0x000000000000ffce        0x2 
 .text.LL_SetSystemCoreClock
                0x000000000000ffd0       0x1c Drivers/STM32F0xx_HAL_Driver/stm32f0xx_ll_utils.o
                0x000000000000ffd0                LL_SetSystemCoreClock
 .text.USBPD_DPM_InitCore
                0x000000000000ffec      0x11c Middlewares/ST/STM32_USBPD_Library/Core/usbpd_dpm_core.o
                0x000000000000ffec                USBPD_DPM_InitCore
 .text.USBPD_DPM_InitOS
                0x0000000000010108       0xac Middlewares/ST/STM32_USBPD_Library/Core/usbpd_dpm_core.o
                0x0000000000010108                USBPD_DPM_InitOS
 .text.USBPD_DPM_Run
                0x00000000000101b4        0xe Middlewares/ST/STM32_USBPD_Library/Core/usbpd_dpm_core.o
                0x00000000000101b4                USBPD_DPM_Run
 *fill*         0x00000000000101c2        0x2 
 .text.USBPD_PE_TaskWakeUp
                0x00000000000101c4       0x30 Middlewares/ST/STM32_USBPD_Library/Core/usbpd_dpm_core.o
 .text.USBPD_PE_Task
                0x00000000000101f4       0x84 Middlewares/ST/STM32_USBPD_Library/Core/usbpd_dpm_core.o
                0x00000000000101f4                USBPD_PE_Task
 .text.USBPD_ALERT_Task
                0x0000000000010278       0x6c Middlewares/ST/STM32_USBPD_Library/Core/usbpd_dpm_core.o
                0x0000000000010278                USBPD_ALERT_Task
 .text.USBPD_TRACE_TX_Task
                0x00000000000102e4       0x24 Middlewares/ST/STM32_USBPD_Library/Core/usbpd_dpm_core.o
                0x00000000000102e4                USBPD_TRACE_TX_Task
 .text.USBPD_DPM_TraceWakeUp
                0x0000000000010308       0x28 Middlewares/ST/STM32_USBPD_Library/Core/usbpd_dpm_core.o
                0x0000000000010308                USBPD_DPM_TraceWakeUp
 .text.USBPD_DPM_CADCallback
                0x0000000000010330      0x128 Middlewares/ST/STM32_USBPD_Library/Core/usbpd_dpm_core.o
                0x0000000000010330                USBPD_DPM_CADCallback
 .text.DPM_ManageAttachedState
                0x0000000000010458       0xf0 Middlewares/ST/STM32_USBPD_Library/Core/usbpd_dpm_core.o
 .text.USBPD_TRACE_Init
                0x0000000000010548       0x1c Middlewares/ST/STM32_USBPD_Library/Core/usbpd_trace.o
                0x0000000000010548                USBPD_TRACE_Init
 .text.USBPD_TRACE_Add
                0x0000000000010564      0x27a Middlewares/ST/STM32_USBPD_Library/Core/usbpd_trace.o
                0x0000000000010564                USBPD_TRACE_Add
 .text.USBPD_TRACE_TX_Process
                0x00000000000107de       0x10 Middlewares/ST/STM32_USBPD_Library/Core/usbpd_trace.o
                0x00000000000107de                USBPD_TRACE_TX_Process
 .text.makeFreeRtosPriority
                0x00000000000107ee       0x32 Middlewares/Third_Party/FreeRTOS/CMSIS_RTOS/cmsis_os.o
 .text.inHandlerMode
                0x0000000000010820       0x1c Middlewares/Third_Party/FreeRTOS/CMSIS_RTOS/cmsis_os.o
 .text.osKernelStart
                0x000000000001083c       0x10 Middlewares/Third_Party/FreeRTOS/CMSIS_RTOS/cmsis_os.o
                0x000000000001083c                osKernelStart
 .text.osThreadCreate
                0x000000000001084c       0x50 Middlewares/Third_Party/FreeRTOS/CMSIS_RTOS/cmsis_os.o
                0x000000000001084c                osThreadCreate
 .text.osThreadTerminate
                0x000000000001089c       0x1a Middlewares/Third_Party/FreeRTOS/CMSIS_RTOS/cmsis_os.o
                0x000000000001089c                osThreadTerminate
 .text.osDelay  0x00000000000108b6       0x28 Middlewares/Third_Party/FreeRTOS/CMSIS_RTOS/cmsis_os.o
                0x00000000000108b6                osDelay
 .text.osSemaphoreCreate
                0x00000000000108de       0x3e Middlewares/Third_Party/FreeRTOS/CMSIS_RTOS/cmsis_os.o
                0x00000000000108de                osSemaphoreCreate
 .text.osSemaphoreWait
                0x000000000001091c       0x94 Middlewares/Third_Party/FreeRTOS/CMSIS_RTOS/cmsis_os.o
                0x000000000001091c                osSemaphoreWait
 .text.osSemaphoreRelease
                0x00000000000109b0       0x64 Middlewares/Third_Party/FreeRTOS/CMSIS_RTOS/cmsis_os.o
                0x00000000000109b0                osSemaphoreRelease
 .text.osMessageCreate
                0x0000000000010a14       0x24 Middlewares/Third_Party/FreeRTOS/CMSIS_RTOS/cmsis_os.o
                0x0000000000010a14                osMessageCreate
 .text.osMessagePut
                0x0000000000010a38       0x78 Middlewares/Third_Party/FreeRTOS/CMSIS_RTOS/cmsis_os.o
                0x0000000000010a38                osMessagePut
 .text.osMessageGet
                0x0000000000010ab0       0xe8 Middlewares/Third_Party/FreeRTOS/CMSIS_RTOS/cmsis_os.o
                0x0000000000010ab0                osMessageGet
 .text.vListInitialise
                0x0000000000010b98       0x3c Middlewares/Third_Party/FreeRTOS/list.o
                0x0000000000010b98                vListInitialise
 .text.vListInitialiseItem
                0x0000000000010bd4       0x16 Middlewares/Third_Party/FreeRTOS/list.o
                0x0000000000010bd4                vListInitialiseItem
 .text.vListInsertEnd
                0x0000000000010bea       0x44 Middlewares/Third_Party/FreeRTOS/list.o
                0x0000000000010bea                vListInsertEnd
 .text.vListInsert
                0x0000000000010c2e       0x6c Middlewares/Third_Party/FreeRTOS/list.o
                0x0000000000010c2e                vListInsert
 .text.uxListRemove
                0x0000000000010c9a       0x50 Middlewares/Third_Party/FreeRTOS/list.o
                0x0000000000010c9a                uxListRemove
 .text.xQueueGenericReset
                0x0000000000010cea       0xa8 Middlewares/Third_Party/FreeRTOS/queue.o
                0x0000000000010cea                xQueueGenericReset
 .text.xQueueGenericCreate
                0x0000000000010d92       0x64 Middlewares/Third_Party/FreeRTOS/queue.o
                0x0000000000010d92                xQueueGenericCreate
 .text.prvInitialiseNewQueue
                0x0000000000010df6       0x44 Middlewares/Third_Party/FreeRTOS/queue.o
 .text.xQueueGenericSend
                0x0000000000010e3a      0x16c Middlewares/Third_Party/FreeRTOS/queue.o
                0x0000000000010e3a                xQueueGenericSend
 .text.xQueueGenericSendFromISR
                0x0000000000010fa6       0xe2 Middlewares/Third_Party/FreeRTOS/queue.o
                0x0000000000010fa6                xQueueGenericSendFromISR
 .text.xQueueGiveFromISR
                0x0000000000011088       0xca Middlewares/Third_Party/FreeRTOS/queue.o
                0x0000000000011088                xQueueGiveFromISR
 .text.xQueueReceive
                0x0000000000011152      0x14e Middlewares/Third_Party/FreeRTOS/queue.o
                0x0000000000011152                xQueueReceive
 .text.xQueueSemaphoreTake
                0x00000000000112a0      0x130 Middlewares/Third_Party/FreeRTOS/queue.o
                0x00000000000112a0                xQueueSemaphoreTake
 .text.xQueueReceiveFromISR
                0x00000000000113d0       0xc6 Middlewares/Third_Party/FreeRTOS/queue.o
                0x00000000000113d0                xQueueReceiveFromISR
 .text.prvCopyDataToQueue
                0x0000000000011496       0xb8 Middlewares/Third_Party/FreeRTOS/queue.o
 .text.prvCopyDataFromQueue
                0x000000000001154e       0x4c Middlewares/Third_Party/FreeRTOS/queue.o
 .text.prvUnlockQueue
                0x000000000001159a       0xbc Middlewares/Third_Party/FreeRTOS/queue.o
 .text.prvIsQueueEmpty
                0x0000000000011656       0x2c Middlewares/Third_Party/FreeRTOS/queue.o
 .text.prvIsQueueFull
                0x0000000000011682       0x30 Middlewares/Third_Party/FreeRTOS/queue.o
 .text.xTaskCreate
                0x00000000000116b2       0x90 Middlewares/Third_Party/FreeRTOS/tasks.o
                0x00000000000116b2                xTaskCreate
 *fill*         0x0000000000011742        0x2 
 .text.prvInitialiseNewTask
                0x0000000000011744       0xe8 Middlewares/Third_Party/FreeRTOS/tasks.o
 .text.prvAddNewTaskToReadyList
                0x000000000001182c       0xc8 Middlewares/Third_Party/FreeRTOS/tasks.o
 .text.vTaskDelete
                0x00000000000118f4       0xc8 Middlewares/Third_Party/FreeRTOS/tasks.o
                0x00000000000118f4                vTaskDelete
 .text.vTaskDelay
                0x00000000000119bc       0x4c Middlewares/Third_Party/FreeRTOS/tasks.o
                0x00000000000119bc                vTaskDelay
 .text.vTaskStartScheduler
                0x0000000000011a08       0x6c Middlewares/Third_Party/FreeRTOS/tasks.o
                0x0000000000011a08                vTaskStartScheduler
 .text.vTaskSuspendAll
                0x0000000000011a74       0x18 Middlewares/Third_Party/FreeRTOS/tasks.o
                0x0000000000011a74                vTaskSuspendAll
 .text.xTaskResumeAll
                0x0000000000011a8c      0x118 Middlewares/Third_Party/FreeRTOS/tasks.o
                0x0000000000011a8c                xTaskResumeAll
 .text.xTaskIncrementTick
                0x0000000000011ba4      0x168 Middlewares/Third_Party/FreeRTOS/tasks.o
                0x0000000000011ba4                xTaskIncrementTick
 .text.vTaskSwitchContext
                0x0000000000011d0c       0xa4 Middlewares/Third_Party/FreeRTOS/tasks.o
                0x0000000000011d0c                vTaskSwitchContext
 .text.vTaskPlaceOnEventList
                0x0000000000011db0       0x3c Middlewares/Third_Party/FreeRTOS/tasks.o
                0x0000000000011db0                vTaskPlaceOnEventList
 .text.xTaskRemoveFromEventList
                0x0000000000011dec       0xb8 Middlewares/Third_Party/FreeRTOS/tasks.o
                0x0000000000011dec                xTaskRemoveFromEventList
 .text.vTaskInternalSetTimeOutState
                0x0000000000011ea4       0x28 Middlewares/Third_Party/FreeRTOS/tasks.o
                0x0000000000011ea4                vTaskInternalSetTimeOutState
 .text.xTaskCheckForTimeOut
                0x0000000000011ecc       0xa0 Middlewares/Third_Party/FreeRTOS/tasks.o
                0x0000000000011ecc                xTaskCheckForTimeOut
 .text.vTaskMissedYield
                0x0000000000011f6c       0x14 Middlewares/Third_Party/FreeRTOS/tasks.o
                0x0000000000011f6c                vTaskMissedYield
 .text.prvIdleTask
                0x0000000000011f80       0x20 Middlewares/Third_Party/FreeRTOS/tasks.o
 .text.prvInitialiseTaskLists
                0x0000000000011fa0       0x88 Middlewares/Third_Party/FreeRTOS/tasks.o
 .text.prvCheckTasksWaitingTermination
                0x0000000000012028       0x5c Middlewares/Third_Party/FreeRTOS/tasks.o
 .text.prvDeleteTCB
                0x0000000000012084       0x22 Middlewares/Third_Party/FreeRTOS/tasks.o
 *fill*         0x00000000000120a6        0x2 
 .text.prvResetNextTaskUnblockTime
                0x00000000000120a8       0x48 Middlewares/Third_Party/FreeRTOS/tasks.o
 .text.prvAddCurrentTaskToDelayedList
                0x00000000000120f0       0xa8 Middlewares/Third_Party/FreeRTOS/tasks.o
 .text.pvPortMalloc
                0x0000000000012198      0x14c Middlewares/Third_Party/FreeRTOS/portable/heap_4.o
                0x0000000000012198                pvPortMalloc
 .text.vPortFree
                0x00000000000122e4       0x90 Middlewares/Third_Party/FreeRTOS/portable/heap_4.o
                0x00000000000122e4                vPortFree
 .text.prvHeapInit
                0x0000000000012374       0xc0 Middlewares/Third_Party/FreeRTOS/portable/heap_4.o
 .text.prvInsertBlockIntoFreeList
                0x0000000000012434       0xb0 Middlewares/Third_Party/FreeRTOS/portable/heap_4.o
 .text.pxPortInitialiseStack
                0x00000000000124e4       0x54 Middlewares/Third_Party/FreeRTOS/portable/port.o
                0x00000000000124e4                pxPortInitialiseStack
 .text.prvTaskExitError
                0x0000000000012538       0x2c Middlewares/Third_Party/FreeRTOS/portable/port.o
 *fill*         0x0000000000012564        0xc 
 .text.vPortStartFirstTask
                0x0000000000012570       0x38 Middlewares/Third_Party/FreeRTOS/portable/port.o
 .text.xPortStartScheduler
                0x00000000000125a8       0x48 Middlewares/Third_Party/FreeRTOS/portable/port.o
                0x00000000000125a8                xPortStartScheduler
 .text.vPortYield
                0x00000000000125f0       0x20 Middlewares/Third_Party/FreeRTOS/portable/port.o
                0x00000000000125f0                vPortYield
 .text.vPortEnterCritical
                0x0000000000012610       0x24 Middlewares/Third_Party/FreeRTOS/portable/port.o
                0x0000000000012610                vPortEnterCritical
 .text.vPortExitCritical
                0x0000000000012634       0x30 Middlewares/Third_Party/FreeRTOS/portable/port.o
                0x0000000000012634                vPortExitCritical
 .text.ulSetInterruptMaskFromISR
                0x0000000000012664        0xc Middlewares/Third_Party/FreeRTOS/portable/port.o
                0x0000000000012664                ulSetInterruptMaskFromISR
 .text.vClearInterruptMaskFromISR
                0x0000000000012670        0x8 Middlewares/Third_Party/FreeRTOS/portable/port.o
                0x0000000000012670                vClearInterruptMaskFromISR
 .text.prvSetupTimerInterrupt
                0x0000000000012678       0x44 Middlewares/Third_Party/FreeRTOS/portable/port.o
 .text.BSP_GUI_LoadDataFromFlash
                0x00000000000126bc      0x150 Utilities/GUI_INTERFACE/bsp_gui.o
                0x00000000000126bc                BSP_GUI_LoadDataFromFlash
 .text.BSP_GUI_SaveDataInFlash
                0x000000000001280c      0x20c Utilities/GUI_INTERFACE/bsp_gui.o
                0x000000000001280c                BSP_GUI_SaveDataInFlash
 .text.SavePDOInFlash
                0x0000000000012a18       0xfe Utilities/GUI_INTERFACE/bsp_gui.o
 .text.SaveSettingsInFlash
                0x0000000000012b16      0x132 Utilities/GUI_INTERFACE/bsp_gui.o
 .text.LoadPDOFromFlash
                0x0000000000012c48       0x5a Utilities/GUI_INTERFACE/bsp_gui.o
 .text.LoadSettingsFromFlash
                0x0000000000012ca2       0x42 Utilities/GUI_INTERFACE/bsp_gui.o
 .text.TLV_init_encode
                0x0000000000012ce4       0xc6 Utilities/GUI_INTERFACE/data_struct_tlv.o
                0x0000000000012ce4                TLV_init_encode
 *fill*         0x0000000000012daa        0x2 
 .text.TLV_add  0x0000000000012dac      0x19c Utilities/GUI_INTERFACE/data_struct_tlv.o
                0x0000000000012dac                TLV_add
 .text.TLV_addValue
                0x0000000000012f48      0x128 Utilities/GUI_INTERFACE/data_struct_tlv.o
                0x0000000000012f48                TLV_addValue
 .text.TLV_deinit_encode
                0x0000000000013070       0x24 Utilities/GUI_INTERFACE/data_struct_tlv.o
                0x0000000000013070                TLV_deinit_encode
 .text.TLV_init_decode
                0x0000000000013094       0x58 Utilities/GUI_INTERFACE/data_struct_tlv.o
                0x0000000000013094                TLV_init_decode
 .text.TLV_get  0x00000000000130ec       0xb4 Utilities/GUI_INTERFACE/data_struct_tlv.o
                0x00000000000130ec                TLV_get
 .text.TLV_deinit_decode
                0x00000000000131a0       0x1c Utilities/GUI_INTERFACE/data_struct_tlv.o
                0x00000000000131a0                TLV_deinit_decode
 .text.TLV_get_string_length
                0x00000000000131bc       0x6e Utilities/GUI_INTERFACE/data_struct_tlv.o
                0x00000000000131bc                TLV_get_string_length
 *fill*         0x000000000001322a        0x2 
 .text.GUI_Init
                0x000000000001322c      0x190 Utilities/GUI_INTERFACE/gui_api.o
                0x000000000001322c                GUI_Init
 .text.GUI_Start
                0x00000000000133bc       0x18 Utilities/GUI_INTERFACE/gui_api.o
                0x00000000000133bc                GUI_Start
 .text.TaskGUI  0x00000000000133d4      0x184 Utilities/GUI_INTERFACE/gui_api.o
 .text.CheckGUITimers
                0x0000000000013558       0x60 Utilities/GUI_INTERFACE/gui_api.o
 .text.GUI_CALLBACK_RX
                0x00000000000135b8       0x4c Utilities/GUI_INTERFACE/gui_api.o
 .text.GUI_RXProcess
                0x0000000000013604       0xb2 Utilities/GUI_INTERFACE/gui_api.o
                0x0000000000013604                GUI_RXProcess
 .text.GUI_FormatAndSendNotification
                0x00000000000136b6       0x42 Utilities/GUI_INTERFACE/gui_api.o
                0x00000000000136b6                GUI_FormatAndSendNotification
 .text.GUI_GetMessage
                0x00000000000136f8      0x204 Utilities/GUI_INTERFACE/gui_api.o
                0x00000000000136f8                GUI_GetMessage
 .text.GUI_SendAnswer
                0x00000000000138fc      0x1ec Utilities/GUI_INTERFACE/gui_api.o
                0x00000000000138fc                GUI_SendAnswer
 .text.GUI_SendNotification
                0x0000000000013ae8      0x894 Utilities/GUI_INTERFACE/gui_api.o
                0x0000000000013ae8                GUI_SendNotification
 .text.GUI_PostNotificationMessage
                0x000000000001437c       0xbc Utilities/GUI_INTERFACE/gui_api.o
                0x000000000001437c                GUI_PostNotificationMessage
 .text.GUI_SaveInfo
                0x0000000000014438      0x26c Utilities/GUI_INTERFACE/gui_api.o
                0x0000000000014438                GUI_SaveInfo
 .text.Send_DpmInitCnf
                0x00000000000146a4      0x35c Utilities/GUI_INTERFACE/gui_api.o
 .text.Request_MessageReq
                0x0000000000014a00      0xa80 Utilities/GUI_INTERFACE/gui_api.o
 .text.Send_DpmConfigSetCnf
                0x0000000000015480      0xe18 Utilities/GUI_INTERFACE/gui_api.o
 .text.Send_DpmConfigGetCnf
                0x0000000000016298      0x6b4 Utilities/GUI_INTERFACE/gui_api.o
 .text.Send_DpmConfigGetRej
                0x000000000001694c       0x46 Utilities/GUI_INTERFACE/gui_api.o
 .text.Send_DpmMessageRej
                0x0000000000016992       0x46 Utilities/GUI_INTERFACE/gui_api.o
 .text.Send_DpmRegisterReadCnf
                0x00000000000169d8       0xc0 Utilities/GUI_INTERFACE/gui_api.o
 .text.Send_DpmRegisterWriteCnf
                0x0000000000016a98       0x84 Utilities/GUI_INTERFACE/gui_api.o
 .text.Manage_FreeText
                0x0000000000016b1c       0x36 Utilities/GUI_INTERFACE/gui_api.o
 .text.TRACER_EMB_WakeUpProcess
                0x0000000000016b52        0xe Utilities/GUI_INTERFACE/gui_api.o
                0x0000000000016b52                TRACER_EMB_WakeUpProcess
 .text.UpdateSNKPowerPort0
                0x0000000000016b60      0x270 Utilities/GUI_INTERFACE/gui_api.o
 .text.TRACER_EMB_Init
                0x0000000000016dd0       0x28 Utilities/TRACER_EMB/tracer_emb.o
                0x0000000000016dd0                TRACER_EMB_Init
 .text.TRACER_EMB_Add
                0x0000000000016df8       0x6c Utilities/TRACER_EMB/tracer_emb.o
                0x0000000000016df8                TRACER_EMB_Add
 .text.TRACER_EMB_TX_Process
                0x0000000000016e64       0x78 Utilities/TRACER_EMB/tracer_emb.o
                0x0000000000016e64                TRACER_EMB_TX_Process
 .text.TRACER_EMB_WriteData
                0x0000000000016edc       0x30 Utilities/TRACER_EMB/tracer_emb.o
                0x0000000000016edc                TRACER_EMB_WriteData
 .text.TRACER_EMB_StartRX
                0x0000000000016f0c       0x1c Utilities/TRACER_EMB/tracer_emb.o
                0x0000000000016f0c                TRACER_EMB_StartRX
 .text.TRACER_EMB_Lock
                0x0000000000016f28       0x34 Utilities/TRACER_EMB/tracer_emb.o
                0x0000000000016f28                TRACER_EMB_Lock
 .text.TRACER_EMB_UnLock
                0x0000000000016f5c       0x34 Utilities/TRACER_EMB/tracer_emb.o
                0x0000000000016f5c                TRACER_EMB_UnLock
 .text.TRACER_CheckLook
                0x0000000000016f90       0x64 Utilities/TRACER_EMB/tracer_emb.o
 .text.TRACER_EMB_AllocateBufer
                0x0000000000016ff4       0x98 Utilities/TRACER_EMB/tracer_emb.o
                0x0000000000016ff4                TRACER_EMB_AllocateBufer
 .text.TRACER_EMB_LowPowerInit
                0x000000000001708c        0xa Utilities/TRACER_EMB/tracer_emb.o
                0x000000000001708c                TRACER_EMB_LowPowerInit
 .text.TRACER_EMB_LowPowerSendData
                0x0000000000017096        0xa Utilities/TRACER_EMB/tracer_emb.o
                0x0000000000017096                TRACER_EMB_LowPowerSendData
 .text.__NVIC_EnableIRQ
                0x00000000000170a0       0x34 Utilities/TRACER_EMB/tracer_emb_hw.o
 .text.__NVIC_SetPriority
                0x00000000000170d4       0xdc Utilities/TRACER_EMB/tracer_emb_hw.o
 .text.LL_GPIO_SetPinMode
                0x00000000000171b0       0x3a Utilities/TRACER_EMB/tracer_emb_hw.o
 .text.LL_GPIO_SetPinOutputType
                0x00000000000171ea       0x2a Utilities/TRACER_EMB/tracer_emb_hw.o
 .text.LL_GPIO_SetPinSpeed
                0x0000000000017214       0x3a Utilities/TRACER_EMB/tracer_emb_hw.o
 .text.LL_GPIO_SetPinPull
                0x000000000001724e       0x3a Utilities/TRACER_EMB/tracer_emb_hw.o
 .text.LL_GPIO_SetAFPin_0_7
                0x0000000000017288       0x4a Utilities/TRACER_EMB/tracer_emb_hw.o
 .text.LL_USART_Enable
                0x00000000000172d2       0x1c Utilities/TRACER_EMB/tracer_emb_hw.o
 .text.LL_USART_Disable
                0x00000000000172ee       0x1e Utilities/TRACER_EMB/tracer_emb_hw.o
 .text.LL_USART_EnableDirectionRx
                0x000000000001730c       0x1c Utilities/TRACER_EMB/tracer_emb_hw.o
 .text.LL_USART_IsActiveFlag_TEACK
                0x0000000000017328       0x2c Utilities/TRACER_EMB/tracer_emb_hw.o
 .text.LL_USART_EnableIT_RXNE
                0x0000000000017354       0x1c Utilities/TRACER_EMB/tracer_emb_hw.o
 .text.LL_USART_EnableIT_ERROR
                0x0000000000017370       0x1c Utilities/TRACER_EMB/tracer_emb_hw.o
 .text.LL_USART_EnableDMAReq_TX
                0x000000000001738c       0x1c Utilities/TRACER_EMB/tracer_emb_hw.o
 .text.LL_USART_DMA_GetRegAddr
                0x00000000000173a8       0x2a Utilities/TRACER_EMB/tracer_emb_hw.o
 *fill*         0x00000000000173d2        0x2 
 .text.LL_AHB1_GRP1_EnableClock
                0x00000000000173d4       0x2c Utilities/TRACER_EMB/tracer_emb_hw.o
 .text.LL_APB1_GRP1_EnableClock
                0x0000000000017400       0x2c Utilities/TRACER_EMB/tracer_emb_hw.o
 .text.LL_APB1_GRP1_DisableClock
                0x000000000001742c       0x24 Utilities/TRACER_EMB/tracer_emb_hw.o
 .text.LL_DMA_EnableChannel
                0x0000000000017450       0x3c Utilities/TRACER_EMB/tracer_emb_hw.o
 .text.LL_DMA_ConfigTransfer
                0x000000000001748c       0x48 Utilities/TRACER_EMB/tracer_emb_hw.o
 .text.LL_DMA_GetDataTransferDirection
                0x00000000000174d4       0x30 Utilities/TRACER_EMB/tracer_emb_hw.o
 .text.LL_DMA_SetDataLength
                0x0000000000017504       0x40 Utilities/TRACER_EMB/tracer_emb_hw.o
 .text.LL_DMA_ConfigAddresses
                0x0000000000017544       0x6c Utilities/TRACER_EMB/tracer_emb_hw.o
 .text.LL_DMA_EnableIT_TC
                0x00000000000175b0       0x3c Utilities/TRACER_EMB/tracer_emb_hw.o
 .text.HW_TRACER_EMB_Init
                0x00000000000175ec      0x17c Utilities/TRACER_EMB/tracer_emb_hw.o
                0x00000000000175ec                HW_TRACER_EMB_Init
 .text.HW_TRACER_EMB_RegisterRxCallback
                0x0000000000017768       0x24 Utilities/TRACER_EMB/tracer_emb_hw.o
                0x0000000000017768                HW_TRACER_EMB_RegisterRxCallback
 .text.HW_TRACER_EMB_StartRX
                0x000000000001778c       0x34 Utilities/TRACER_EMB/tracer_emb_hw.o
                0x000000000001778c                HW_TRACER_EMB_StartRX
 .text.HW_TRACER_EMB_SendData
                0x00000000000177c0       0x6c Utilities/TRACER_EMB/tracer_emb_hw.o
                0x00000000000177c0                HW_TRACER_EMB_SendData
 .text          0x000000000001782c     0x5aa2 ../../../../../../../Middlewares/ST/STM32_USBPD_Library/Core/lib\USBPDTCPM_PD3_CONFIG_1_CM0_wc32.a(usbpd_pe.o)
                0x000000000001782c                USBPD_PE_Init
                0x0000000000017908                USBPD_PE_SetTrace
                0x0000000000017914                USBPD_PE_CheckLIB
                0x0000000000017922                USBPD_PE_GetMemoryConsumption
                0x0000000000017930                USBPD_PE_TimerCounter
                0x00000000000179a0                USBPD_PE_TimerCounteUpdate
                0x0000000000017a60                USBPD_PE_IsCableConnected
                0x0000000000017aac                USBPD_PE_StateMachine_SRC
                0x0000000000018da8                USBPD_PE_StateMachine_SNK
                0x000000000001a008                PE_StateMachine_SNK_ReadyWait
                0x000000000001a15e                USBPD_PE_StateMachine_DRP
                0x000000000001a17c                USBPD_PE_InitVDM_Callback
                0x000000000001a18c                USBPD_PE_SVDM_RequestIdentity
                0x000000000001a1f4                USBPD_PE_SVDM_RequestSVID
                0x000000000001a256                USBPD_PE_SVDM_RequestMode
                0x000000000001a2bc                USBPD_PE_SVDM_RequestModeEnter
                0x000000000001a338                USBPD_PE_SVDM_RequestModeExit
                0x000000000001a3b4                USBPD_PE_SVDM_RequestSpecific
                0x000000000001a420                USBPD_PE_UVDM_RequestMessage
                0x000000000001a47a                USBPD_PE_Request_HardReset
                0x000000000001a498                USBPD_PE_Request_CableReset
                0x000000000001a4c0                USBPD_PE_Request_CtrlMessage
                0x000000000001a6c0                USBPD_PE_Request_DataMessage
                0x000000000001a770                USBPD_PE_Send_Request
                0x000000000001a7c0                USBPD_PE_SendExtendedMessage
                0x000000000001aa10                PE_Send_RESET
                0x000000000001aaa8                PE_StateMachine_VDMCable
                0x000000000001ad88                PE_StateMachine_VDM
                0x000000000001b5de                PE_Get_SpecRevision
                0x000000000001b60e                PE_Check_RxEvent
                0x000000000001b672                PE_Check_AMSConflict
                0x000000000001bef0                PE_PRL_HardResetReceived
                0x000000000001bf48                PE_PRL_BistCompleted
                0x000000000001bf4a                PE_Reset
                0x000000000001c0de                PE_ResetDuringSwap
                0x000000000001c2d4                PE_PRL_PostReceiveEvent
                0x000000000001c31a                PE_PRL_PostReceiveEventComplete
                0x000000000001d2c4                PE_Trace_Empty
                0x000000000001d2c6                USBPD_PE_ExecFastRoleSwapSignalling
 *fill*         0x000000000001d2ce        0x2 
 .text          0x000000000001d2d0      0xaea ../../../../../../../Middlewares/ST/STM32_USBPD_Library/Core/lib\USBPDTCPM_PD3_CONFIG_1_CM0_wc32.a(usbpd_prl.o)
                0x000000000001d2d0                USBPD_PRL_TimerCounter
                0x000000000001d2f4                USBPD_PRL_Init
                0x000000000001d398                USBPD_PRL_GetMemoryConsumption
                0x000000000001d39e                USBPD_PRL_SetHeader
                0x000000000001d3da                USBPD_PRL_SetHeaderPowerRole
                0x000000000001d402                USBPD_PRL_SetHeaderDataRole
                0x000000000001d42a                USBPD_PRL_SetHeaderSpecification
                0x000000000001d454                USBPD_PRL_CBL_SetHeaderSpecification
                0x000000000001d474                USBPD_PRL_SRCSetSinkNG
                0x000000000001d47c                USBPD_PRL_SRCReleaseSinkNG
                0x000000000001d498                USBPD_PRL_IsResistor_SinkTxOK
                0x000000000001d4a0                USBPD_PRL_FastRoleSwapSignalling
                0x000000000001d4a8                USBPD_PRL_SOPCapability
                0x000000000001d4b0                USBPD_PRL_SendMessage
                0x000000000001d68c                USBPD_PRL_ResetRequestReset
                0x000000000001d6a0                USBPD_PRL_ResetRequestProcess
                0x000000000001d74a                USBDPD_PRL_BistCarrierEyeMode
                0x000000000001d75a                USBDPD_PRL_BistCarrierEyeModeExit
                0x000000000001d782                USBPD_PRL_Reset
                0x000000000001d7d8                USBPD_PRL_DeInit
                0x000000000001d7da                USBPD_PRL_EnableRX
                0x000000000001d7e6                USBPD_PRL_DisableRX
                0x000000000001dc70                USBPD_PRL_PowerSinkReset
                0x000000000001dcf4                USBPD_PRL_PrepareExtendedTxChunkSending
                0x000000000001dd48                USBPD_PRL_PrepareChunkRequest
 *fill*         0x000000000001ddba        0x2 
 .text          0x000000000001ddbc      0x85c ../../../../../../../Middlewares/ST/STM32_USBPD_Library/Core/lib\USBPDTCPM_PD3_CONFIG_1_CM0_wc32.a(usbpd_tcpm.o)
                0x000000000001ddbc                USBPD_TCPM_HWInit
                0x000000000001de68                USBPD_TCPM_set_cc
                0x000000000001de7a                USBPD_TCPM_VBUS_GetVoltage
                0x000000000001dea8                USBPD_TCPM_VBUS_IsVsafe0V
                0x000000000001ded8                USBPD_TCPM_VBUS_IsVsafe5V
                0x000000000001df04                USBPD_TCPM_VBUS_Enable
                0x000000000001df0a                USBPD_TCPM_VBUS_Disable
                0x000000000001df50                USBPD_TCPM_alert
                0x000000000001e1fc                USBPD_PHY_Init
                0x000000000001e236                USBPD_PHY_Reset
                0x000000000001e238                USBPD_PHY_SOPSupported
                0x000000000001e24c                USBPD_TCPM_DeInit
                0x000000000001e25a                USBPD_TCPM_get_cc
                0x000000000001e26c                USBPD_TCPM_set_polarity
                0x000000000001e284                USBPD_TCPM_set_vconn
                0x000000000001e296                USBPD_TCPM_set_msg_header
                0x000000000001e2a8                USBPD_TCPM_set_rx_state
                0x000000000001e2be                USBPD_TCPM_get_message
                0x000000000001e2d0                USBPD_TCPM_transmit
                0x000000000001e2f6                USBPD_PHY_ResetRequest
                0x000000000001e316                USBPD_PHY_Send_BIST_Pattern
                0x000000000001e32a                USBPD_TCPM_Send_BIST_Pattern
                0x000000000001e34e                USBPD_PHY_SetResistor_SinkTxNG
                0x000000000001e366                USBPD_PHY_SetResistor_SinkTxOK
                0x000000000001e37e                USBPD_PHY_IsResistor_SinkTxOk
                0x000000000001e39c                USBPD_PHY_FastRoleSwapSignalling
                0x000000000001e39e                USBPD_PHY_EnableRX
                0x000000000001e3b6                USBPD_PHY_DisableRX
                0x000000000001e3ce                USBPD_TCPM_CADDetection
 .text.__aeabi_memclr
                0x000000000001e618        0xa c:/st/stm32cubeide_1.1.0/stm32cubeide/plugins/com.st.stm32cube.ide.mcu.externaltools.gnu-tools-for-stm32.7-2018-q2-update.win32_1.0.0.201904181610/tools/bin/../lib/gcc/arm-none-eabi/7.3.1/../../../../arm-none-eabi/lib/thumb/v6-m\libc_nano.a(lib_a-aeabi_memclr.o)
                0x000000000001e618                __aeabi_memclr
                0x000000000001e618                __aeabi_memclr4
                0x000000000001e618                __aeabi_memclr8
 .text.__aeabi_memcpy
                0x000000000001e622        0x8 c:/st/stm32cubeide_1.1.0/stm32cubeide/plugins/com.st.stm32cube.ide.mcu.externaltools.gnu-tools-for-stm32.7-2018-q2-update.win32_1.0.0.201904181610/tools/bin/../lib/gcc/arm-none-eabi/7.3.1/../../../../arm-none-eabi/lib/thumb/v6-m\libc_nano.a(lib_a-aeabi_memcpy.o)
                0x000000000001e622                __aeabi_memcpy4
                0x000000000001e622                __aeabi_memcpy8
                0x000000000001e622                __aeabi_memcpy
 .text.__aeabi_memset
                0x000000000001e62a        0xe c:/st/stm32cubeide_1.1.0/stm32cubeide/plugins/com.st.stm32cube.ide.mcu.externaltools.gnu-tools-for-stm32.7-2018-q2-update.win32_1.0.0.201904181610/tools/bin/../lib/gcc/arm-none-eabi/7.3.1/../../../../arm-none-eabi/lib/thumb/v6-m\libc_nano.a(lib_a-aeabi_memset.o)
                0x000000000001e62a                __aeabi_memset8
                0x000000000001e62a                __aeabi_memset4
                0x000000000001e62a                __aeabi_memset
 .text.__libc_init_array
                0x000000000001e638       0x48 c:/st/stm32cubeide_1.1.0/stm32cubeide/plugins/com.st.stm32cube.ide.mcu.externaltools.gnu-tools-for-stm32.7-2018-q2-update.win32_1.0.0.201904181610/tools/bin/../lib/gcc/arm-none-eabi/7.3.1/../../../../arm-none-eabi/lib/thumb/v6-m\libc_nano.a(lib_a-init.o)
                0x000000000001e638                __libc_init_array
 .text.malloc   0x000000000001e680       0x14 c:/st/stm32cubeide_1.1.0/stm32cubeide/plugins/com.st.stm32cube.ide.mcu.externaltools.gnu-tools-for-stm32.7-2018-q2-update.win32_1.0.0.201904181610/tools/bin/../lib/gcc/arm-none-eabi/7.3.1/../../../../arm-none-eabi/lib/thumb/v6-m\libc_nano.a(lib_a-malloc.o)
                0x000000000001e680                malloc
 .text.memcpy   0x000000000001e694       0x12 c:/st/stm32cubeide_1.1.0/stm32cubeide/plugins/com.st.stm32cube.ide.mcu.externaltools.gnu-tools-for-stm32.7-2018-q2-update.win32_1.0.0.201904181610/tools/bin/../lib/gcc/arm-none-eabi/7.3.1/../../../../arm-none-eabi/lib/thumb/v6-m\libc_nano.a(lib_a-memcpy-stub.o)
                0x000000000001e694                memcpy
 .text.memset   0x000000000001e6a6       0x10 c:/st/stm32cubeide_1.1.0/stm32cubeide/plugins/com.st.stm32cube.ide.mcu.externaltools.gnu-tools-for-stm32.7-2018-q2-update.win32_1.0.0.201904181610/tools/bin/../lib/gcc/arm-none-eabi/7.3.1/../../../../arm-none-eabi/lib/thumb/v6-m\libc_nano.a(lib_a-memset.o)
                0x000000000001e6a6                memset
 *fill*         0x000000000001e6b6        0x2 
 .text._free_r  0x000000000001e6b8       0x94 c:/st/stm32cubeide_1.1.0/stm32cubeide/plugins/com.st.stm32cube.ide.mcu.externaltools.gnu-tools-for-stm32.7-2018-q2-update.win32_1.0.0.201904181610/tools/bin/../lib/gcc/arm-none-eabi/7.3.1/../../../../arm-none-eabi/lib/thumb/v6-m\libc_nano.a(lib_a-nano-freer.o)
                0x000000000001e6b8                _free_r
 .text._malloc_r
                0x000000000001e74c       0xbc c:/st/stm32cubeide_1.1.0/stm32cubeide/plugins/com.st.stm32cube.ide.mcu.externaltools.gnu-tools-for-stm32.7-2018-q2-update.win32_1.0.0.201904181610/tools/bin/../lib/gcc/arm-none-eabi/7.3.1/../../../../arm-none-eabi/lib/thumb/v6-m\libc_nano.a(lib_a-nano-mallocr.o)
                0x000000000001e74c                _malloc_r
 .text._sbrk_r  0x000000000001e808       0x24 c:/st/stm32cubeide_1.1.0/stm32cubeide/plugins/com.st.stm32cube.ide.mcu.externaltools.gnu-tools-for-stm32.7-2018-q2-update.win32_1.0.0.201904181610/tools/bin/../lib/gcc/arm-none-eabi/7.3.1/../../../../arm-none-eabi/lib/thumb/v6-m\libc_nano.a(lib_a-sbrkr.o)
                0x000000000001e808                _sbrk_r
 .text.sprintf  0x000000000001e82c       0x40 c:/st/stm32cubeide_1.1.0/stm32cubeide/plugins/com.st.stm32cube.ide.mcu.externaltools.gnu-tools-for-stm32.7-2018-q2-update.win32_1.0.0.201904181610/tools/bin/../lib/gcc/arm-none-eabi/7.3.1/../../../../arm-none-eabi/lib/thumb/v6-m\libc_nano.a(lib_a-sprintf.o)
                0x000000000001e82c                siprintf
                0x000000000001e82c                sprintf
 .text          0x000000000001e86c        0xe c:/st/stm32cubeide_1.1.0/stm32cubeide/plugins/com.st.stm32cube.ide.mcu.externaltools.gnu-tools-for-stm32.7-2018-q2-update.win32_1.0.0.201904181610/tools/bin/../lib/gcc/arm-none-eabi/7.3.1/../../../../arm-none-eabi/lib/thumb/v6-m\libc_nano.a(lib_a-strlen.o)
                0x000000000001e86c                strlen
 .text.__malloc_lock
                0x000000000001e87a        0x2 c:/st/stm32cubeide_1.1.0/stm32cubeide/plugins/com.st.stm32cube.ide.mcu.externaltools.gnu-tools-for-stm32.7-2018-q2-update.win32_1.0.0.201904181610/tools/bin/../lib/gcc/arm-none-eabi/7.3.1/../../../../arm-none-eabi/lib/thumb/v6-m\libc_nano.a(lib_a-mlock.o)
                0x000000000001e87a                __malloc_lock
 .text.__malloc_unlock
                0x000000000001e87c        0x2 c:/st/stm32cubeide_1.1.0/stm32cubeide/plugins/com.st.stm32cube.ide.mcu.externaltools.gnu-tools-for-stm32.7-2018-q2-update.win32_1.0.0.201904181610/tools/bin/../lib/gcc/arm-none-eabi/7.3.1/../../../../arm-none-eabi/lib/thumb/v6-m\libc_nano.a(lib_a-mlock.o)
                0x000000000001e87c                __malloc_unlock
 *fill*         0x000000000001e87e        0x2 
 .text.__ssputs_r
                0x000000000001e880       0xc4 c:/st/stm32cubeide_1.1.0/stm32cubeide/plugins/com.st.stm32cube.ide.mcu.externaltools.gnu-tools-for-stm32.7-2018-q2-update.win32_1.0.0.201904181610/tools/bin/../lib/gcc/arm-none-eabi/7.3.1/../../../../arm-none-eabi/lib/thumb/v6-m\libc_nano.a(lib_a-nano-svfprintf.o)
                0x000000000001e880                __ssputs_r
 .text._svfprintf_r
                0x000000000001e944      0x1fc c:/st/stm32cubeide_1.1.0/stm32cubeide/plugins/com.st.stm32cube.ide.mcu.externaltools.gnu-tools-for-stm32.7-2018-q2-update.win32_1.0.0.201904181610/tools/bin/../lib/gcc/arm-none-eabi/7.3.1/../../../../arm-none-eabi/lib/thumb/v6-m\libc_nano.a(lib_a-nano-svfprintf.o)
                0x000000000001e944                _svfiprintf_r
                0x000000000001e944                _svfprintf_r
 .text._printf_common
                0x000000000001eb40       0xda c:/st/stm32cubeide_1.1.0/stm32cubeide/plugins/com.st.stm32cube.ide.mcu.externaltools.gnu-tools-for-stm32.7-2018-q2-update.win32_1.0.0.201904181610/tools/bin/../lib/gcc/arm-none-eabi/7.3.1/../../../../arm-none-eabi/lib/thumb/v6-m\libc_nano.a(lib_a-nano-vfprintf_i.o)
                0x000000000001eb40                _printf_common
 *fill*         0x000000000001ec1a        0x2 
 .text._printf_i
                0x000000000001ec1c      0x210 c:/st/stm32cubeide_1.1.0/stm32cubeide/plugins/com.st.stm32cube.ide.mcu.externaltools.gnu-tools-for-stm32.7-2018-q2-update.win32_1.0.0.201904181610/tools/bin/../lib/gcc/arm-none-eabi/7.3.1/../../../../arm-none-eabi/lib/thumb/v6-m\libc_nano.a(lib_a-nano-vfprintf_i.o)
                0x000000000001ec1c                _printf_i
 .text.memchr   0x000000000001ee2c       0x16 c:/st/stm32cubeide_1.1.0/stm32cubeide/plugins/com.st.stm32cube.ide.mcu.externaltools.gnu-tools-for-stm32.7-2018-q2-update.win32_1.0.0.201904181610/tools/bin/../lib/gcc/arm-none-eabi/7.3.1/../../../../arm-none-eabi/lib/thumb/v6-m\libc_nano.a(lib_a-memchr-stub.o)
                0x000000000001ee2c                memchr
 .text.memmove  0x000000000001ee42       0x26 c:/st/stm32cubeide_1.1.0/stm32cubeide/plugins/com.st.stm32cube.ide.mcu.externaltools.gnu-tools-for-stm32.7-2018-q2-update.win32_1.0.0.201904181610/tools/bin/../lib/gcc/arm-none-eabi/7.3.1/../../../../arm-none-eabi/lib/thumb/v6-m\libc_nano.a(lib_a-memmove.o)
                0x000000000001ee42                memmove
 .text._realloc_r
                0x000000000001ee68       0x4c c:/st/stm32cubeide_1.1.0/stm32cubeide/plugins/com.st.stm32cube.ide.mcu.externaltools.gnu-tools-for-stm32.7-2018-q2-update.win32_1.0.0.201904181610/tools/bin/../lib/gcc/arm-none-eabi/7.3.1/../../../../arm-none-eabi/lib/thumb/v6-m\libc_nano.a(lib_a-nano-reallocr.o)
                0x000000000001ee68                _realloc_r
 .text._malloc_usable_size_r
                0x000000000001eeb4       0x10 c:/st/stm32cubeide_1.1.0/stm32cubeide/plugins/com.st.stm32cube.ide.mcu.externaltools.gnu-tools-for-stm32.7-2018-q2-update.win32_1.0.0.201904181610/tools/bin/../lib/gcc/arm-none-eabi/7.3.1/../../../../arm-none-eabi/lib/thumb/v6-m\libc_nano.a(lib_a-nano-msizer.o)
                0x000000000001eeb4                _malloc_usable_size_r
 .text          0x000000000001eec4      0x114 c:/st/stm32cubeide_1.1.0/stm32cubeide/plugins/com.st.stm32cube.ide.mcu.externaltools.gnu-tools-for-stm32.7-2018-q2-update.win32_1.0.0.201904181610/tools/bin/../lib/gcc/arm-none-eabi/7.3.1/thumb/v6-m\libgcc.a(_udivsi3.o)
                0x000000000001eec4                __aeabi_uidiv
                0x000000000001eec4                __udivsi3
                0x000000000001efd0                __aeabi_uidivmod
 .text          0x000000000001efd8      0x1d4 c:/st/stm32cubeide_1.1.0/stm32cubeide/plugins/com.st.stm32cube.ide.mcu.externaltools.gnu-tools-for-stm32.7-2018-q2-update.win32_1.0.0.201904181610/tools/bin/../lib/gcc/arm-none-eabi/7.3.1/thumb/v6-m\libgcc.a(_divsi3.o)
                0x000000000001efd8                __divsi3
                0x000000000001efd8                __aeabi_idiv
                0x000000000001f1a4                __aeabi_idivmod
 .text          0x000000000001f1ac        0x4 c:/st/stm32cubeide_1.1.0/stm32cubeide/plugins/com.st.stm32cube.ide.mcu.externaltools.gnu-tools-for-stm32.7-2018-q2-update.win32_1.0.0.201904181610/tools/bin/../lib/gcc/arm-none-eabi/7.3.1/thumb/v6-m\libgcc.a(_dvmd_tls.o)
                0x000000000001f1ac                __aeabi_idiv0
                0x000000000001f1ac                __aeabi_ldiv0
 .text._sbrk    0x000000000001f1b0       0x20 c:/st/stm32cubeide_1.1.0/stm32cubeide/plugins/com.st.stm32cube.ide.mcu.externaltools.gnu-tools-for-stm32.7-2018-q2-update.win32_1.0.0.201904181610/tools/bin/../lib/gcc/arm-none-eabi/7.3.1/../../../../arm-none-eabi/lib/thumb/v6-m\libnosys.a(sbrk.o)
                0x000000000001f1b0                _sbrk
 .text._exit    0x000000000001f1d0        0x2 c:/st/stm32cubeide_1.1.0/stm32cubeide/plugins/com.st.stm32cube.ide.mcu.externaltools.gnu-tools-for-stm32.7-2018-q2-update.win32_1.0.0.201904181610/tools/bin/../lib/gcc/arm-none-eabi/7.3.1/../../../../arm-none-eabi/lib/thumb/v6-m\libnosys.a(_exit.o)
                0x000000000001f1d0                _exit
 *(.gnu.warning)
 *(.glue_7t)
 .glue_7t       0x000000000001f1d2        0x0 linker stubs
 *(.glue_7)
 .glue_7        0x000000000001f1d2        0x0 linker stubs
 *(.vfp11_veneer)
 .vfp11_veneer  0x000000000001f1d2        0x0 linker stubs
 *(.v4_bx)
 .v4_bx         0x000000000001f1d2        0x0 linker stubs

.fini           0x000000000001f1d4        0xc
 *(SORT_NONE(.fini))
 .fini          0x000000000001f1d4        0x4 c:/st/stm32cubeide_1.1.0/stm32cubeide/plugins/com.st.stm32cube.ide.mcu.externaltools.gnu-tools-for-stm32.7-2018-q2-update.win32_1.0.0.201904181610/tools/bin/../lib/gcc/arm-none-eabi/7.3.1/thumb/v6-m/crti.o
                0x000000000001f1d4                _fini
 .fini          0x000000000001f1d8        0x8 c:/st/stm32cubeide_1.1.0/stm32cubeide/plugins/com.st.stm32cube.ide.mcu.externaltools.gnu-tools-for-stm32.7-2018-q2-update.win32_1.0.0.201904181610/tools/bin/../lib/gcc/arm-none-eabi/7.3.1/thumb/v6-m/crtn.o
                [!provide]                        PROVIDE (__etext = .)
                [!provide]                        PROVIDE (_etext = .)
                [!provide]                        PROVIDE (etext = .)

.rodata         0x000000000001f1e0      0xc2b
 *(.rodata .rodata.* .gnu.linkonce.r.*)
 .rodata        0x000000000001f1e0       0x9e Application/User/usbpd_dpm_user.o
 *fill*         0x000000000001f27e        0x2 
 .rodata.os_thread_def_DPM
                0x000000000001f280       0x14 Application/User/usbpd_dpm_user.o
                0x000000000001f280                os_thread_def_DPM
 .rodata.USBPD_DPM_GetDataInfo
                0x000000000001f294       0x50 Application/User/usbpd_dpm_user.o
 .rodata.USBPD_DPM_SetDataInfo
                0x000000000001f2e4       0x50 Application/User/usbpd_dpm_user.o
 .rodata        0x000000000001f334       0x3a Application/User/usbpd_pwr_if.o
 *fill*         0x000000000001f36e        0x2 
 .rodata.vdmCallbacks
                0x000000000001f370       0x44 Application/User/usbpd_vdm_user.o
                0x000000000001f370                vdmCallbacks
 .rodata.USBPD_VDM_InformIdentity
                0x000000000001f3b4       0x18 Application/User/usbpd_vdm_user.o
 .rodata        0x000000000001f3cc      0x135 Drivers/BSP/Components/fusb305.o
 *fill*         0x000000000001f501        0x3 
 .rodata.os_semaphore_def_sem_i2c_res
                0x000000000001f504        0x4 Drivers/BSP/STM32F0xx-Nucleo/usbpd_tcpci.o
                0x000000000001f504                os_semaphore_def_sem_i2c_res
 .rodata.os_semaphore_def_sem_i2c_cplt
                0x000000000001f508        0x4 Drivers/BSP/STM32F0xx-Nucleo/usbpd_tcpci.o
                0x000000000001f508                os_semaphore_def_sem_i2c_cplt
 .rodata.HWBoardVersionName
                0x000000000001f50c        0xc Drivers/BSP/STM32F0xx-Nucleo/usbpd_tcpci.o
                0x000000000001f50c                HWBoardVersionName
 .rodata.PDTypeName
                0x000000000001f518        0x5 Drivers/BSP/STM32F0xx-Nucleo/usbpd_tcpci.o
                0x000000000001f518                PDTypeName
 *fill*         0x000000000001f51d        0x3 
 .rodata        0x000000000001f520       0x2a Drivers/BSP/STM32F0xx-Nucleo/usbpd_tcpci.o
 *fill*         0x000000000001f54a        0x2 
 .rodata.AHBPrescTable
                0x000000000001f54c       0x10 Drivers/CMSIS/system_stm32f0xx.o
                0x000000000001f54c                AHBPrescTable
 .rodata.APBPrescTable
                0x000000000001f55c        0x8 Drivers/CMSIS/system_stm32f0xx.o
                0x000000000001f55c                APBPrescTable
 .rodata        0x000000000001f564       0x37 Middlewares/ST/STM32_USBPD_Library/Core/usbpd_dpm_core.o
 *fill*         0x000000000001f59b        0x1 
 .rodata.os_thread_def_PE_0
                0x000000000001f59c       0x14 Middlewares/ST/STM32_USBPD_Library/Core/usbpd_dpm_core.o
                0x000000000001f59c                os_thread_def_PE_0
 .rodata.os_thread_def_PE_1
                0x000000000001f5b0       0x14 Middlewares/ST/STM32_USBPD_Library/Core/usbpd_dpm_core.o
                0x000000000001f5b0                os_thread_def_PE_1
 .rodata.os_messageQ_def_queuePE
                0x000000000001f5c4        0x8 Middlewares/ST/STM32_USBPD_Library/Core/usbpd_dpm_core.o
                0x000000000001f5c4                os_messageQ_def_queuePE
 .rodata.os_thread_def_ALERTTask
                0x000000000001f5cc       0x14 Middlewares/ST/STM32_USBPD_Library/Core/usbpd_dpm_core.o
                0x000000000001f5cc                os_thread_def_ALERTTask
 .rodata.os_thread_def_TRA_TX
                0x000000000001f5e0       0x14 Middlewares/ST/STM32_USBPD_Library/Core/usbpd_dpm_core.o
                0x000000000001f5e0                os_thread_def_TRA_TX
 .rodata.os_messageQ_def_queueTRACE
                0x000000000001f5f4        0x8 Middlewares/ST/STM32_USBPD_Library/Core/usbpd_dpm_core.o
                0x000000000001f5f4                os_messageQ_def_queueTRACE
 .rodata.CAD_cbs.9348
                0x000000000001f5fc        0x8 Middlewares/ST/STM32_USBPD_Library/Core/usbpd_dpm_core.o
 .rodata.dpmCallbacks.9347
                0x000000000001f604       0x40 Middlewares/ST/STM32_USBPD_Library/Core/usbpd_dpm_core.o
 .rodata        0x000000000001f644        0x5 Middlewares/Third_Party/FreeRTOS/tasks.o
 *fill*         0x000000000001f649        0x3 
 .rodata        0x000000000001f64c       0x57 Utilities/GUI_INTERFACE/gui_api.o
 *fill*         0x000000000001f6a3        0x1 
 .rodata.GUI_GetMessage
                0x000000000001f6a4       0x14 Utilities/GUI_INTERFACE/gui_api.o
 .rodata.GUI_SendAnswer
                0x000000000001f6b8       0x44 Utilities/GUI_INTERFACE/gui_api.o
 .rodata.GUI_SendNotification
                0x000000000001f6fc      0x150 Utilities/GUI_INTERFACE/gui_api.o
 .rodata.GUI_SaveInfo
                0x000000000001f84c       0x54 Utilities/GUI_INTERFACE/gui_api.o
 .rodata.Request_MessageReq
                0x000000000001f8a0       0xb0 Utilities/GUI_INTERFACE/gui_api.o
 .rodata.Send_DpmConfigSetCnf
                0x000000000001f950       0x74 Utilities/GUI_INTERFACE/gui_api.o
 .rodata.Send_DpmRegisterReadCnf
                0x000000000001f9c4      0x204 Utilities/GUI_INTERFACE/gui_api.o
 .rodata.Send_DpmRegisterWriteCnf
                0x000000000001fbc8      0x204 Utilities/GUI_INTERFACE/gui_api.o
 .rodata.CHANNEL_OFFSET_TAB
                0x000000000001fdcc        0x7 Utilities/TRACER_EMB/tracer_emb_hw.o
 *fill*         0x000000000001fdd3        0x1 
 .rodata._global_impure_ptr
                0x000000000001fdd4        0x4 c:/st/stm32cubeide_1.1.0/stm32cubeide/plugins/com.st.stm32cube.ide.mcu.externaltools.gnu-tools-for-stm32.7-2018-q2-update.win32_1.0.0.201904181610/tools/bin/../lib/gcc/arm-none-eabi/7.3.1/../../../../arm-none-eabi/lib/thumb/v6-m\libc_nano.a(lib_a-impure.o)
                0x000000000001fdd4                _global_impure_ptr
 .rodata._svfprintf_r.str1.1
                0x000000000001fdd8       0x11 c:/st/stm32cubeide_1.1.0/stm32cubeide/plugins/com.st.stm32cube.ide.mcu.externaltools.gnu-tools-for-stm32.7-2018-q2-update.win32_1.0.0.201904181610/tools/bin/../lib/gcc/arm-none-eabi/7.3.1/../../../../arm-none-eabi/lib/thumb/v6-m\libc_nano.a(lib_a-nano-svfprintf.o)
 .rodata._printf_i.str1.1
                0x000000000001fde9       0x22 c:/st/stm32cubeide_1.1.0/stm32cubeide/plugins/com.st.stm32cube.ide.mcu.externaltools.gnu-tools-for-stm32.7-2018-q2-update.win32_1.0.0.201904181610/tools/bin/../lib/gcc/arm-none-eabi/7.3.1/../../../../arm-none-eabi/lib/thumb/v6-m\libc_nano.a(lib_a-nano-vfprintf_i.o)

.rodata1
 *(.rodata1)

.ARM.extab
 *(.ARM.extab* .gnu.linkonce.armextab.*)
                [!provide]                        PROVIDE (__exidx_start = .)

.ARM.exidx      0x000000000001fe0c        0x8
 *(.ARM.exidx* .gnu.linkonce.armexidx.*)
 .ARM.exidx     0x000000000001fe0c        0x8 c:/st/stm32cubeide_1.1.0/stm32cubeide/plugins/com.st.stm32cube.ide.mcu.externaltools.gnu-tools-for-stm32.7-2018-q2-update.win32_1.0.0.201904181610/tools/bin/../lib/gcc/arm-none-eabi/7.3.1/../../../../arm-none-eabi/lib/thumb/v6-m/crt0.o
                [!provide]                        PROVIDE (__exidx_end = .)

.eh_frame_hdr
 *(.eh_frame_hdr)
 *(.eh_frame_entry .eh_frame_entry.*)

.eh_frame       0x000000000001fe14        0x4
 *(.eh_frame)
 .eh_frame      0x000000000001fe14        0x0 c:/st/stm32cubeide_1.1.0/stm32cubeide/plugins/com.st.stm32cube.ide.mcu.externaltools.gnu-tools-for-stm32.7-2018-q2-update.win32_1.0.0.201904181610/tools/bin/../lib/gcc/arm-none-eabi/7.3.1/thumb/v6-m/crtbegin.o
 .eh_frame      0x000000000001fe14        0x4 c:/st/stm32cubeide_1.1.0/stm32cubeide/plugins/com.st.stm32cube.ide.mcu.externaltools.gnu-tools-for-stm32.7-2018-q2-update.win32_1.0.0.201904181610/tools/bin/../lib/gcc/arm-none-eabi/7.3.1/thumb/v6-m/crtend.o
 *(.eh_frame.*)

.gcc_except_table
 *(.gcc_except_table .gcc_except_table.*)

.gnu_extab
 *(.gnu_extab*)

.exception_ranges
 *(.exception_ranges .exception_ranges*)
                0x000000000002fe18                . = (ALIGN (CONSTANT (MAXPAGESIZE)) + (. & (CONSTANT (MAXPAGESIZE) - 0x1)))

.eh_frame
 *(.eh_frame)
 *(.eh_frame.*)

.gnu_extab
 *(.gnu_extab)

.gcc_except_table
 *(.gcc_except_table .gcc_except_table.*)

.exception_ranges
 *(.exception_ranges .exception_ranges*)

.tdata
 *(.tdata .tdata.* .gnu.linkonce.td.*)

.tbss
 *(.tbss .tbss.* .gnu.linkonce.tb.*)
 *(.tcommon)

.preinit_array  0x000000000002fe18        0x0
                0x000000000002fe18                PROVIDE (__preinit_array_start = .)
 *(.preinit_array)
                0x000000000002fe18                PROVIDE (__preinit_array_end = .)

.init_array     0x000000000002fe18        0x4